support.h:17:20:nRF24_CE_H	8	static
main.c:101:6:HAL_GPIO_EXTI_Callback	24	static
main.c:146:6:HAL_SPI_TxRxCpltCallback	16	static
main.c:159:6:nRF24SetChip	8	static
main.c:176:6:inicilizirajCipe	8	static
main.c:192:6:getDrift	40	static
main.c:224:5:main	16	static
main.c:346:6:SystemClock_Config	88	static
main.c:390:13:MX_I2C1_Init	8	static
main.c:424:13:MX_SPI1_Init	8	static
main.c:462:13:MX_SPI2_Init	8	static
main.c:500:13:MX_SPI5_Init	8	static
main.c:537:13:MX_TIM2_Init	64	static
main.c:604:13:MX_TIM3_Init	64	static
main.c:661:13:MX_DMA_Init	16	static
main.c:682:13:MX_GPIO_Init	56	static
main.c:864:6:HAL_TIM_PeriodElapsedCallback	16	static
main.c:881:6:Error_Handler	4	static,ignoring_inline_asm
