support.h:17:20:nRF24_CE_H	8	static
main.c:98:6:HAL_GPIO_EXTI_Callback	16	static
main.c:138:6:HAL_SPI_TxRxCpltCallback	16	static
main.c:151:6:nRF24SetChip	8	static
main.c:168:6:inicilizirajCipe	8	static
main.c:186:6:getDrift	40	static
main.c:218:5:main	16	static
main.c:333:6:SystemClock_Config	88	static
main.c:377:13:MX_I2C1_Init	8	static
main.c:411:13:MX_SPI1_Init	8	static
main.c:449:13:MX_SPI2_Init	8	static
main.c:487:13:MX_SPI5_Init	8	static
main.c:524:13:MX_TIM2_Init	64	static
main.c:591:13:MX_TIM3_Init	64	static
main.c:648:13:MX_DMA_Init	16	static
main.c:669:13:MX_GPIO_Init	56	static
main.c:851:6:HAL_TIM_PeriodElapsedCallback	16	static
main.c:868:6:Error_Handler	4	static,ignoring_inline_asm
