main.c:142:9:i2c1_pisiRegister	32	static
main.c:147:6:i2c1_beriRegistre	32	static
main.c:153:9:spi1_beriRegister	32	static
main.c:164:6:spi1_pisiRegister	24	static
main.c:173:6:spi1_beriRegistre	16	static
main.c:180:6:nastaviPospeskometer	8	static
main.c:192:6:nastaviMagnetometer	8	static
main.c:198:6:nastaviGiroskop	16	static
main.c:227:7:normalize_v3f	32	static
main.c:234:9:izracunajPovprecjeInt16	16	static
main.c:244:6:getDrift	40	static
main.c:274:6:HAL_GPIO_EXTI_Callback	16	static
main.c:299:5:main	64	static
main.c:460:6:SystemClock_Config	88	static
main.c:504:13:MX_I2C1_Init	8	static
main.c:538:13:MX_SPI1_Init	8	static
main.c:576:13:MX_SPI5_Init	8	static
main.c:611:13:MX_DMA_Init	16	static
main.c:632:13:MX_GPIO_Init	56	static
main.c:768:6:Error_Handler	4	static,ignoring_inline_asm
