Archive member included to satisfy reference by file (symbol)

d:/windowsprograms/stm32cube/stm32cubeide_1.7.0/stm32cubeide/plugins/com.st.stm32cube.ide.mcu.externaltools.gnu-tools-for-stm32.9-2020-q2-update.win32_2.0.0.202105311346/tools/bin/../lib/gcc/arm-none-eabi/9.3.1/../../../../arm-none-eabi/lib/thumb/v7e-m+fp/hard\libc_nano.a(lib_a-errno.o)
                              ./Core/Src/syscalls.o (__errno)
d:/windowsprograms/stm32cube/stm32cubeide_1.7.0/stm32cubeide/plugins/com.st.stm32cube.ide.mcu.externaltools.gnu-tools-for-stm32.9-2020-q2-update.win32_2.0.0.202105311346/tools/bin/../lib/gcc/arm-none-eabi/9.3.1/../../../../arm-none-eabi/lib/thumb/v7e-m+fp/hard\libc_nano.a(lib_a-exit.o)
                              d:/windowsprograms/stm32cube/stm32cubeide_1.7.0/stm32cubeide/plugins/com.st.stm32cube.ide.mcu.externaltools.gnu-tools-for-stm32.9-2020-q2-update.win32_2.0.0.202105311346/tools/bin/../lib/gcc/arm-none-eabi/9.3.1/../../../../arm-none-eabi/lib/thumb/v7e-m+fp/hard/crt0.o (exit)
d:/windowsprograms/stm32cube/stm32cubeide_1.7.0/stm32cubeide/plugins/com.st.stm32cube.ide.mcu.externaltools.gnu-tools-for-stm32.9-2020-q2-update.win32_2.0.0.202105311346/tools/bin/../lib/gcc/arm-none-eabi/9.3.1/../../../../arm-none-eabi/lib/thumb/v7e-m+fp/hard\libc_nano.a(lib_a-impure.o)
                              d:/windowsprograms/stm32cube/stm32cubeide_1.7.0/stm32cubeide/plugins/com.st.stm32cube.ide.mcu.externaltools.gnu-tools-for-stm32.9-2020-q2-update.win32_2.0.0.202105311346/tools/bin/../lib/gcc/arm-none-eabi/9.3.1/../../../../arm-none-eabi/lib/thumb/v7e-m+fp/hard\libc_nano.a(lib_a-exit.o) (_global_impure_ptr)
d:/windowsprograms/stm32cube/stm32cubeide_1.7.0/stm32cubeide/plugins/com.st.stm32cube.ide.mcu.externaltools.gnu-tools-for-stm32.9-2020-q2-update.win32_2.0.0.202105311346/tools/bin/../lib/gcc/arm-none-eabi/9.3.1/../../../../arm-none-eabi/lib/thumb/v7e-m+fp/hard\libc_nano.a(lib_a-init.o)
                              d:/windowsprograms/stm32cube/stm32cubeide_1.7.0/stm32cubeide/plugins/com.st.stm32cube.ide.mcu.externaltools.gnu-tools-for-stm32.9-2020-q2-update.win32_2.0.0.202105311346/tools/bin/../lib/gcc/arm-none-eabi/9.3.1/../../../../arm-none-eabi/lib/thumb/v7e-m+fp/hard/crt0.o (__libc_init_array)
d:/windowsprograms/stm32cube/stm32cubeide_1.7.0/stm32cubeide/plugins/com.st.stm32cube.ide.mcu.externaltools.gnu-tools-for-stm32.9-2020-q2-update.win32_2.0.0.202105311346/tools/bin/../lib/gcc/arm-none-eabi/9.3.1/../../../../arm-none-eabi/lib/thumb/v7e-m+fp/hard\libc_nano.a(lib_a-memcpy-stub.o)
                              ./Middlewares/Third_Party/FreeRTOS/Source/CMSIS_RTOS_V2/cmsis_os2.o (memcpy)
d:/windowsprograms/stm32cube/stm32cubeide_1.7.0/stm32cubeide/plugins/com.st.stm32cube.ide.mcu.externaltools.gnu-tools-for-stm32.9-2020-q2-update.win32_2.0.0.202105311346/tools/bin/../lib/gcc/arm-none-eabi/9.3.1/../../../../arm-none-eabi/lib/thumb/v7e-m+fp/hard\libc_nano.a(lib_a-memset.o)
                              d:/windowsprograms/stm32cube/stm32cubeide_1.7.0/stm32cubeide/plugins/com.st.stm32cube.ide.mcu.externaltools.gnu-tools-for-stm32.9-2020-q2-update.win32_2.0.0.202105311346/tools/bin/../lib/gcc/arm-none-eabi/9.3.1/../../../../arm-none-eabi/lib/thumb/v7e-m+fp/hard/crt0.o (memset)
d:/windowsprograms/stm32cube/stm32cubeide_1.7.0/stm32cubeide/plugins/com.st.stm32cube.ide.mcu.externaltools.gnu-tools-for-stm32.9-2020-q2-update.win32_2.0.0.202105311346/tools/bin/../lib/gcc/arm-none-eabi/9.3.1/../../../../arm-none-eabi/lib/thumb/v7e-m+fp/hard\libm.a(lib_a-s_cos.o)
                              ./Core/Src/main.o (cos)
d:/windowsprograms/stm32cube/stm32cubeide_1.7.0/stm32cubeide/plugins/com.st.stm32cube.ide.mcu.externaltools.gnu-tools-for-stm32.9-2020-q2-update.win32_2.0.0.202105311346/tools/bin/../lib/gcc/arm-none-eabi/9.3.1/../../../../arm-none-eabi/lib/thumb/v7e-m+fp/hard\libm.a(lib_a-s_sin.o)
                              ./Core/Src/main.o (sin)
d:/windowsprograms/stm32cube/stm32cubeide_1.7.0/stm32cubeide/plugins/com.st.stm32cube.ide.mcu.externaltools.gnu-tools-for-stm32.9-2020-q2-update.win32_2.0.0.202105311346/tools/bin/../lib/gcc/arm-none-eabi/9.3.1/../../../../arm-none-eabi/lib/thumb/v7e-m+fp/hard\libm.a(lib_a-w_asin.o)
                              ./Core/Src/main.o (asin)
d:/windowsprograms/stm32cube/stm32cubeide_1.7.0/stm32cubeide/plugins/com.st.stm32cube.ide.mcu.externaltools.gnu-tools-for-stm32.9-2020-q2-update.win32_2.0.0.202105311346/tools/bin/../lib/gcc/arm-none-eabi/9.3.1/../../../../arm-none-eabi/lib/thumb/v7e-m+fp/hard\libm.a(lib_a-w_atan2.o)
                              ./Core/Src/main.o (atan2)
d:/windowsprograms/stm32cube/stm32cubeide_1.7.0/stm32cubeide/plugins/com.st.stm32cube.ide.mcu.externaltools.gnu-tools-for-stm32.9-2020-q2-update.win32_2.0.0.202105311346/tools/bin/../lib/gcc/arm-none-eabi/9.3.1/../../../../arm-none-eabi/lib/thumb/v7e-m+fp/hard\libm.a(lib_a-w_sqrt.o)
                              ./Core/Src/MadgwickAHRS.o (sqrt)
[...]
Memory Configuration

Name             Origin             Length             Attributes
RAM              0x0000000020000000 0x0000000000020000 xrw
FLASH            0x0000000008000000 0x0000000000080000 xr
*default*        0x0000000000000000 0xffffffffffffffff

Linker script and memory map

LOAD d:/windowsprograms/stm32cube/stm32cubeide_1.7.0/stm32cubeide/plugins/com.st.stm32cube.ide.mcu.externaltools.gnu-tools-for-stm32.9-2020-q2-update.win32_2.0.0.202105311346/tools/bin/../lib/gcc/arm-none-eabi/9.3.1/thumb/v7e-m+fp/hard/crti.o
LOAD d:/windowsprograms/stm32cube/stm32cubeide_1.7.0/stm32cubeide/plugins/com.st.stm32cube.ide.mcu.externaltools.gnu-tools-for-stm32.9-2020-q2-update.win32_2.0.0.202105311346/tools/bin/../lib/gcc/arm-none-eabi/9.3.1/thumb/v7e-m+fp/hard/crtbegin.o
LOAD d:/windowsprograms/stm32cube/stm32cubeide_1.7.0/stm32cubeide/plugins/com.st.stm32cube.ide.mcu.externaltools.gnu-tools-for-stm32.9-2020-q2-update.win32_2.0.0.202105311346/tools/bin/../lib/gcc/arm-none-eabi/9.3.1/../../../../arm-none-eabi/lib/thumb/v7e-m+fp/hard/crt0.o
LOAD ./Core/Src/MadgwickAHRS.o
LOAD ./Core/Src/freertos.o
LOAD ./Core/Src/main.o
LOAD ./Core/Src/nrf24.o
LOAD ./Core/Src/robotPeriferija.o
LOAD ./Core/Src/stm32f4xx_hal_msp.o
LOAD ./Core/Src/stm32f4xx_hal_timebase_tim.o
LOAD ./Core/Src/stm32f4xx_it.o
LOAD ./Core/Src/syscalls.o
LOAD ./Core/Src/sysmem.o
LOAD ./Core/Src/system_stm32f4xx.o
LOAD ./Core/Startup/startup_stm32f411vetx.o
LOAD ./Drivers/STM32F4xx_HAL_Driver/Src/stm32f4xx_hal.o
LOAD ./Drivers/STM32F4xx_HAL_Driver/Src/stm32f4xx_hal_cortex.o
LOAD ./Drivers/STM32F4xx_HAL_Driver/Src/stm32f4xx_hal_dma.o
LOAD ./Drivers/STM32F4xx_HAL_Driver/Src/stm32f4xx_hal_dma_ex.o
LOAD ./Drivers/STM32F4xx_HAL_Driver/Src/stm32f4xx_hal_exti.o
LOAD ./Drivers/STM32F4xx_HAL_Driver/Src/stm32f4xx_hal_flash.o
LOAD ./Drivers/STM32F4xx_HAL_Driver/Src/stm32f4xx_hal_flash_ex.o
LOAD ./Drivers/STM32F4xx_HAL_Driver/Src/stm32f4xx_hal_flash_ramfunc.o
LOAD ./Drivers/STM32F4xx_HAL_Driver/Src/stm32f4xx_hal_gpio.o
LOAD ./Drivers/STM32F4xx_HAL_Driver/Src/stm32f4xx_hal_i2c.o
LOAD ./Drivers/STM32F4xx_HAL_Driver/Src/stm32f4xx_hal_i2c_ex.o
LOAD ./Drivers/STM32F4xx_HAL_Driver/Src/stm32f4xx_hal_i2s.o
LOAD ./Drivers/STM32F4xx_HAL_Driver/Src/stm32f4xx_hal_i2s_ex.o
LOAD ./Drivers/STM32F4xx_HAL_Driver/Src/stm32f4xx_hal_pcd.o
LOAD ./Drivers/STM32F4xx_HAL_Driver/Src/stm32f4xx_hal_pcd_ex.o
LOAD ./Drivers/STM32F4xx_HAL_Driver/Src/stm32f4xx_hal_pwr.o
LOAD ./Drivers/STM32F4xx_HAL_Driver/Src/stm32f4xx_hal_pwr_ex.o
LOAD ./Drivers/STM32F4xx_HAL_Driver/Src/stm32f4xx_hal_rcc.o
LOAD ./Drivers/STM32F4xx_HAL_Driver/Src/stm32f4xx_hal_rcc_ex.o
LOAD ./Drivers/STM32F4xx_HAL_Driver/Src/stm32f4xx_hal_spi.o
LOAD ./Drivers/STM32F4xx_HAL_Driver/Src/stm32f4xx_hal_tim.o
LOAD ./Drivers/STM32F4xx_HAL_Driver/Src/stm32f4xx_hal_tim_ex.o
LOAD ./Drivers/STM32F4xx_HAL_Driver/Src/stm32f4xx_ll_usb.o
LOAD ./Middlewares/ST/STM32_USB_Device_Library/Class/CDC/Src/usbd_cdc.o
LOAD ./Middlewares/ST/STM32_USB_Device_Library/Core/Src/usbd_core.o
LOAD ./Middlewares/ST/STM32_USB_Device_Library/Core/Src/usbd_ctlreq.o
LOAD ./Middlewares/ST/STM32_USB_Device_Library/Core/Src/usbd_ioreq.o
LOAD ./Middlewares/Third_Party/FreeRTOS/Source/CMSIS_RTOS_V2/cmsis_os2.o
LOAD ./Middlewares/Third_Party/FreeRTOS/Source/croutine.o
LOAD ./Middlewares/Third_Party/FreeRTOS/Source/event_groups.o
LOAD ./Middlewares/Third_Party/FreeRTOS/Source/list.o
LOAD ./Middlewares/Third_Party/FreeRTOS/Source/queue.o
LOAD ./Middlewares/Third_Party/FreeRTOS/Source/stream_buffer.o
LOAD ./Middlewares/Third_Party/FreeRTOS/Source/tasks.o
LOAD ./Middlewares/Third_Party/FreeRTOS/Source/timers.o
LOAD ./Middlewares/Third_Party/FreeRTOS/Source/portable/GCC/ARM_CM4F/port.o
LOAD ./Middlewares/Third_Party/FreeRTOS/Source/portable/MemMang/heap_4.o
LOAD ./USB_DEVICE/App/usb_device.o
LOAD ./USB_DEVICE/App/usbd_cdc_if.o
LOAD ./USB_DEVICE/App/usbd_desc.o
LOAD ./USB_DEVICE/Target/usbd_conf.o
START GROUP
LOAD d:/windowsprograms/stm32cube/stm32cubeide_1.7.0/stm32cubeide/plugins/com.st.stm32cube.ide.mcu.externaltools.gnu-tools-for-stm32.9-2020-q2-update.win32_2.0.0.202105311346/tools/bin/../lib/gcc/arm-none-eabi/9.3.1/../../../../arm-none-eabi/lib/thumb/v7e-m+fp/hard\libc_nano.a
LOAD d:/windowsprograms/stm32cube/stm32cubeide_1.7.0/stm32cubeide/plugins/com.st.stm32cube.ide.mcu.externaltools.gnu-tools-for-stm32.9-2020-q2-update.win32_2.0.0.202105311346/tools/bin/../lib/gcc/arm-none-eabi/9.3.1/../../../../arm-none-eabi/lib/thumb/v7e-m+fp/hard\libm.a
END GROUP
START GROUP
LOAD d:/windowsprograms/stm32cube/stm32cubeide_1.7.0/stm32cubeide/plugins/com.st.stm32cube.ide.mcu.externaltools.gnu-tools-for-stm32.9-2020-q2-update.win32_2.0.0.202105311346/tools/bin/../lib/gcc/arm-none-eabi/9.3.1/thumb/v7e-m+fp/hard\libgcc.a
LOAD d:/windowsprograms/stm32cube/stm32cubeide_1.7.0/stm32cubeide/plugins/com.st.stm32cube.ide.mcu.externaltools.gnu-tools-for-stm32.9-2020-q2-update.win32_2.0.0.202105311346/tools/bin/../lib/gcc/arm-none-eabi/9.3.1/../../../../arm-none-eabi/lib/thumb/v7e-m+fp/hard\libc_nano.a
END GROUP
START GROUP
LOAD d:/windowsprograms/stm32cube/stm32cubeide_1.7.0/stm32cubeide/plugins/com.st.stm32cube.ide.mcu.externaltools.gnu-tools-for-stm32.9-2020-q2-update.win32_2.0.0.202105311346/tools/bin/../lib/gcc/arm-none-eabi/9.3.1/thumb/v7e-m+fp/hard\libgcc.a
LOAD d:/windowsprograms/stm32cube/stm32cubeide_1.7.0/stm32cubeide/plugins/com.st.stm32cube.ide.mcu.externaltools.gnu-tools-for-stm32.9-2020-q2-update.win32_2.0.0.202105311346/tools/bin/../lib/gcc/arm-none-eabi/9.3.1/../../../../arm-none-eabi/lib/thumb/v7e-m+fp/hard\libc_nano.a
LOAD d:/windowsprograms/stm32cube/stm32cubeide_1.7.0/stm32cubeide/plugins/com.st.stm32cube.ide.mcu.externaltools.gnu-tools-for-stm32.9-2020-q2-update.win32_2.0.0.202105311346/tools/bin/../lib/gcc/arm-none-eabi/9.3.1/../../../../arm-none-eabi/lib/thumb/v7e-m+fp/hard\libnosys.a
END GROUP
START GROUP
LOAD d:/windowsprograms/stm32cube/stm32cubeide_1.7.0/stm32cubeide/plugins/com.st.stm32cube.ide.mcu.externaltools.gnu-tools-for-stm32.9-2020-q2-update.win32_2.0.0.202105311346/tools/bin/../lib/gcc/arm-none-eabi/9.3.1/thumb/v7e-m+fp/hard\libgcc.a
LOAD d:/windowsprograms/stm32cube/stm32cubeide_1.7.0/stm32cubeide/plugins/com.st.stm32cube.ide.mcu.externaltools.gnu-tools-for-stm32.9-2020-q2-update.win32_2.0.0.202105311346/tools/bin/../lib/gcc/arm-none-eabi/9.3.1/../../../../arm-none-eabi/lib/thumb/v7e-m+fp/hard\libc_nano.a
LOAD d:/windowsprograms/stm32cube/stm32cubeide_1.7.0/stm32cubeide/plugins/com.st.stm32cube.ide.mcu.externaltools.gnu-tools-for-stm32.9-2020-q2-update.win32_2.0.0.202105311346/tools/bin/../lib/gcc/arm-none-eabi/9.3.1/../../../../arm-none-eabi/lib/thumb/v7e-m+fp/hard\libnosys.a
END GROUP
LOAD d:/windowsprograms/stm32cube/stm32cubeide_1.7.0/stm32cubeide/plugins/com.st.stm32cube.ide.mcu.externaltools.gnu-tools-for-stm32.9-2020-q2-update.win32_2.0.0.202105311346/tools/bin/../lib/gcc/arm-none-eabi/9.3.1/thumb/v7e-m+fp/hard/crtend.o
LOAD d:/windowsprograms/stm32cube/stm32cubeide_1.7.0/stm32cubeide/plugins/com.st.stm32cube.ide.mcu.externaltools.gnu-tools-for-stm32.9-2020-q2-update.win32_2.0.0.202105311346/tools/bin/../lib/gcc/arm-none-eabi/9.3.1/thumb/v7e-m+fp/hard/crtn.o
                0x0000000020020000                _estack = (ORIGIN (RAM) + LENGTH (RAM))
                0x0000000000000200                _Min_Heap_Size = 0x200
                0x0000000000000400                _Min_Stack_Size = 0x400

.isr_vector     0x0000000008000000      0x198
                0x0000000008000000                . = ALIGN (0x4)
 *(.isr_vector)
 .isr_vector    0x0000000008000000      0x198 ./Core/Startup/startup_stm32f411vetx.o
                0x0000000008000000                g_pfnVectors
                0x0000000008000198                . = ALIGN (0x4)

.text           0x00000000080001a0    0x13cbc
                0x00000000080001a0                . = ALIGN (0x4)
 *(.text)
 .text          0x00000000080001a0       0x40 d:/windowsprograms/stm32cube/stm32cubeide_1.7.0/stm32cubeide/plugins/com.st.stm32cube.ide.mcu.externaltools.gnu-tools-for-stm32.9-2020-q2-update.win32_2.0.0.202105311346/tools/bin/../lib/gcc/arm-none-eabi/9.3.1/thumb/v7e-m+fp/hard/crtbegin.o
 .text          0x00000000080001e0      0x378 d:/windowsprograms/stm32cube/stm32cubeide_1.7.0/stm32cubeide/plugins/com.st.stm32cube.ide.mcu.externaltools.gnu-tools-for-stm32.9-2020-q2-update.win32_2.0.0.202105311346/tools/bin/../lib/gcc/arm-none-eabi/9.3.1/thumb/v7e-m+fp/hard\libgcc.a(_arm_addsubdf3.o)
                0x00000000080001e0                __aeabi_drsub
                0x00000000080001e8                __aeabi_dsub
                0x00000000080001e8                __subdf3
                0x00000000080001ec                __aeabi_dadd
                0x00000000080001ec                __adddf3
                0x0000000008000464                __floatunsidf
                0x0000000008000464                __aeabi_ui2d
                0x0000000008000484                __floatsidf
                0x0000000008000484                __aeabi_i2d
                0x00000000080004a8                __aeabi_f2d
                0x00000000080004a8                __extendsfdf2
                0x00000000080004ec                __floatundidf
                0x00000000080004ec                __aeabi_ul2d
                0x00000000080004fc                __floatdidf
                0x00000000080004fc                __aeabi_l2d
 .text          0x0000000008000558      0x424 d:/windowsprograms/stm32cube/stm32cubeide_1.7.0/stm32cubeide/plugins/com.st.stm32cube.ide.mcu.externaltools.gnu-tools-for-stm32.9-2020-q2-update.win32_2.0.0.202105311346/tools/bin/../lib/gcc/arm-none-eabi/9.3.1/thumb/v7e-m+fp/hard\libgcc.a(_arm_muldivdf3.o)
                0x0000000008000558                __aeabi_dmul
                0x0000000008000558                __muldf3
                0x00000000080007ac                __divdf3
                0x00000000080007ac                __aeabi_ddiv
 .text          0x000000000800097c      0x110 d:/windowsprograms/stm32cube/stm32cubeide_1.7.0/stm32cubeide/plugins/com.st.stm32cube.ide.mcu.externaltools.gnu-tools-for-stm32.9-2020-q2-update.win32_2.0.0.202105311346/tools/bin/../lib/gcc/arm-none-eabi/9.3.1/thumb/v7e-m+fp/hard\libgcc.a(_arm_cmpdf2.o)
                0x000000000800097c                __gtdf2
                0x000000000800097c                __gedf2
                0x0000000008000984                __ltdf2
                0x0000000008000984                __ledf2
                0x000000000800098c                __nedf2
                0x000000000800098c                __eqdf2
                0x000000000800098c                __cmpdf2
                0x0000000008000a08                __aeabi_cdrcmple
                0x0000000008000a18                __aeabi_cdcmpeq
                0x0000000008000a18                __aeabi_cdcmple
                0x0000000008000a28                __aeabi_dcmpeq
                0x0000000008000a3c                __aeabi_dcmplt
                0x0000000008000a50                __aeabi_dcmple
                0x0000000008000a64                __aeabi_dcmpge
                0x0000000008000a78                __aeabi_dcmpgt
 .text          0x0000000008000a8c       0x2c d:/windowsprograms/stm32cube/stm32cubeide_1.7.0/stm32cubeide/plugins/com.st.stm32cube.ide.mcu.externaltools.gnu-tools-for-stm32.9-2020-q2-update.win32_2.0.0.202105311346/tools/bin/../lib/gcc/arm-none-eabi/9.3.1/thumb/v7e-m+fp/hard\libgcc.a(_arm_unorddf2.o)
                0x0000000008000a8c                __unorddf2
                0x0000000008000a8c                __aeabi_dcmpun
 .text          0x0000000008000ab8       0x50 d:/windowsprograms/stm32cube/stm32cubeide_1.7.0/stm32cubeide/plugins/com.st.stm32cube.ide.mcu.externaltools.gnu-tools-for-stm32.9-2020-q2-update.win32_2.0.0.202105311346/tools/bin/../lib/gcc/arm-none-eabi/9.3.1/thumb/v7e-m+fp/hard\libgcc.a(_arm_fixdfsi.o)
                0x0000000008000ab8                __aeabi_d2iz
                0x0000000008000ab8                __fixdfsi
 .text          0x0000000008000b08       0xa0 d:/windowsprograms/stm32cube/stm32cubeide_1.7.0/stm32cubeide/plugins/com.st.stm32cube.ide.mcu.externaltools.gnu-tools-for-stm32.9-2020-q2-update.win32_2.0.0.202105311346/tools/bin/../lib/gcc/arm-none-eabi/9.3.1/thumb/v7e-m+fp/hard\libgcc.a(_arm_truncdfsf2.o)
                0x0000000008000b08                __truncdfsf2
                0x0000000008000b08                __aeabi_d2f
 .text          0x0000000008000ba8       0x30 d:/windowsprograms/stm32cube/stm32cubeide_1.7.0/stm32cubeide/plugins/com.st.stm32cube.ide.mcu.externaltools.gnu-tools-for-stm32.9-2020-q2-update.win32_2.0.0.202105311346/tools/bin/../lib/gcc/arm-none-eabi/9.3.1/thumb/v7e-m+fp/hard\libgcc.a(_aeabi_uldivmod.o)
                0x0000000008000ba8                __aeabi_uldivmod
 .text          0x0000000008000bd8      0x2c4 d:/windowsprograms/stm32cube/stm32cubeide_1.7.0/stm32cubeide/plugins/com.st.stm32cube.ide.mcu.externaltools.gnu-tools-for-stm32.9-2020-q2-update.win32_2.0.0.202105311346/tools/bin/../lib/gcc/arm-none-eabi/9.3.1/thumb/v7e-m+fp/hard\libgcc.a(_udivmoddi4.o)
                0x0000000008000bd8                __udivmoddi4
 .text          0x0000000008000e9c        0x4 d:/windowsprograms/stm32cube/stm32cubeide_1.7.0/stm32cubeide/plugins/com.st.stm32cube.ide.mcu.externaltools.gnu-tools-for-stm32.9-2020-q2-update.win32_2.0.0.202105311346/tools/bin/../lib/gcc/arm-none-eabi/9.3.1/thumb/v7e-m+fp/hard\libgcc.a(_dvmd_tls.o)
                0x0000000008000e9c                __aeabi_idiv0
                0x0000000008000e9c                __aeabi_ldiv0
 *(.text*)
 .text.MadgwickAHRSupdate
                0x0000000008000ea0      0xe2c ./Core/Src/MadgwickAHRS.o
                0x0000000008000ea0                MadgwickAHRSupdate
 .text.MadgwickAHRSupdateIMU
                0x0000000008001ccc      0x648 ./Core/Src/MadgwickAHRS.o
                0x0000000008001ccc                MadgwickAHRSupdateIMU
 .text.invSqrt  0x0000000008002314       0x78 ./Core/Src/MadgwickAHRS.o
                0x0000000008002314                invSqrt
 .text.nRF24_CE_H
                0x000000000800238c       0x18 ./Core/Src/main.o
 .text.nRF24SetChip
                0x00000000080023a4       0x5c ./Core/Src/main.o
                0x00000000080023a4                nRF24SetChip
 .text.inicilizirajCipe
                0x0000000008002400       0x9c ./Core/Src/main.o
                0x0000000008002400                inicilizirajCipe
 .text.normalize_v3f
                0x000000000800249c       0xb0 ./Core/Src/main.o
                0x000000000800249c                normalize_v3f
 *fill*         0x000000000800254c        0x4 
 .text.speedControl
                0x0000000008002550      0x2c4 ./Core/Src/main.o
                0x0000000008002550                speedControl
 .text.main     0x0000000008002814      0x240 ./Core/Src/main.o
                0x0000000008002814                main
 .text.SystemClock_Config
                0x0000000008002a54       0xd0 ./Core/Src/main.o
                0x0000000008002a54                SystemClock_Config
 .text.MX_I2C1_Init
                0x0000000008002b24       0x5c ./Core/Src/main.o
 .text.MX_I2S3_Init
                0x0000000008002b80       0x5c ./Core/Src/main.o
 .text.MX_SPI1_Init
                0x0000000008002bdc       0x6c ./Core/Src/main.o
 .text.MX_SPI2_Init
                0x0000000008002c48       0x6c ./Core/Src/main.o
 .text.MX_SPI5_Init
                0x0000000008002cb4       0x64 ./Core/Src/main.o
 .text.MX_TIM2_Init
                0x0000000008002d18      0x118 ./Core/Src/main.o
 .text.MX_TIM3_Init
                0x0000000008002e30       0xec ./Core/Src/main.o
 .text.MX_TIM5_Init
                0x0000000008002f1c       0x9c ./Core/Src/main.o
 .text.MX_DMA_Init
                0x0000000008002fb8       0x50 ./Core/Src/main.o
 .text.MX_GPIO_Init
                0x0000000008003008      0x32c ./Core/Src/main.o
 .text.HAL_GPIO_EXTI_Callback
                0x0000000008003334      0x158 ./Core/Src/main.o
                0x0000000008003334                HAL_GPIO_EXTI_Callback
 .text.HAL_SPI_TxRxCpltCallback
                0x000000000800348c       0x28 ./Core/Src/main.o
                0x000000000800348c                HAL_SPI_TxRxCpltCallback
 .text.StartCalculatingPoz
                0x00000000080034b4      0x808 ./Core/Src/main.o
                0x00000000080034b4                StartCalculatingPoz
 .text.StartRecivingCommandsNRF24
                0x0000000008003cbc      0x1d8 ./Core/Src/main.o
                0x0000000008003cbc                StartRecivingCommandsNRF24
 .text.StartMotorControl
                0x0000000008003e94       0xd0 ./Core/Src/main.o
                0x0000000008003e94                StartMotorControl
 .text.StartCalculatingPath
                0x0000000008003f64      0x158 ./Core/Src/main.o
                0x0000000008003f64                StartCalculatingPath
 .text.HAL_TIM_PeriodElapsedCallback
                0x00000000080040bc       0x24 ./Core/Src/main.o
                0x00000000080040bc                HAL_TIM_PeriodElapsedCallback
 .text.Error_Handler
                0x00000000080040e0       0x78 ./Core/Src/main.o
                0x00000000080040e0                Error_Handler
 .text.nRF24_CSN_L
                0x0000000008004158       0x18 ./Core/Src/nrf24.o
 .text.nRF24_CSN_H
                0x0000000008004170       0x18 ./Core/Src/nrf24.o
 .text.nRF24_LL_RW
                0x0000000008004188       0x38 ./Core/Src/nrf24.o
 .text.nRF24_ReadReg
                0x00000000080041c0       0x34 ./Core/Src/nrf24.o
 .text.nRF24_WriteReg
                0x00000000080041f4       0x70 ./Core/Src/nrf24.o
 .text.nRF24_ReadMBReg
                0x0000000008004264       0x44 ./Core/Src/nrf24.o
 .text.nRF24_WriteMBReg
                0x00000000080042a8       0x42 ./Core/Src/nrf24.o
 .text.nRF24_Init
                0x00000000080042ea       0x98 ./Core/Src/nrf24.o
                0x00000000080042ea                nRF24_Init
 *fill*         0x0000000008004382        0x2 
 .text.nRF24_Check
                0x0000000008004384       0x5c ./Core/Src/nrf24.o
                0x0000000008004384                nRF24_Check
 .text.nRF24_SetPowerMode
                0x00000000080043e0       0x3e ./Core/Src/nrf24.o
                0x00000000080043e0                nRF24_SetPowerMode
 .text.nRF24_SetOperationalMode
                0x000000000800441e       0x42 ./Core/Src/nrf24.o
                0x000000000800441e                nRF24_SetOperationalMode
 .text.nRF24_SetCRCScheme
                0x0000000008004460       0x42 ./Core/Src/nrf24.o
                0x0000000008004460                nRF24_SetCRCScheme
 .text.nRF24_SetRFChannel
                0x00000000080044a2       0x1c ./Core/Src/nrf24.o
                0x00000000080044a2                nRF24_SetRFChannel
 .text.nRF24_SetAddrWidth
                0x00000000080044be       0x20 ./Core/Src/nrf24.o
                0x00000000080044be                nRF24_SetAddrWidth
 *fill*         0x00000000080044de        0x2 
 .text.nRF24_SetAddr
                0x00000000080044e0       0x94 ./Core/Src/nrf24.o
                0x00000000080044e0                nRF24_SetAddr
 .text.nRF24_SetDataRate
                0x0000000008004574       0x36 ./Core/Src/nrf24.o
                0x0000000008004574                nRF24_SetDataRate
 *fill*         0x00000000080045aa        0x2 
 .text.nRF24_SetRXPipe
                0x00000000080045ac       0xa8 ./Core/Src/nrf24.o
                0x00000000080045ac                nRF24_SetRXPipe
 .text.nRF24_DisableAA
                0x0000000008004654       0x4e ./Core/Src/nrf24.o
                0x0000000008004654                nRF24_DisableAA
 .text.nRF24_GetStatus
                0x00000000080046a2       0x10 ./Core/Src/nrf24.o
                0x00000000080046a2                nRF24_GetStatus
 .text.nRF24_FlushTX
                0x00000000080046b2       0x10 ./Core/Src/nrf24.o
                0x00000000080046b2                nRF24_FlushTX
 .text.nRF24_FlushRX
                0x00000000080046c2       0x10 ./Core/Src/nrf24.o
                0x00000000080046c2                nRF24_FlushRX
 .text.nRF24_ClearIRQFlags
                0x00000000080046d2       0x2a ./Core/Src/nrf24.o
                0x00000000080046d2                nRF24_ClearIRQFlags
 .text.nRF24_GetRxDplPayloadWidth
                0x00000000080046fc       0x28 ./Core/Src/nrf24.o
 .text.nRF24_ReadPayloadGeneric
                0x0000000008004724       0x90 ./Core/Src/nrf24.o
 .text.nRF24_ReadPayload
                0x00000000080047b4       0x1e ./Core/Src/nrf24.o
                0x00000000080047b4                nRF24_ReadPayload
 *fill*         0x00000000080047d2        0x2 
 .text.i2c1_pisiRegister
                0x00000000080047d4       0x44 ./Core/Src/robotPeriferija.o
                0x00000000080047d4                i2c1_pisiRegister
 .text.i2c1_beriRegistre
                0x0000000008004818       0x5c ./Core/Src/robotPeriferija.o
                0x0000000008004818                i2c1_beriRegistre
 .text.spi1_beriRegister
                0x0000000008004874       0x70 ./Core/Src/robotPeriferija.o
                0x0000000008004874                spi1_beriRegister
 .text.spi1_pisiRegister
                0x00000000080048e4       0x64 ./Core/Src/robotPeriferija.o
                0x00000000080048e4                spi1_pisiRegister
 .text.spi1_beriRegistre
                0x0000000008004948       0x58 ./Core/Src/robotPeriferija.o
                0x0000000008004948                spi1_beriRegistre
 .text.nastaviPospeskometer
                0x00000000080049a0       0x4e ./Core/Src/robotPeriferija.o
                0x00000000080049a0                nastaviPospeskometer
 .text.nastaviMagnetometer
                0x00000000080049ee       0x30 ./Core/Src/robotPeriferija.o
                0x00000000080049ee                nastaviMagnetometer
 .text.nastaviGiroskop
                0x0000000008004a1e       0xa6 ./Core/Src/robotPeriferija.o
                0x0000000008004a1e                nastaviGiroskop
 .text.izracunajPovprecjeInt16
                0x0000000008004ac4       0x86 ./Core/Src/robotPeriferija.o
                0x0000000008004ac4                izracunajPovprecjeInt16
 *fill*         0x0000000008004b4a        0x2 
 .text.nastaviMotor
                0x0000000008004b4c      0x218 ./Core/Src/robotPeriferija.o
                0x0000000008004b4c                nastaviMotor
 .text.getDrift
                0x0000000008004d64      0x148 ./Core/Src/robotPeriferija.o
                0x0000000008004d64                getDrift
 .text.zgladiMotor
                0x0000000008004eac       0x8c ./Core/Src/robotPeriferija.o
                0x0000000008004eac                zgladiMotor
 .text.HAL_MspInit
                0x0000000008004f38       0x58 ./Core/Src/stm32f4xx_hal_msp.o
                0x0000000008004f38                HAL_MspInit
 .text.HAL_I2C_MspInit
                0x0000000008004f90       0x90 ./Core/Src/stm32f4xx_hal_msp.o
                0x0000000008004f90                HAL_I2C_MspInit
 .text.HAL_I2S_MspInit
                0x0000000008005020      0x108 ./Core/Src/stm32f4xx_hal_msp.o
                0x0000000008005020                HAL_I2S_MspInit
 .text.HAL_SPI_MspInit
                0x0000000008005128      0x2b0 ./Core/Src/stm32f4xx_hal_msp.o
                0x0000000008005128                HAL_SPI_MspInit
 .text.HAL_TIM_Base_MspInit
                0x00000000080053d8       0xa4 ./Core/Src/stm32f4xx_hal_msp.o
                0x00000000080053d8                HAL_TIM_Base_MspInit
 .text.HAL_TIM_MspPostInit
                0x000000000800547c       0xc0 ./Core/Src/stm32f4xx_hal_msp.o
                0x000000000800547c                HAL_TIM_MspPostInit
 .text.HAL_InitTick
                0x000000000800553c       0xb0 ./Core/Src/stm32f4xx_hal_timebase_tim.o
                0x000000000800553c                HAL_InitTick
 .text.NMI_Handler
                0x00000000080055ec        0x6 ./Core/Src/stm32f4xx_it.o
                0x00000000080055ec                NMI_Handler
 .text.HardFault_Handler
                0x00000000080055f2        0x6 ./Core/Src/stm32f4xx_it.o
                0x00000000080055f2                HardFault_Handler
 .text.MemManage_Handler
                0x00000000080055f8        0x6 ./Core/Src/stm32f4xx_it.o
                0x00000000080055f8                MemManage_Handler
 .text.BusFault_Handler
                0x00000000080055fe        0x6 ./Core/Src/stm32f4xx_it.o
                0x00000000080055fe                BusFault_Handler
 .text.UsageFault_Handler
                0x0000000008005604        0x6 ./Core/Src/stm32f4xx_it.o
                0x0000000008005604                UsageFault_Handler
 .text.DebugMon_Handler
                0x000000000800560a        0xe ./Core/Src/stm32f4xx_it.o
                0x000000000800560a                DebugMon_Handler
 .text.EXTI1_IRQHandler
                0x0000000008005618        0xe ./Core/Src/stm32f4xx_it.o
                0x0000000008005618                EXTI1_IRQHandler
 .text.EXTI2_IRQHandler
                0x0000000008005626        0xe ./Core/Src/stm32f4xx_it.o
                0x0000000008005626                EXTI2_IRQHandler
 .text.EXTI3_IRQHandler
                0x0000000008005634        0xe ./Core/Src/stm32f4xx_it.o
                0x0000000008005634                EXTI3_IRQHandler
 .text.EXTI4_IRQHandler
                0x0000000008005642        0xe ./Core/Src/stm32f4xx_it.o
                0x0000000008005642                EXTI4_IRQHandler
 .text.EXTI9_5_IRQHandler
                0x0000000008005650       0x1c ./Core/Src/stm32f4xx_it.o
                0x0000000008005650                EXTI9_5_IRQHandler
 .text.TIM1_TRG_COM_TIM11_IRQHandler
                0x000000000800566c       0x14 ./Core/Src/stm32f4xx_it.o
                0x000000000800566c                TIM1_TRG_COM_TIM11_IRQHandler
 .text.TIM2_IRQHandler
                0x0000000008005680       0x14 ./Core/Src/stm32f4xx_it.o
                0x0000000008005680                TIM2_IRQHandler
 .text.EXTI15_10_IRQHandler
                0x0000000008005694       0x18 ./Core/Src/stm32f4xx_it.o
                0x0000000008005694                EXTI15_10_IRQHandler
 .text.DMA2_Stream3_IRQHandler
                0x00000000080056ac       0x14 ./Core/Src/stm32f4xx_it.o
                0x00000000080056ac                DMA2_Stream3_IRQHandler
 .text.DMA2_Stream4_IRQHandler
                0x00000000080056c0       0x14 ./Core/Src/stm32f4xx_it.o
                0x00000000080056c0                DMA2_Stream4_IRQHandler
 .text.OTG_FS_IRQHandler
                0x00000000080056d4       0x14 ./Core/Src/stm32f4xx_it.o
                0x00000000080056d4                OTG_FS_IRQHandler
 .text.SystemInit
                0x00000000080056e8       0x24 ./Core/Src/system_stm32f4xx.o
                0x00000000080056e8                SystemInit
 .text.Reset_Handler
                0x000000000800570c       0x50 ./Core/Startup/startup_stm32f411vetx.o
                0x000000000800570c                Reset_Handler
 .text.Default_Handler
                0x000000000800575c        0x2 ./Core/Startup/startup_stm32f411vetx.o
                0x000000000800575c                RTC_Alarm_IRQHandler
                0x000000000800575c                SPI4_IRQHandler
                0x000000000800575c                TIM1_CC_IRQHandler
                0x000000000800575c                DMA2_Stream5_IRQHandler
                0x000000000800575c                DMA1_Stream5_IRQHandler
                0x000000000800575c                PVD_IRQHandler
                0x000000000800575c                SDIO_IRQHandler
                0x000000000800575c                TAMP_STAMP_IRQHandler
                0x000000000800575c                TIM1_UP_TIM10_IRQHandler
                0x000000000800575c                I2C3_ER_IRQHandler
                0x000000000800575c                EXTI0_IRQHandler
                0x000000000800575c                I2C2_EV_IRQHandler
                0x000000000800575c                DMA1_Stream2_IRQHandler
                0x000000000800575c                FPU_IRQHandler
                0x000000000800575c                DMA2_Stream2_IRQHandler
                0x000000000800575c                SPI1_IRQHandler
                0x000000000800575c                TIM1_BRK_TIM9_IRQHandler
                0x000000000800575c                USART6_IRQHandler
                0x000000000800575c                DMA2_Stream0_IRQHandler
                0x000000000800575c                TIM4_IRQHandler
                0x000000000800575c                I2C1_EV_IRQHandler
                0x000000000800575c                DMA1_Stream6_IRQHandler
                0x000000000800575c                DMA1_Stream1_IRQHandler
                0x000000000800575c                TIM3_IRQHandler
                0x000000000800575c                RCC_IRQHandler
                0x000000000800575c                Default_Handler
                0x000000000800575c                ADC_IRQHandler
                0x000000000800575c                DMA1_Stream7_IRQHandler
                0x000000000800575c                SPI5_IRQHandler
                0x000000000800575c                TIM5_IRQHandler
                0x000000000800575c                DMA2_Stream7_IRQHandler
                0x000000000800575c                I2C3_EV_IRQHandler
                0x000000000800575c                RTC_WKUP_IRQHandler
                0x000000000800575c                SPI2_IRQHandler
                0x000000000800575c                DMA1_Stream0_IRQHandler
                0x000000000800575c                WWDG_IRQHandler
                0x000000000800575c                OTG_FS_WKUP_IRQHandler
                0x000000000800575c                USART2_IRQHandler
                0x000000000800575c                I2C2_ER_IRQHandler
                0x000000000800575c                DMA2_Stream1_IRQHandler
                0x000000000800575c                FLASH_IRQHandler
                0x000000000800575c                USART1_IRQHandler
                0x000000000800575c                SPI3_IRQHandler
                0x000000000800575c                DMA1_Stream4_IRQHandler
                0x000000000800575c                I2C1_ER_IRQHandler
                0x000000000800575c                DMA2_Stream6_IRQHandler
                0x000000000800575c                DMA1_Stream3_IRQHandler
 *fill*         0x000000000800575e        0x2 
 .text.HAL_Init
                0x0000000008005760       0x44 ./Drivers/STM32F4xx_HAL_Driver/Src/stm32f4xx_hal.o
                0x0000000008005760                HAL_Init
 .text.HAL_IncTick
                0x00000000080057a4       0x28 ./Drivers/STM32F4xx_HAL_Driver/Src/stm32f4xx_hal.o
                0x00000000080057a4                HAL_IncTick
 .text.HAL_GetTick
                0x00000000080057cc       0x18 ./Drivers/STM32F4xx_HAL_Driver/Src/stm32f4xx_hal.o
                0x00000000080057cc                HAL_GetTick
 .text.HAL_Delay
                0x00000000080057e4       0x48 ./Drivers/STM32F4xx_HAL_Driver/Src/stm32f4xx_hal.o
                0x00000000080057e4                HAL_Delay
 .text.__NVIC_SetPriorityGrouping
                0x000000000800582c       0x48 ./Drivers/STM32F4xx_HAL_Driver/Src/stm32f4xx_hal_cortex.o
 .text.__NVIC_GetPriorityGrouping
                0x0000000008005874       0x1c ./Drivers/STM32F4xx_HAL_Driver/Src/stm32f4xx_hal_cortex.o
 .text.__NVIC_EnableIRQ
                0x0000000008005890       0x3c ./Drivers/STM32F4xx_HAL_Driver/Src/stm32f4xx_hal_cortex.o
 .text.__NVIC_SetPriority
                0x00000000080058cc       0x54 ./Drivers/STM32F4xx_HAL_Driver/Src/stm32f4xx_hal_cortex.o
 .text.NVIC_EncodePriority
                0x0000000008005920       0x66 ./Drivers/STM32F4xx_HAL_Driver/Src/stm32f4xx_hal_cortex.o
 .text.HAL_NVIC_SetPriorityGrouping
                0x0000000008005986       0x16 ./Drivers/STM32F4xx_HAL_Driver/Src/stm32f4xx_hal_cortex.o
                0x0000000008005986                HAL_NVIC_SetPriorityGrouping
 .text.HAL_NVIC_SetPriority
                0x000000000800599c       0x38 ./Drivers/STM32F4xx_HAL_Driver/Src/stm32f4xx_hal_cortex.o
                0x000000000800599c                HAL_NVIC_SetPriority
 .text.HAL_NVIC_EnableIRQ
                0x00000000080059d4       0x1c ./Drivers/STM32F4xx_HAL_Driver/Src/stm32f4xx_hal_cortex.o
                0x00000000080059d4                HAL_NVIC_EnableIRQ
 .text.HAL_DMA_Init
                0x00000000080059f0      0x15c ./Drivers/STM32F4xx_HAL_Driver/Src/stm32f4xx_hal_dma.o
                0x00000000080059f0                HAL_DMA_Init
 .text.HAL_DMA_Start_IT
                0x0000000008005b4c       0xb0 ./Drivers/STM32F4xx_HAL_Driver/Src/stm32f4xx_hal_dma.o
                0x0000000008005b4c                HAL_DMA_Start_IT
 .text.HAL_DMA_IRQHandler
                0x0000000008005bfc      0x314 ./Drivers/STM32F4xx_HAL_Driver/Src/stm32f4xx_hal_dma.o
                0x0000000008005bfc                HAL_DMA_IRQHandler
 .text.DMA_SetConfig
                0x0000000008005f10       0x5c ./Drivers/STM32F4xx_HAL_Driver/Src/stm32f4xx_hal_dma.o
 .text.DMA_CalcBaseAndBitshift
                0x0000000008005f6c       0x6c ./Drivers/STM32F4xx_HAL_Driver/Src/stm32f4xx_hal_dma.o
 .text.DMA_CheckFifoParam
                0x0000000008005fd8       0xf8 ./Drivers/STM32F4xx_HAL_Driver/Src/stm32f4xx_hal_dma.o
 .text.HAL_GPIO_Init
                0x00000000080060d0      0x308 ./Drivers/STM32F4xx_HAL_Driver/Src/stm32f4xx_hal_gpio.o
                0x00000000080060d0                HAL_GPIO_Init
 .text.HAL_GPIO_ReadPin
                0x00000000080063d8       0x30 ./Drivers/STM32F4xx_HAL_Driver/Src/stm32f4xx_hal_gpio.o
                0x00000000080063d8                HAL_GPIO_ReadPin
 .text.HAL_GPIO_WritePin
                0x0000000008006408       0x32 ./Drivers/STM32F4xx_HAL_Driver/Src/stm32f4xx_hal_gpio.o
                0x0000000008006408                HAL_GPIO_WritePin
 .text.HAL_GPIO_TogglePin
                0x000000000800643a       0x34 ./Drivers/STM32F4xx_HAL_Driver/Src/stm32f4xx_hal_gpio.o
                0x000000000800643a                HAL_GPIO_TogglePin
 *fill*         0x000000000800646e        0x2 
 .text.HAL_GPIO_EXTI_IRQHandler
                0x0000000008006470       0x30 ./Drivers/STM32F4xx_HAL_Driver/Src/stm32f4xx_hal_gpio.o
                0x0000000008006470                HAL_GPIO_EXTI_IRQHandler
 .text.HAL_I2C_Init
                0x00000000080064a0      0x288 ./Drivers/STM32F4xx_HAL_Driver/Src/stm32f4xx_hal_i2c.o
                0x00000000080064a0                HAL_I2C_Init
 .text.HAL_I2C_Mem_Write
                0x0000000008006728      0x1f4 ./Drivers/STM32F4xx_HAL_Driver/Src/stm32f4xx_hal_i2c.o
                0x0000000008006728                HAL_I2C_Mem_Write
 .text.HAL_I2C_Mem_Read
                0x000000000800691c      0x44c ./Drivers/STM32F4xx_HAL_Driver/Src/stm32f4xx_hal_i2c.o
                0x000000000800691c                HAL_I2C_Mem_Read
 .text.I2C_RequestMemoryWrite
                0x0000000008006d68      0x12c ./Drivers/STM32F4xx_HAL_Driver/Src/stm32f4xx_hal_i2c.o
 .text.I2C_RequestMemoryRead
                0x0000000008006e94      0x1d0 ./Drivers/STM32F4xx_HAL_Driver/Src/stm32f4xx_hal_i2c.o
 .text.I2C_WaitOnFlagUntilTimeout
                0x0000000008007064       0xae ./Drivers/STM32F4xx_HAL_Driver/Src/stm32f4xx_hal_i2c.o
 .text.I2C_WaitOnMasterAddressFlagUntilTimeout
                0x0000000008007112       0xfe ./Drivers/STM32F4xx_HAL_Driver/Src/stm32f4xx_hal_i2c.o
 .text.I2C_WaitOnTXEFlagUntilTimeout
                0x0000000008007210       0x82 ./Drivers/STM32F4xx_HAL_Driver/Src/stm32f4xx_hal_i2c.o
 .text.I2C_WaitOnBTFFlagUntilTimeout
                0x0000000008007292       0x82 ./Drivers/STM32F4xx_HAL_Driver/Src/stm32f4xx_hal_i2c.o
 .text.I2C_WaitOnRXNEFlagUntilTimeout
                0x0000000008007314       0xac ./Drivers/STM32F4xx_HAL_Driver/Src/stm32f4xx_hal_i2c.o
 .text.I2C_IsAcknowledgeFailed
                0x00000000080073c0       0x5e ./Drivers/STM32F4xx_HAL_Driver/Src/stm32f4xx_hal_i2c.o
 *fill*         0x000000000800741e        0x2 
 .text.HAL_I2S_Init
                0x0000000008007420      0x280 ./Drivers/STM32F4xx_HAL_Driver/Src/stm32f4xx_hal_i2s.o
                0x0000000008007420                HAL_I2S_Init
 .text.HAL_I2S_TxCpltCallback
                0x00000000080076a0       0x14 ./Drivers/STM32F4xx_HAL_Driver/Src/stm32f4xx_hal_i2s.o
                0x00000000080076a0                HAL_I2S_TxCpltCallback
 .text.HAL_I2S_RxCpltCallback
                0x00000000080076b4       0x14 ./Drivers/STM32F4xx_HAL_Driver/Src/stm32f4xx_hal_i2s.o
                0x00000000080076b4                HAL_I2S_RxCpltCallback
 .text.HAL_I2S_ErrorCallback
                0x00000000080076c8       0x14 ./Drivers/STM32F4xx_HAL_Driver/Src/stm32f4xx_hal_i2s.o
                0x00000000080076c8                HAL_I2S_ErrorCallback
 .text.I2S_Transmit_IT
                0x00000000080076dc       0x5c ./Drivers/STM32F4xx_HAL_Driver/Src/stm32f4xx_hal_i2s.o
 .text.I2S_Receive_IT
                0x0000000008007738       0x5e ./Drivers/STM32F4xx_HAL_Driver/Src/stm32f4xx_hal_i2s.o
 .text.I2S_IRQHandler
                0x0000000008007796      0x114 ./Drivers/STM32F4xx_HAL_Driver/Src/stm32f4xx_hal_i2s.o
 *fill*         0x00000000080078aa        0x2 
 .text.HAL_I2SEx_FullDuplex_IRQHandler
                0x00000000080078ac      0x2a8 ./Drivers/STM32F4xx_HAL_Driver/Src/stm32f4xx_hal_i2s_ex.o
                0x00000000080078ac                HAL_I2SEx_FullDuplex_IRQHandler
 .text.HAL_I2SEx_TxRxCpltCallback
                0x0000000008007b54       0x14 ./Drivers/STM32F4xx_HAL_Driver/Src/stm32f4xx_hal_i2s_ex.o
                0x0000000008007b54                HAL_I2SEx_TxRxCpltCallback
 .text.I2SEx_TxISR_I2S
                0x0000000008007b68       0x62 ./Drivers/STM32F4xx_HAL_Driver/Src/stm32f4xx_hal_i2s_ex.o
 *fill*         0x0000000008007bca        0x2 
 .text.I2SEx_TxISR_I2SExt
                0x0000000008007bcc       0x98 ./Drivers/STM32F4xx_HAL_Driver/Src/stm32f4xx_hal_i2s_ex.o
 .text.I2SEx_RxISR_I2S
                0x0000000008007c64       0x64 ./Drivers/STM32F4xx_HAL_Driver/Src/stm32f4xx_hal_i2s_ex.o
 .text.I2SEx_RxISR_I2SExt
                0x0000000008007cc8       0x98 ./Drivers/STM32F4xx_HAL_Driver/Src/stm32f4xx_hal_i2s_ex.o
 .text.HAL_PCD_Init
                0x0000000008007d60      0x23a ./Drivers/STM32F4xx_HAL_Driver/Src/stm32f4xx_hal_pcd.o
                0x0000000008007d60                HAL_PCD_Init
 .text.HAL_PCD_Start
                0x0000000008007f9a       0x66 ./Drivers/STM32F4xx_HAL_Driver/Src/stm32f4xx_hal_pcd.o
                0x0000000008007f9a                HAL_PCD_Start
 .text.HAL_PCD_IRQHandler
                0x0000000008008000      0x764 ./Drivers/STM32F4xx_HAL_Driver/Src/stm32f4xx_hal_pcd.o
                0x0000000008008000                HAL_PCD_IRQHandler
 .text.HAL_PCD_SetAddress
                0x0000000008008764       0x4a ./Drivers/STM32F4xx_HAL_Driver/Src/stm32f4xx_hal_pcd.o
                0x0000000008008764                HAL_PCD_SetAddress
 .text.HAL_PCD_EP_Open
                0x00000000080087ae       0xd0 ./Drivers/STM32F4xx_HAL_Driver/Src/stm32f4xx_hal_pcd.o
                0x00000000080087ae                HAL_PCD_EP_Open
 .text.HAL_PCD_EP_Close
                0x000000000800887e       0x94 ./Drivers/STM32F4xx_HAL_Driver/Src/stm32f4xx_hal_pcd.o
                0x000000000800887e                HAL_PCD_EP_Close
 .text.HAL_PCD_EP_Receive
                0x0000000008008912       0x96 ./Drivers/STM32F4xx_HAL_Driver/Src/stm32f4xx_hal_pcd.o
                0x0000000008008912                HAL_PCD_EP_Receive
 .text.HAL_PCD_EP_GetRxCount
                0x00000000080089a8       0x30 ./Drivers/STM32F4xx_HAL_Driver/Src/stm32f4xx_hal_pcd.o
                0x00000000080089a8                HAL_PCD_EP_GetRxCount
 .text.HAL_PCD_EP_Transmit
                0x00000000080089d8       0x94 ./Drivers/STM32F4xx_HAL_Driver/Src/stm32f4xx_hal_pcd.o
                0x00000000080089d8                HAL_PCD_EP_Transmit
 .text.HAL_PCD_EP_SetStall
                0x0000000008008a6c       0xc8 ./Drivers/STM32F4xx_HAL_Driver/Src/stm32f4xx_hal_pcd.o
                0x0000000008008a6c                HAL_PCD_EP_SetStall
 .text.HAL_PCD_EP_ClrStall
                0x0000000008008b34       0xac ./Drivers/STM32F4xx_HAL_Driver/Src/stm32f4xx_hal_pcd.o
                0x0000000008008b34                HAL_PCD_EP_ClrStall
 .text.PCD_WriteEmptyTxFifo
                0x0000000008008be0      0x11a ./Drivers/STM32F4xx_HAL_Driver/Src/stm32f4xx_hal_pcd.o
 *fill*         0x0000000008008cfa        0x2 
 .text.PCD_EP_OutXfrComplete_int
                0x0000000008008cfc      0x218 ./Drivers/STM32F4xx_HAL_Driver/Src/stm32f4xx_hal_pcd.o
 .text.PCD_EP_OutSetupPacket_int
                0x0000000008008f14       0x8c ./Drivers/STM32F4xx_HAL_Driver/Src/stm32f4xx_hal_pcd.o
 .text.HAL_PCDEx_SetTxFiFo
                0x0000000008008fa0       0x8e ./Drivers/STM32F4xx_HAL_Driver/Src/stm32f4xx_hal_pcd_ex.o
                0x0000000008008fa0                HAL_PCDEx_SetTxFiFo
 .text.HAL_PCDEx_SetRxFiFo
                0x000000000800902e       0x22 ./Drivers/STM32F4xx_HAL_Driver/Src/stm32f4xx_hal_pcd_ex.o
                0x000000000800902e                HAL_PCDEx_SetRxFiFo
 .text.HAL_PCDEx_LPM_Callback
                0x0000000008009050       0x18 ./Drivers/STM32F4xx_HAL_Driver/Src/stm32f4xx_hal_pcd_ex.o
                0x0000000008009050                HAL_PCDEx_LPM_Callback
 .text.HAL_RCC_OscConfig
                0x0000000008009068      0x4f0 ./Drivers/STM32F4xx_HAL_Driver/Src/stm32f4xx_hal_rcc.o
                0x0000000008009068                HAL_RCC_OscConfig
 .text.HAL_RCC_ClockConfig
                0x0000000008009558      0x1cc ./Drivers/STM32F4xx_HAL_Driver/Src/stm32f4xx_hal_rcc.o
                0x0000000008009558                HAL_RCC_ClockConfig
 .text.HAL_RCC_GetSysClockFreq
                0x0000000008009724      0x1c4 ./Drivers/STM32F4xx_HAL_Driver/Src/stm32f4xx_hal_rcc.o
                0x0000000008009724                HAL_RCC_GetSysClockFreq
 .text.HAL_RCC_GetHCLKFreq
                0x00000000080098e8       0x18 ./Drivers/STM32F4xx_HAL_Driver/Src/stm32f4xx_hal_rcc.o
                0x00000000080098e8                HAL_RCC_GetHCLKFreq
 .text.HAL_RCC_GetPCLK1Freq
                0x0000000008009900       0x28 ./Drivers/STM32F4xx_HAL_Driver/Src/stm32f4xx_hal_rcc.o
                0x0000000008009900                HAL_RCC_GetPCLK1Freq
 .text.HAL_RCC_GetPCLK2Freq
                0x0000000008009928       0x28 ./Drivers/STM32F4xx_HAL_Driver/Src/stm32f4xx_hal_rcc.o
                0x0000000008009928                HAL_RCC_GetPCLK2Freq
 .text.HAL_RCC_GetClockConfig
                0x0000000008009950       0x64 ./Drivers/STM32F4xx_HAL_Driver/Src/stm32f4xx_hal_rcc.o
                0x0000000008009950                HAL_RCC_GetClockConfig
 .text.HAL_RCCEx_PeriphCLKConfig
                0x00000000080099b4      0x1e0 ./Drivers/STM32F4xx_HAL_Driver/Src/stm32f4xx_hal_rcc_ex.o
                0x00000000080099b4                HAL_RCCEx_PeriphCLKConfig
 .text.HAL_RCCEx_GetPeriphCLKFreq
                0x0000000008009b94       0xc0 ./Drivers/STM32F4xx_HAL_Driver/Src/stm32f4xx_hal_rcc_ex.o
                0x0000000008009b94                HAL_RCCEx_GetPeriphCLKFreq
 .text.HAL_SPI_Init
                0x0000000008009c54      0x112 ./Drivers/STM32F4xx_HAL_Driver/Src/stm32f4xx_hal_spi.o
                0x0000000008009c54                HAL_SPI_Init
 .text.HAL_SPI_Transmit
                0x0000000008009d66      0x278 ./Drivers/STM32F4xx_HAL_Driver/Src/stm32f4xx_hal_spi.o
                0x0000000008009d66                HAL_SPI_Transmit
 .text.HAL_SPI_Receive
                0x0000000008009fde      0x222 ./Drivers/STM32F4xx_HAL_Driver/Src/stm32f4xx_hal_spi.o
                0x0000000008009fde                HAL_SPI_Receive
 .text.HAL_SPI_TransmitReceive
                0x000000000800a200      0x344 ./Drivers/STM32F4xx_HAL_Driver/Src/stm32f4xx_hal_spi.o
                0x000000000800a200                HAL_SPI_TransmitReceive
 .text.HAL_SPI_TransmitReceive_DMA
                0x000000000800a544      0x204 ./Drivers/STM32F4xx_HAL_Driver/Src/stm32f4xx_hal_spi.o
                0x000000000800a544                HAL_SPI_TransmitReceive_DMA
 .text.HAL_SPI_RxCpltCallback
                0x000000000800a748       0x14 ./Drivers/STM32F4xx_HAL_Driver/Src/stm32f4xx_hal_spi.o
                0x000000000800a748                HAL_SPI_RxCpltCallback
 .text.HAL_SPI_RxHalfCpltCallback
                0x000000000800a75c       0x14 ./Drivers/STM32F4xx_HAL_Driver/Src/stm32f4xx_hal_spi.o
                0x000000000800a75c                HAL_SPI_RxHalfCpltCallback
 .text.HAL_SPI_TxRxHalfCpltCallback
                0x000000000800a770       0x14 ./Drivers/STM32F4xx_HAL_Driver/Src/stm32f4xx_hal_spi.o
                0x000000000800a770                HAL_SPI_TxRxHalfCpltCallback
 .text.HAL_SPI_ErrorCallback
                0x000000000800a784       0x14 ./Drivers/STM32F4xx_HAL_Driver/Src/stm32f4xx_hal_spi.o
                0x000000000800a784                HAL_SPI_ErrorCallback
 .text.SPI_DMAReceiveCplt
                0x000000000800a798       0xa8 ./Drivers/STM32F4xx_HAL_Driver/Src/stm32f4xx_hal_spi.o
 .text.SPI_DMATransmitReceiveCplt
                0x000000000800a840       0x90 ./Drivers/STM32F4xx_HAL_Driver/Src/stm32f4xx_hal_spi.o
 .text.SPI_DMAHalfReceiveCplt
                0x000000000800a8d0       0x1c ./Drivers/STM32F4xx_HAL_Driver/Src/stm32f4xx_hal_spi.o
 .text.SPI_DMAHalfTransmitReceiveCplt
                0x000000000800a8ec       0x1c ./Drivers/STM32F4xx_HAL_Driver/Src/stm32f4xx_hal_spi.o
 .text.SPI_DMAError
                0x000000000800a908       0x40 ./Drivers/STM32F4xx_HAL_Driver/Src/stm32f4xx_hal_spi.o
 .text.SPI_WaitFlagStateUntilTimeout
                0x000000000800a948      0x110 ./Drivers/STM32F4xx_HAL_Driver/Src/stm32f4xx_hal_spi.o
 .text.SPI_EndRxTransaction
                0x000000000800aa58       0xca ./Drivers/STM32F4xx_HAL_Driver/Src/stm32f4xx_hal_spi.o
 *fill*         0x000000000800ab22        0x2 
 .text.SPI_EndRxTxTransaction
                0x000000000800ab24       0x84 ./Drivers/STM32F4xx_HAL_Driver/Src/stm32f4xx_hal_spi.o
 .text.HAL_TIM_Base_Init
                0x000000000800aba8       0x9e ./Drivers/STM32F4xx_HAL_Driver/Src/stm32f4xx_hal_tim.o
                0x000000000800aba8                HAL_TIM_Base_Init
 *fill*         0x000000000800ac46        0x2 
 .text.HAL_TIM_Base_Start
                0x000000000800ac48       0xb4 ./Drivers/STM32F4xx_HAL_Driver/Src/stm32f4xx_hal_tim.o
                0x000000000800ac48                HAL_TIM_Base_Start
 .text.HAL_TIM_Base_Start_IT
                0x000000000800acfc       0xc4 ./Drivers/STM32F4xx_HAL_Driver/Src/stm32f4xx_hal_tim.o
                0x000000000800acfc                HAL_TIM_Base_Start_IT
 .text.HAL_TIM_PWM_Init
                0x000000000800adc0       0x9e ./Drivers/STM32F4xx_HAL_Driver/Src/stm32f4xx_hal_tim.o
                0x000000000800adc0                HAL_TIM_PWM_Init
 .text.HAL_TIM_PWM_MspInit
                0x000000000800ae5e       0x14 ./Drivers/STM32F4xx_HAL_Driver/Src/stm32f4xx_hal_tim.o
                0x000000000800ae5e                HAL_TIM_PWM_MspInit
 *fill*         0x000000000800ae72        0x2 
 .text.HAL_TIM_PWM_Start
                0x000000000800ae74      0x160 ./Drivers/STM32F4xx_HAL_Driver/Src/stm32f4xx_hal_tim.o
                0x000000000800ae74                HAL_TIM_PWM_Start
 .text.HAL_TIM_IRQHandler
                0x000000000800afd4      0x210 ./Drivers/STM32F4xx_HAL_Driver/Src/stm32f4xx_hal_tim.o
                0x000000000800afd4                HAL_TIM_IRQHandler
 .text.HAL_TIM_PWM_ConfigChannel
                0x000000000800b1e4      0x184 ./Drivers/STM32F4xx_HAL_Driver/Src/stm32f4xx_hal_tim.o
                0x000000000800b1e4                HAL_TIM_PWM_ConfigChannel
 .text.HAL_TIM_ConfigClockSource
                0x000000000800b368      0x18e ./Drivers/STM32F4xx_HAL_Driver/Src/stm32f4xx_hal_tim.o
                0x000000000800b368                HAL_TIM_ConfigClockSource
 .text.HAL_TIM_OC_DelayElapsedCallback
                0x000000000800b4f6       0x14 ./Drivers/STM32F4xx_HAL_Driver/Src/stm32f4xx_hal_tim.o
                0x000000000800b4f6                HAL_TIM_OC_DelayElapsedCallback
 .text.HAL_TIM_IC_CaptureCallback
                0x000000000800b50a       0x14 ./Drivers/STM32F4xx_HAL_Driver/Src/stm32f4xx_hal_tim.o
                0x000000000800b50a                HAL_TIM_IC_CaptureCallback
 .text.HAL_TIM_PWM_PulseFinishedCallback
                0x000000000800b51e       0x14 ./Drivers/STM32F4xx_HAL_Driver/Src/stm32f4xx_hal_tim.o
                0x000000000800b51e                HAL_TIM_PWM_PulseFinishedCallback
 .text.HAL_TIM_TriggerCallback
                0x000000000800b532       0x14 ./Drivers/STM32F4xx_HAL_Driver/Src/stm32f4xx_hal_tim.o
                0x000000000800b532                HAL_TIM_TriggerCallback
 *fill*         0x000000000800b546        0x2 
 .text.TIM_Base_SetConfig
                0x000000000800b548      0x100 ./Drivers/STM32F4xx_HAL_Driver/Src/stm32f4xx_hal_tim.o
                0x000000000800b548                TIM_Base_SetConfig
 .text.TIM_OC1_SetConfig
                0x000000000800b648       0xcc ./Drivers/STM32F4xx_HAL_Driver/Src/stm32f4xx_hal_tim.o
 .text.TIM_OC2_SetConfig
                0x000000000800b714       0xd8 ./Drivers/STM32F4xx_HAL_Driver/Src/stm32f4xx_hal_tim.o
                0x000000000800b714                TIM_OC2_SetConfig
 .text.TIM_OC3_SetConfig
                0x000000000800b7ec       0xd4 ./Drivers/STM32F4xx_HAL_Driver/Src/stm32f4xx_hal_tim.o
 .text.TIM_OC4_SetConfig
                0x000000000800b8c0       0xa0 ./Drivers/STM32F4xx_HAL_Driver/Src/stm32f4xx_hal_tim.o
 .text.TIM_TI1_ConfigInputStage
                0x000000000800b960       0x5e ./Drivers/STM32F4xx_HAL_Driver/Src/stm32f4xx_hal_tim.o
 .text.TIM_TI2_ConfigInputStage
                0x000000000800b9be       0x60 ./Drivers/STM32F4xx_HAL_Driver/Src/stm32f4xx_hal_tim.o
 .text.TIM_ITRx_SetConfig
                0x000000000800ba1e       0x36 ./Drivers/STM32F4xx_HAL_Driver/Src/stm32f4xx_hal_tim.o
 .text.TIM_ETR_SetConfig
                0x000000000800ba54       0x40 ./Drivers/STM32F4xx_HAL_Driver/Src/stm32f4xx_hal_tim.o
                0x000000000800ba54                TIM_ETR_SetConfig
 .text.TIM_CCxChannelCmd
                0x000000000800ba94       0x4a ./Drivers/STM32F4xx_HAL_Driver/Src/stm32f4xx_hal_tim.o
                0x000000000800ba94                TIM_CCxChannelCmd
 *fill*         0x000000000800bade        0x2 
 .text.HAL_TIMEx_MasterConfigSynchronization
                0x000000000800bae0       0xdc ./Drivers/STM32F4xx_HAL_Driver/Src/stm32f4xx_hal_tim_ex.o
                0x000000000800bae0                HAL_TIMEx_MasterConfigSynchronization
 .text.HAL_TIMEx_CommutCallback
                0x000000000800bbbc       0x14 ./Drivers/STM32F4xx_HAL_Driver/Src/stm32f4xx_hal_tim_ex.o
                0x000000000800bbbc                HAL_TIMEx_CommutCallback
 .text.HAL_TIMEx_BreakCallback
                0x000000000800bbd0       0x14 ./Drivers/STM32F4xx_HAL_Driver/Src/stm32f4xx_hal_tim_ex.o
                0x000000000800bbd0                HAL_TIMEx_BreakCallback
 .text.USB_CoreInit
                0x000000000800bbe4       0xc2 ./Drivers/STM32F4xx_HAL_Driver/Src/stm32f4xx_ll_usb.o
                0x000000000800bbe4                USB_CoreInit
 *fill*         0x000000000800bca6        0x2 
 .text.USB_SetTurnaroundTime
                0x000000000800bca8      0x144 ./Drivers/STM32F4xx_HAL_Driver/Src/stm32f4xx_ll_usb.o
                0x000000000800bca8                USB_SetTurnaroundTime
 .text.USB_EnableGlobalInt
                0x000000000800bdec       0x22 ./Drivers/STM32F4xx_HAL_Driver/Src/stm32f4xx_ll_usb.o
                0x000000000800bdec                USB_EnableGlobalInt
 .text.USB_DisableGlobalInt
                0x000000000800be0e       0x22 ./Drivers/STM32F4xx_HAL_Driver/Src/stm32f4xx_ll_usb.o
                0x000000000800be0e                USB_DisableGlobalInt
 .text.USB_SetCurrentMode
                0x000000000800be30       0x98 ./Drivers/STM32F4xx_HAL_Driver/Src/stm32f4xx_ll_usb.o
                0x000000000800be30                USB_SetCurrentMode
 .text.USB_DevInit
                0x000000000800bec8      0x2c8 ./Drivers/STM32F4xx_HAL_Driver/Src/stm32f4xx_ll_usb.o
                0x000000000800bec8                USB_DevInit
 .text.USB_FlushTxFifo
                0x000000000800c190       0x48 ./Drivers/STM32F4xx_HAL_Driver/Src/stm32f4xx_ll_usb.o
                0x000000000800c190                USB_FlushTxFifo
 .text.USB_FlushRxFifo
                0x000000000800c1d8       0x40 ./Drivers/STM32F4xx_HAL_Driver/Src/stm32f4xx_ll_usb.o
                0x000000000800c1d8                USB_FlushRxFifo
 .text.USB_SetDevSpeed
                0x000000000800c218       0x32 ./Drivers/STM32F4xx_HAL_Driver/Src/stm32f4xx_ll_usb.o
                0x000000000800c218                USB_SetDevSpeed
 .text.USB_GetDevSpeed
                0x000000000800c24a       0x4a ./Drivers/STM32F4xx_HAL_Driver/Src/stm32f4xx_ll_usb.o
                0x000000000800c24a                USB_GetDevSpeed
 .text.USB_ActivateEndpoint
                0x000000000800c294      0x10e ./Drivers/STM32F4xx_HAL_Driver/Src/stm32f4xx_ll_usb.o
                0x000000000800c294                USB_ActivateEndpoint
 *fill*         0x000000000800c3a2        0x2 
 .text.USB_DeactivateEndpoint
                0x000000000800c3a4      0x1b8 ./Drivers/STM32F4xx_HAL_Driver/Src/stm32f4xx_ll_usb.o
                0x000000000800c3a4                USB_DeactivateEndpoint
 .text.USB_EPStartXfer
                0x000000000800c55c      0x488 ./Drivers/STM32F4xx_HAL_Driver/Src/stm32f4xx_ll_usb.o
                0x000000000800c55c                USB_EPStartXfer
 .text.USB_EP0StartXfer
                0x000000000800c9e4      0x2a6 ./Drivers/STM32F4xx_HAL_Driver/Src/stm32f4xx_ll_usb.o
                0x000000000800c9e4                USB_EP0StartXfer
 .text.USB_WritePacket
                0x000000000800cc8a       0x7c ./Drivers/STM32F4xx_HAL_Driver/Src/stm32f4xx_ll_usb.o
                0x000000000800cc8a                USB_WritePacket
 .text.USB_ReadPacket
                0x000000000800cd06       0xb0 ./Drivers/STM32F4xx_HAL_Driver/Src/stm32f4xx_ll_usb.o
                0x000000000800cd06                USB_ReadPacket
 .text.USB_EPSetStall
                0x000000000800cdb6       0xdc ./Drivers/STM32F4xx_HAL_Driver/Src/stm32f4xx_ll_usb.o
                0x000000000800cdb6                USB_EPSetStall
 .text.USB_EPClearStall
                0x000000000800ce92       0xcc ./Drivers/STM32F4xx_HAL_Driver/Src/stm32f4xx_ll_usb.o
                0x000000000800ce92                USB_EPClearStall
 .text.USB_SetDevAddress
                0x000000000800cf5e       0x4c ./Drivers/STM32F4xx_HAL_Driver/Src/stm32f4xx_ll_usb.o
                0x000000000800cf5e                USB_SetDevAddress
 .text.USB_DevConnect
                0x000000000800cfaa       0x42 ./Drivers/STM32F4xx_HAL_Driver/Src/stm32f4xx_ll_usb.o
                0x000000000800cfaa                USB_DevConnect
 .text.USB_DevDisconnect
                0x000000000800cfec       0x42 ./Drivers/STM32F4xx_HAL_Driver/Src/stm32f4xx_ll_usb.o
                0x000000000800cfec                USB_DevDisconnect
 .text.USB_ReadInterrupts
                0x000000000800d02e       0x26 ./Drivers/STM32F4xx_HAL_Driver/Src/stm32f4xx_ll_usb.o
                0x000000000800d02e                USB_ReadInterrupts
 .text.USB_ReadDevAllOutEpInterrupt
                0x000000000800d054       0x34 ./Drivers/STM32F4xx_HAL_Driver/Src/stm32f4xx_ll_usb.o
                0x000000000800d054                USB_ReadDevAllOutEpInterrupt
 .text.USB_ReadDevAllInEpInterrupt
                0x000000000800d088       0x34 ./Drivers/STM32F4xx_HAL_Driver/Src/stm32f4xx_ll_usb.o
                0x000000000800d088                USB_ReadDevAllInEpInterrupt
 .text.USB_ReadDevOutEPInterrupt
                0x000000000800d0bc       0x3c ./Drivers/STM32F4xx_HAL_Driver/Src/stm32f4xx_ll_usb.o
                0x000000000800d0bc                USB_ReadDevOutEPInterrupt
 .text.USB_ReadDevInEPInterrupt
                0x000000000800d0f8       0x5c ./Drivers/STM32F4xx_HAL_Driver/Src/stm32f4xx_ll_usb.o
                0x000000000800d0f8                USB_ReadDevInEPInterrupt
 .text.USB_GetMode
                0x000000000800d154       0x1c ./Drivers/STM32F4xx_HAL_Driver/Src/stm32f4xx_ll_usb.o
                0x000000000800d154                USB_GetMode
 .text.USB_ActivateSetup
                0x000000000800d170       0x46 ./Drivers/STM32F4xx_HAL_Driver/Src/stm32f4xx_ll_usb.o
                0x000000000800d170                USB_ActivateSetup
 *fill*         0x000000000800d1b6        0x2 
 .text.USB_EP0_OutStart
                0x000000000800d1b8       0xbc ./Drivers/STM32F4xx_HAL_Driver/Src/stm32f4xx_ll_usb.o
                0x000000000800d1b8                USB_EP0_OutStart
 .text.USB_CoreReset
                0x000000000800d274       0x64 ./Drivers/STM32F4xx_HAL_Driver/Src/stm32f4xx_ll_usb.o
 .text.USBD_CDC_Init
                0x000000000800d2d8       0xfe ./Middlewares/ST/STM32_USB_Device_Library/Class/CDC/Src/usbd_cdc.o
 .text.USBD_CDC_DeInit
                0x000000000800d3d6       0x74 ./Middlewares/ST/STM32_USB_Device_Library/Class/CDC/Src/usbd_cdc.o
 *fill*         0x000000000800d44a        0x2 
 .text.USBD_CDC_Setup
                0x000000000800d44c      0x190 ./Middlewares/ST/STM32_USB_Device_Library/Class/CDC/Src/usbd_cdc.o
 .text.USBD_CDC_DataIn
                0x000000000800d5dc       0xca ./Middlewares/ST/STM32_USB_Device_Library/Class/CDC/Src/usbd_cdc.o
 .text.USBD_CDC_DataOut
                0x000000000800d6a6       0x56 ./Middlewares/ST/STM32_USB_Device_Library/Class/CDC/Src/usbd_cdc.o
 .text.USBD_CDC_EP0_RxReady
                0x000000000800d6fc       0x5a ./Middlewares/ST/STM32_USB_Device_Library/Class/CDC/Src/usbd_cdc.o
 *fill*         0x000000000800d756        0x2 
 .text.USBD_CDC_GetFSCfgDesc
                0x000000000800d758       0x20 ./Middlewares/ST/STM32_USB_Device_Library/Class/CDC/Src/usbd_cdc.o
 .text.USBD_CDC_GetHSCfgDesc
                0x000000000800d778       0x20 ./Middlewares/ST/STM32_USB_Device_Library/Class/CDC/Src/usbd_cdc.o
 .text.USBD_CDC_GetOtherSpeedCfgDesc
                0x000000000800d798       0x20 ./Middlewares/ST/STM32_USB_Device_Library/Class/CDC/Src/usbd_cdc.o
 .text.USBD_CDC_GetDeviceQualifierDescriptor
                0x000000000800d7b8       0x20 ./Middlewares/ST/STM32_USB_Device_Library/Class/CDC/Src/usbd_cdc.o
                0x000000000800d7b8                USBD_CDC_GetDeviceQualifierDescriptor
 .text.USBD_CDC_RegisterInterface
                0x000000000800d7d8       0x2a ./Middlewares/ST/STM32_USB_Device_Library/Class/CDC/Src/usbd_cdc.o
                0x000000000800d7d8                USBD_CDC_RegisterInterface
 .text.USBD_CDC_SetTxBuffer
                0x000000000800d802       0x3c ./Middlewares/ST/STM32_USB_Device_Library/Class/CDC/Src/usbd_cdc.o
                0x000000000800d802                USBD_CDC_SetTxBuffer
 .text.USBD_CDC_SetRxBuffer
                0x000000000800d83e       0x32 ./Middlewares/ST/STM32_USB_Device_Library/Class/CDC/Src/usbd_cdc.o
                0x000000000800d83e                USBD_CDC_SetRxBuffer
 .text.USBD_CDC_TransmitPacket
                0x000000000800d870       0x60 ./Middlewares/ST/STM32_USB_Device_Library/Class/CDC/Src/usbd_cdc.o
                0x000000000800d870                USBD_CDC_TransmitPacket
 .text.USBD_CDC_ReceivePacket
                0x000000000800d8d0       0x54 ./Middlewares/ST/STM32_USB_Device_Library/Class/CDC/Src/usbd_cdc.o
                0x000000000800d8d0                USBD_CDC_ReceivePacket
 .text.USBD_Init
                0x000000000800d924       0x60 ./Middlewares/ST/STM32_USB_Device_Library/Core/Src/usbd_core.o
                0x000000000800d924                USBD_Init
 .text.USBD_RegisterClass
                0x000000000800d984       0x4e ./Middlewares/ST/STM32_USB_Device_Library/Core/Src/usbd_core.o
                0x000000000800d984                USBD_RegisterClass
 .text.USBD_Start
                0x000000000800d9d2       0x18 ./Middlewares/ST/STM32_USB_Device_Library/Core/Src/usbd_core.o
                0x000000000800d9d2                USBD_Start
 .text.USBD_RunTestMode
                0x000000000800d9ea       0x16 ./Middlewares/ST/STM32_USB_Device_Library/Core/Src/usbd_core.o
                0x000000000800d9ea                USBD_RunTestMode
 .text.USBD_SetClassConfig
                0x000000000800da00       0x38 ./Middlewares/ST/STM32_USB_Device_Library/Core/Src/usbd_core.o
                0x000000000800da00                USBD_SetClassConfig
 .text.USBD_ClrClassConfig
                0x000000000800da38       0x30 ./Middlewares/ST/STM32_USB_Device_Library/Core/Src/usbd_core.o
                0x000000000800da38                USBD_ClrClassConfig
 .text.USBD_LL_SetupStage
                0x000000000800da68       0xaa ./Middlewares/ST/STM32_USB_Device_Library/Core/Src/usbd_core.o
                0x000000000800da68                USBD_LL_SetupStage
 .text.USBD_LL_DataOutStage
                0x000000000800db12       0xc6 ./Middlewares/ST/STM32_USB_Device_Library/Core/Src/usbd_core.o
                0x000000000800db12                USBD_LL_DataOutStage
 .text.USBD_LL_DataInStage
                0x000000000800dbd8      0x12c ./Middlewares/ST/STM32_USB_Device_Library/Core/Src/usbd_core.o
                0x000000000800dbd8                USBD_LL_DataInStage
 .text.USBD_LL_Reset
                0x000000000800dd04       0x9c ./Middlewares/ST/STM32_USB_Device_Library/Core/Src/usbd_core.o
                0x000000000800dd04                USBD_LL_Reset
 .text.USBD_LL_SetSpeed
                0x000000000800dda0       0x20 ./Middlewares/ST/STM32_USB_Device_Library/Core/Src/usbd_core.o
                0x000000000800dda0                USBD_LL_SetSpeed
 .text.USBD_LL_Suspend
                0x000000000800ddc0       0x2c ./Middlewares/ST/STM32_USB_Device_Library/Core/Src/usbd_core.o
                0x000000000800ddc0                USBD_LL_Suspend
 .text.USBD_LL_Resume
                0x000000000800ddec       0x30 ./Middlewares/ST/STM32_USB_Device_Library/Core/Src/usbd_core.o
                0x000000000800ddec                USBD_LL_Resume
 .text.USBD_LL_SOF
                0x000000000800de1c       0x44 ./Middlewares/ST/STM32_USB_Device_Library/Core/Src/usbd_core.o
                0x000000000800de1c                USBD_LL_SOF
 .text.USBD_LL_IsoINIncomplete
                0x000000000800de60       0x4c ./Middlewares/ST/STM32_USB_Device_Library/Core/Src/usbd_core.o
                0x000000000800de60                USBD_LL_IsoINIncomplete
 .text.USBD_LL_IsoOUTIncomplete
                0x000000000800deac       0x4c ./Middlewares/ST/STM32_USB_Device_Library/Core/Src/usbd_core.o
                0x000000000800deac                USBD_LL_IsoOUTIncomplete
 .text.USBD_LL_DevConnected
                0x000000000800def8       0x16 ./Middlewares/ST/STM32_USB_Device_Library/Core/Src/usbd_core.o
                0x000000000800def8                USBD_LL_DevConnected
 .text.USBD_LL_DevDisconnected
                0x000000000800df0e       0x38 ./Middlewares/ST/STM32_USB_Device_Library/Core/Src/usbd_core.o
                0x000000000800df0e                USBD_LL_DevDisconnected
 .text.SWAPBYTE
                0x000000000800df46       0x3c ./Middlewares/ST/STM32_USB_Device_Library/Core/Src/usbd_ctlreq.o
 *fill*         0x000000000800df82        0x2 
 .text.USBD_StdDevReq
                0x000000000800df84       0xdc ./Middlewares/ST/STM32_USB_Device_Library/Core/Src/usbd_ctlreq.o
                0x000000000800df84                USBD_StdDevReq
 .text.USBD_StdItfReq
                0x000000000800e060       0x92 ./Middlewares/ST/STM32_USB_Device_Library/Core/Src/usbd_ctlreq.o
                0x000000000800e060                USBD_StdItfReq
 .text.USBD_StdEPReq
                0x000000000800e0f2      0x2c4 ./Middlewares/ST/STM32_USB_Device_Library/Core/Src/usbd_ctlreq.o
                0x000000000800e0f2                USBD_StdEPReq
 *fill*         0x000000000800e3b6        0x2 
 .text.USBD_GetDescriptor
                0x000000000800e3b8      0x2d4 ./Middlewares/ST/STM32_USB_Device_Library/Core/Src/usbd_ctlreq.o
 .text.USBD_SetAddress
                0x000000000800e68c       0x88 ./Middlewares/ST/STM32_USB_Device_Library/Core/Src/usbd_ctlreq.o
 .text.USBD_SetConfig
                0x000000000800e714      0x14c ./Middlewares/ST/STM32_USB_Device_Library/Core/Src/usbd_ctlreq.o
 .text.USBD_GetConfig
                0x000000000800e860       0x6c ./Middlewares/ST/STM32_USB_Device_Library/Core/Src/usbd_ctlreq.o
 .text.USBD_GetStatus
                0x000000000800e8cc       0x68 ./Middlewares/ST/STM32_USB_Device_Library/Core/Src/usbd_ctlreq.o
 .text.USBD_SetFeature
                0x000000000800e934       0x28 ./Middlewares/ST/STM32_USB_Device_Library/Core/Src/usbd_ctlreq.o
 .text.USBD_ClrFeature
                0x000000000800e95c       0x44 ./Middlewares/ST/STM32_USB_Device_Library/Core/Src/usbd_ctlreq.o
 .text.USBD_ParseSetupRequest
                0x000000000800e9a0       0x74 ./Middlewares/ST/STM32_USB_Device_Library/Core/Src/usbd_ctlreq.o
                0x000000000800e9a0                USBD_ParseSetupRequest
 .text.USBD_CtlError
                0x000000000800ea14       0x22 ./Middlewares/ST/STM32_USB_Device_Library/Core/Src/usbd_ctlreq.o
                0x000000000800ea14                USBD_CtlError
 .text.USBD_GetString
                0x000000000800ea36       0x8c ./Middlewares/ST/STM32_USB_Device_Library/Core/Src/usbd_ctlreq.o
                0x000000000800ea36                USBD_GetString
 .text.USBD_GetLen
                0x000000000800eac2       0x34 ./Middlewares/ST/STM32_USB_Device_Library/Core/Src/usbd_ctlreq.o
 .text.USBD_CtlSendData
                0x000000000800eaf6       0x36 ./Middlewares/ST/STM32_USB_Device_Library/Core/Src/usbd_ioreq.o
                0x000000000800eaf6                USBD_CtlSendData
 .text.USBD_CtlContinueSendData
                0x000000000800eb2c       0x22 ./Middlewares/ST/STM32_USB_Device_Library/Core/Src/usbd_ioreq.o
                0x000000000800eb2c                USBD_CtlContinueSendData
 .text.USBD_CtlPrepareRx
                0x000000000800eb4e       0x3a ./Middlewares/ST/STM32_USB_Device_Library/Core/Src/usbd_ioreq.o
                0x000000000800eb4e                USBD_CtlPrepareRx
 .text.USBD_CtlContinueRx
                0x000000000800eb88       0x22 ./Middlewares/ST/STM32_USB_Device_Library/Core/Src/usbd_ioreq.o
                0x000000000800eb88                USBD_CtlContinueRx
 .text.USBD_CtlSendStatus
                0x000000000800ebaa       0x26 ./Middlewares/ST/STM32_USB_Device_Library/Core/Src/usbd_ioreq.o
                0x000000000800ebaa                USBD_CtlSendStatus
 .text.USBD_CtlReceiveStatus
                0x000000000800ebd0       0x26 ./Middlewares/ST/STM32_USB_Device_Library/Core/Src/usbd_ioreq.o
                0x000000000800ebd0                USBD_CtlReceiveStatus
 *fill*         0x000000000800ebf6        0x2 
 .text.__NVIC_SetPriority
                0x000000000800ebf8       0x54 ./Middlewares/Third_Party/FreeRTOS/Source/CMSIS_RTOS_V2/cmsis_os2.o
 .text.SysTick_Handler
                0x000000000800ec4c       0x20 ./Middlewares/Third_Party/FreeRTOS/Source/CMSIS_RTOS_V2/cmsis_os2.o
                0x000000000800ec4c                SysTick_Handler
 .text.SVC_Setup
                0x000000000800ec6c       0x12 ./Middlewares/Third_Party/FreeRTOS/Source/CMSIS_RTOS_V2/cmsis_os2.o
 *fill*         0x000000000800ec7e        0x2 
 .text.osKernelInitialize
                0x000000000800ec80       0x48 ./Middlewares/Third_Party/FreeRTOS/Source/CMSIS_RTOS_V2/cmsis_os2.o
                0x000000000800ec80                osKernelInitialize
 .text.osKernelStart
                0x000000000800ecc8       0x4c ./Middlewares/Third_Party/FreeRTOS/Source/CMSIS_RTOS_V2/cmsis_os2.o
                0x000000000800ecc8                osKernelStart
 .text.osThreadNew
                0x000000000800ed14      0x124 ./Middlewares/Third_Party/FreeRTOS/Source/CMSIS_RTOS_V2/cmsis_os2.o
                0x000000000800ed14                osThreadNew
 .text.osDelay  0x000000000800ee38       0x36 ./Middlewares/Third_Party/FreeRTOS/Source/CMSIS_RTOS_V2/cmsis_os2.o
                0x000000000800ee38                osDelay
 *fill*         0x000000000800ee6e        0x2 
 .text.vApplicationGetIdleTaskMemory
                0x000000000800ee70       0x34 ./Middlewares/Third_Party/FreeRTOS/Source/CMSIS_RTOS_V2/cmsis_os2.o
                0x000000000800ee70                vApplicationGetIdleTaskMemory
 .text.vApplicationGetTimerTaskMemory
                0x000000000800eea4       0x34 ./Middlewares/Third_Party/FreeRTOS/Source/CMSIS_RTOS_V2/cmsis_os2.o
                0x000000000800eea4                vApplicationGetTimerTaskMemory
 .text.vListInitialise
                0x000000000800eed8       0x40 ./Middlewares/Third_Party/FreeRTOS/Source/list.o
                0x000000000800eed8                vListInitialise
 .text.vListInitialiseItem
                0x000000000800ef18       0x1a ./Middlewares/Third_Party/FreeRTOS/Source/list.o
                0x000000000800ef18                vListInitialiseItem
 .text.vListInsertEnd
                0x000000000800ef32       0x48 ./Middlewares/Third_Party/FreeRTOS/Source/list.o
                0x000000000800ef32                vListInsertEnd
 .text.vListInsert
                0x000000000800ef7a       0x72 ./Middlewares/Third_Party/FreeRTOS/Source/list.o
                0x000000000800ef7a                vListInsert
 .text.uxListRemove
                0x000000000800efec       0x54 ./Middlewares/Third_Party/FreeRTOS/Source/list.o
                0x000000000800efec                uxListRemove
 .text.xQueueGenericReset
                0x000000000800f040       0xd0 ./Middlewares/Third_Party/FreeRTOS/Source/queue.o
                0x000000000800f040                xQueueGenericReset
 .text.xQueueGenericCreateStatic
                0x000000000800f110       0xf0 ./Middlewares/Third_Party/FreeRTOS/Source/queue.o
                0x000000000800f110                xQueueGenericCreateStatic
 .text.prvInitialiseNewQueue
                0x000000000800f200       0x46 ./Middlewares/Third_Party/FreeRTOS/Source/queue.o
 *fill*         0x000000000800f246        0x2 
 .text.xQueueGenericSend
                0x000000000800f248      0x1fc ./Middlewares/Third_Party/FreeRTOS/Source/queue.o
                0x000000000800f248                xQueueGenericSend
 .text.xQueueGenericSendFromISR
                0x000000000800f444      0x136 ./Middlewares/Third_Party/FreeRTOS/Source/queue.o
                0x000000000800f444                xQueueGenericSendFromISR
 *fill*         0x000000000800f57a        0x2 
 .text.xQueueReceive
                0x000000000800f57c      0x1c0 ./Middlewares/Third_Party/FreeRTOS/Source/queue.o
                0x000000000800f57c                xQueueReceive
 .text.prvCopyDataToQueue
                0x000000000800f73c       0xd4 ./Middlewares/Third_Party/FreeRTOS/Source/queue.o
 .text.prvCopyDataFromQueue
                0x000000000800f810       0x4c ./Middlewares/Third_Party/FreeRTOS/Source/queue.o
 .text.prvUnlockQueue
                0x000000000800f85c       0xa4 ./Middlewares/Third_Party/FreeRTOS/Source/queue.o
 .text.prvIsQueueEmpty
                0x000000000800f900       0x2c ./Middlewares/Third_Party/FreeRTOS/Source/queue.o
 .text.prvIsQueueFull
                0x000000000800f92c       0x30 ./Middlewares/Third_Party/FreeRTOS/Source/queue.o
 .text.vQueueAddToRegistry
                0x000000000800f95c       0x54 ./Middlewares/Third_Party/FreeRTOS/Source/queue.o
                0x000000000800f95c                vQueueAddToRegistry
 .text.vQueueWaitForMessageRestricted
                0x000000000800f9b0       0x68 ./Middlewares/Third_Party/FreeRTOS/Source/queue.o
                0x000000000800f9b0                vQueueWaitForMessageRestricted
 .text.xTaskCreateStatic
                0x000000000800fa18       0xba ./Middlewares/Third_Party/FreeRTOS/Source/tasks.o
                0x000000000800fa18                xTaskCreateStatic
 .text.xTaskCreate
                0x000000000800fad2       0x8a ./Middlewares/Third_Party/FreeRTOS/Source/tasks.o
                0x000000000800fad2                xTaskCreate
 .text.prvInitialiseNewTask
                0x000000000800fb5c      0x11e ./Middlewares/Third_Party/FreeRTOS/Source/tasks.o
 *fill*         0x000000000800fc7a        0x2 
 .text.prvAddNewTaskToReadyList
                0x000000000800fc7c       0xe0 ./Middlewares/Third_Party/FreeRTOS/Source/tasks.o
 .text.vTaskDelay
                0x000000000800fd5c       0x68 ./Middlewares/Third_Party/FreeRTOS/Source/tasks.o
                0x000000000800fd5c                vTaskDelay
 .text.vTaskStartScheduler
                0x000000000800fdc4       0xcc ./Middlewares/Third_Party/FreeRTOS/Source/tasks.o
                0x000000000800fdc4                vTaskStartScheduler
 .text.vTaskSuspendAll
                0x000000000800fe90       0x1c ./Middlewares/Third_Party/FreeRTOS/Source/tasks.o
                0x000000000800fe90                vTaskSuspendAll
 .text.xTaskResumeAll
                0x000000000800feac      0x13c ./Middlewares/Third_Party/FreeRTOS/Source/tasks.o
                0x000000000800feac                xTaskResumeAll
 .text.xTaskGetTickCount
                0x000000000800ffe8       0x20 ./Middlewares/Third_Party/FreeRTOS/Source/tasks.o
                0x000000000800ffe8                xTaskGetTickCount
 .text.xTaskIncrementTick
                0x0000000008010008      0x174 ./Middlewares/Third_Party/FreeRTOS/Source/tasks.o
                0x0000000008010008                xTaskIncrementTick
 .text.vTaskSwitchContext
                0x000000000801017c       0xbc ./Middlewares/Third_Party/FreeRTOS/Source/tasks.o
                0x000000000801017c                vTaskSwitchContext
 .text.vTaskPlaceOnEventList
                0x0000000008010238       0x48 ./Middlewares/Third_Party/FreeRTOS/Source/tasks.o
                0x0000000008010238                vTaskPlaceOnEventList
 .text.vTaskPlaceOnEventListRestricted
                0x0000000008010280       0x58 ./Middlewares/Third_Party/FreeRTOS/Source/tasks.o
                0x0000000008010280                vTaskPlaceOnEventListRestricted
 .text.xTaskRemoveFromEventList
                0x00000000080102d8       0xc8 ./Middlewares/Third_Party/FreeRTOS/Source/tasks.o
                0x00000000080102d8                xTaskRemoveFromEventList
 .text.vTaskInternalSetTimeOutState
                0x00000000080103a0       0x2c ./Middlewares/Third_Party/FreeRTOS/Source/tasks.o
                0x00000000080103a0                vTaskInternalSetTimeOutState
 .text.xTaskCheckForTimeOut
                0x00000000080103cc       0xc4 ./Middlewares/Third_Party/FreeRTOS/Source/tasks.o
                0x00000000080103cc                xTaskCheckForTimeOut
 .text.vTaskMissedYield
                0x0000000008010490       0x18 ./Middlewares/Third_Party/FreeRTOS/Source/tasks.o
                0x0000000008010490                vTaskMissedYield
 .text.prvIdleTask
                0x00000000080104a8       0x30 ./Middlewares/Third_Party/FreeRTOS/Source/tasks.o
 .text.prvInitialiseTaskLists
                0x00000000080104d8       0x80 ./Middlewares/Third_Party/FreeRTOS/Source/tasks.o
 .text.prvCheckTasksWaitingTermination
                0x0000000008010558       0x5c ./Middlewares/Third_Party/FreeRTOS/Source/tasks.o
 .text.prvDeleteTCB
                0x00000000080105b4       0x5e ./Middlewares/Third_Party/FreeRTOS/Source/tasks.o
 *fill*         0x0000000008010612        0x2 
 .text.prvResetNextTaskUnblockTime
                0x0000000008010614       0x40 ./Middlewares/Third_Party/FreeRTOS/Source/tasks.o
 .text.xTaskGetSchedulerState
                0x0000000008010654       0x3c ./Middlewares/Third_Party/FreeRTOS/Source/tasks.o
                0x0000000008010654                xTaskGetSchedulerState
 .text.xTaskPriorityDisinherit
                0x0000000008010690       0xdc ./Middlewares/Third_Party/FreeRTOS/Source/tasks.o
                0x0000000008010690                xTaskPriorityDisinherit
 .text.prvAddCurrentTaskToDelayedList
                0x000000000801076c       0xa8 ./Middlewares/Third_Party/FreeRTOS/Source/tasks.o
 .text.xTimerCreateTimerTask
                0x0000000008010814       0x90 ./Middlewares/Third_Party/FreeRTOS/Source/timers.o
                0x0000000008010814                xTimerCreateTimerTask
 .text.xTimerGenericCommand
                0x00000000080108a4       0x9c ./Middlewares/Third_Party/FreeRTOS/Source/timers.o
                0x00000000080108a4                xTimerGenericCommand
 .text.prvProcessExpiredTimer
                0x0000000008010940       0x98 ./Middlewares/Third_Party/FreeRTOS/Source/timers.o
 .text.prvTimerTask
                0x00000000080109d8       0x24 ./Middlewares/Third_Party/FreeRTOS/Source/timers.o
 .text.prvProcessTimerOrBlockTask
                0x00000000080109fc       0x9c ./Middlewares/Third_Party/FreeRTOS/Source/timers.o
 .text.prvGetNextExpireTime
                0x0000000008010a98       0x48 ./Middlewares/Third_Party/FreeRTOS/Source/timers.o
 .text.prvSampleTimeNow
                0x0000000008010ae0       0x40 ./Middlewares/Third_Party/FreeRTOS/Source/timers.o
 .text.prvInsertTimerInActiveList
                0x0000000008010b20       0x84 ./Middlewares/Third_Party/FreeRTOS/Source/timers.o
 .text.prvProcessReceivedCommands
                0x0000000008010ba4      0x1c4 ./Middlewares/Third_Party/FreeRTOS/Source/timers.o
 .text.prvSwitchTimerLists
                0x0000000008010d68       0xc8 ./Middlewares/Third_Party/FreeRTOS/Source/timers.o
 .text.prvCheckForValidListAndQueue
                0x0000000008010e30       0x80 ./Middlewares/Third_Party/FreeRTOS/Source/timers.o
 .text.pxPortInitialiseStack
                0x0000000008010eb0       0x68 ./Middlewares/Third_Party/FreeRTOS/Source/portable/GCC/ARM_CM4F/port.o
                0x0000000008010eb0                pxPortInitialiseStack
 .text.prvTaskExitError
                0x0000000008010f18       0x58 ./Middlewares/Third_Party/FreeRTOS/Source/portable/GCC/ARM_CM4F/port.o
 .text.SVC_Handler
                0x0000000008010f70       0x28 ./Middlewares/Third_Party/FreeRTOS/Source/portable/GCC/ARM_CM4F/port.o
                0x0000000008010f70                SVC_Handler
 .text.prvPortStartFirstTask
                0x0000000008010f98       0x28 ./Middlewares/Third_Party/FreeRTOS/Source/portable/GCC/ARM_CM4F/port.o
 .text.xPortStartScheduler
                0x0000000008010fc0      0x144 ./Middlewares/Third_Party/FreeRTOS/Source/portable/GCC/ARM_CM4F/port.o
                0x0000000008010fc0                xPortStartScheduler
 .text.vPortEnterCritical
                0x0000000008011104       0x60 ./Middlewares/Third_Party/FreeRTOS/Source/portable/GCC/ARM_CM4F/port.o
                0x0000000008011104                vPortEnterCritical
 .text.vPortExitCritical
                0x0000000008011164       0x54 ./Middlewares/Third_Party/FreeRTOS/Source/portable/GCC/ARM_CM4F/port.o
                0x0000000008011164                vPortExitCritical
 *fill*         0x00000000080111b8        0x8 
 .text.PendSV_Handler
                0x00000000080111c0       0x68 ./Middlewares/Third_Party/FreeRTOS/Source/portable/GCC/ARM_CM4F/port.o
                0x00000000080111c0                PendSV_Handler
 .text.xPortSysTickHandler
                0x0000000008011228       0x44 ./Middlewares/Third_Party/FreeRTOS/Source/portable/GCC/ARM_CM4F/port.o
                0x0000000008011228                xPortSysTickHandler
 .text.vPortSetupTimerInterrupt
                0x000000000801126c       0x48 ./Middlewares/Third_Party/FreeRTOS/Source/portable/GCC/ARM_CM4F/port.o
                0x000000000801126c                vPortSetupTimerInterrupt
 .text.vPortEnableVFP
                0x00000000080112b4       0x14 ./Middlewares/Third_Party/FreeRTOS/Source/portable/GCC/ARM_CM4F/port.o
 .text.vPortValidateInterruptPriority
                0x00000000080112c8       0x80 ./Middlewares/Third_Party/FreeRTOS/Source/portable/GCC/ARM_CM4F/port.o
                0x00000000080112c8                vPortValidateInterruptPriority
 .text.pvPortMalloc
                0x0000000008011348      0x198 ./Middlewares/Third_Party/FreeRTOS/Source/portable/MemMang/heap_4.o
                0x0000000008011348                pvPortMalloc
 .text.vPortFree
                0x00000000080114e0       0xc4 ./Middlewares/Third_Party/FreeRTOS/Source/portable/MemMang/heap_4.o
                0x00000000080114e0                vPortFree
 .text.prvHeapInit
                0x00000000080115a4       0xc4 ./Middlewares/Third_Party/FreeRTOS/Source/portable/MemMang/heap_4.o
 .text.prvInsertBlockIntoFreeList
                0x0000000008011668       0xb4 ./Middlewares/Third_Party/FreeRTOS/Source/portable/MemMang/heap_4.o
 .text.MX_USB_DEVICE_Init
                0x000000000801171c       0x60 ./USB_DEVICE/App/usb_device.o
                0x000000000801171c                MX_USB_DEVICE_Init
 .text.CDC_Init_FS
                0x000000000801177c       0x28 ./USB_DEVICE/App/usbd_cdc_if.o
 .text.CDC_DeInit_FS
                0x00000000080117a4       0x10 ./USB_DEVICE/App/usbd_cdc_if.o
 .text.CDC_Control_FS
                0x00000000080117b4       0xbc ./USB_DEVICE/App/usbd_cdc_if.o
 .text.CDC_Receive_FS
                0x0000000008011870       0x28 ./USB_DEVICE/App/usbd_cdc_if.o
 .text.CDC_Transmit_FS
                0x0000000008011898       0x4c ./USB_DEVICE/App/usbd_cdc_if.o
                0x0000000008011898                CDC_Transmit_FS
 .text.CDC_TransmitCplt_FS
                0x00000000080118e4       0x22 ./USB_DEVICE/App/usbd_cdc_if.o
 *fill*         0x0000000008011906        0x2 
 .text.USBD_FS_DeviceDescriptor
                0x0000000008011908       0x24 ./USB_DEVICE/App/usbd_desc.o
                0x0000000008011908                USBD_FS_DeviceDescriptor
 .text.USBD_FS_LangIDStrDescriptor
                0x000000000801192c       0x24 ./USB_DEVICE/App/usbd_desc.o
                0x000000000801192c                USBD_FS_LangIDStrDescriptor
 .text.USBD_FS_ProductStrDescriptor
                0x0000000008011950       0x3c ./USB_DEVICE/App/usbd_desc.o
                0x0000000008011950                USBD_FS_ProductStrDescriptor
 .text.USBD_FS_ManufacturerStrDescriptor
                0x000000000801198c       0x28 ./USB_DEVICE/App/usbd_desc.o
                0x000000000801198c                USBD_FS_ManufacturerStrDescriptor
 .text.USBD_FS_SerialStrDescriptor
                0x00000000080119b4       0x24 ./USB_DEVICE/App/usbd_desc.o
                0x00000000080119b4                USBD_FS_SerialStrDescriptor
 .text.USBD_FS_ConfigStrDescriptor
                0x00000000080119d8       0x3c ./USB_DEVICE/App/usbd_desc.o
                0x00000000080119d8                USBD_FS_ConfigStrDescriptor
 .text.USBD_FS_InterfaceStrDescriptor
                0x0000000008011a14       0x3c ./USB_DEVICE/App/usbd_desc.o
                0x0000000008011a14                USBD_FS_InterfaceStrDescriptor
 .text.Get_SerialNum
                0x0000000008011a50       0x58 ./USB_DEVICE/App/usbd_desc.o
 .text.IntToUnicode
                0x0000000008011aa8       0x7e ./USB_DEVICE/App/usbd_desc.o
 *fill*         0x0000000008011b26        0x2 
 .text.HAL_PCD_MspInit
                0x0000000008011b28       0xc4 ./USB_DEVICE/Target/usbd_conf.o
                0x0000000008011b28                HAL_PCD_MspInit
 .text.HAL_PCD_SetupStageCallback
                0x0000000008011bec       0x24 ./USB_DEVICE/Target/usbd_conf.o
                0x0000000008011bec                HAL_PCD_SetupStageCallback
 .text.HAL_PCD_DataOutStageCallback
                0x0000000008011c10       0x36 ./USB_DEVICE/Target/usbd_conf.o
                0x0000000008011c10                HAL_PCD_DataOutStageCallback
 .text.HAL_PCD_DataInStageCallback
                0x0000000008011c46       0x34 ./USB_DEVICE/Target/usbd_conf.o
                0x0000000008011c46                HAL_PCD_DataInStageCallback
 .text.HAL_PCD_SOFCallback
                0x0000000008011c7a       0x1c ./USB_DEVICE/Target/usbd_conf.o
                0x0000000008011c7a                HAL_PCD_SOFCallback
 .text.HAL_PCD_ResetCallback
                0x0000000008011c96       0x3c ./USB_DEVICE/Target/usbd_conf.o
                0x0000000008011c96                HAL_PCD_ResetCallback
 *fill*         0x0000000008011cd2        0x2 
 .text.HAL_PCD_SuspendCallback
                0x0000000008011cd4       0x4c ./USB_DEVICE/Target/usbd_conf.o
                0x0000000008011cd4                HAL_PCD_SuspendCallback
 .text.HAL_PCD_ResumeCallback
                0x0000000008011d20       0x1c ./USB_DEVICE/Target/usbd_conf.o
                0x0000000008011d20                HAL_PCD_ResumeCallback
 .text.HAL_PCD_ISOOUTIncompleteCallback
                0x0000000008011d3c       0x24 ./USB_DEVICE/Target/usbd_conf.o
                0x0000000008011d3c                HAL_PCD_ISOOUTIncompleteCallback
 .text.HAL_PCD_ISOINIncompleteCallback
                0x0000000008011d60       0x24 ./USB_DEVICE/Target/usbd_conf.o
                0x0000000008011d60                HAL_PCD_ISOINIncompleteCallback
 .text.HAL_PCD_ConnectCallback
                0x0000000008011d84       0x1c ./USB_DEVICE/Target/usbd_conf.o
                0x0000000008011d84                HAL_PCD_ConnectCallback
 .text.HAL_PCD_DisconnectCallback
                0x0000000008011da0       0x1c ./USB_DEVICE/Target/usbd_conf.o
                0x0000000008011da0                HAL_PCD_DisconnectCallback
 .text.USBD_LL_Init
                0x0000000008011dbc       0x98 ./USB_DEVICE/Target/usbd_conf.o
                0x0000000008011dbc                USBD_LL_Init
 .text.USBD_LL_Start
                0x0000000008011e54       0x36 ./USB_DEVICE/Target/usbd_conf.o
                0x0000000008011e54                USBD_LL_Start
 .text.USBD_LL_OpenEP
                0x0000000008011e8a       0x4c ./USB_DEVICE/Target/usbd_conf.o
                0x0000000008011e8a                USBD_LL_OpenEP
 .text.USBD_LL_CloseEP
                0x0000000008011ed6       0x3e ./USB_DEVICE/Target/usbd_conf.o
                0x0000000008011ed6                USBD_LL_CloseEP
 .text.USBD_LL_StallEP
                0x0000000008011f14       0x3e ./USB_DEVICE/Target/usbd_conf.o
                0x0000000008011f14                USBD_LL_StallEP
 .text.USBD_LL_ClearStallEP
                0x0000000008011f52       0x3e ./USB_DEVICE/Target/usbd_conf.o
                0x0000000008011f52                USBD_LL_ClearStallEP
 .text.USBD_LL_IsStallEP
                0x0000000008011f90       0x58 ./USB_DEVICE/Target/usbd_conf.o
                0x0000000008011f90                USBD_LL_IsStallEP
 .text.USBD_LL_SetUSBAddress
                0x0000000008011fe8       0x3e ./USB_DEVICE/Target/usbd_conf.o
                0x0000000008011fe8                USBD_LL_SetUSBAddress
 .text.USBD_LL_Transmit
                0x0000000008012026       0x42 ./USB_DEVICE/Target/usbd_conf.o
                0x0000000008012026                USBD_LL_Transmit
 .text.USBD_LL_PrepareReceive
                0x0000000008012068       0x42 ./USB_DEVICE/Target/usbd_conf.o
                0x0000000008012068                USBD_LL_PrepareReceive
 .text.USBD_LL_GetRxDataSize
                0x00000000080120aa       0x26 ./USB_DEVICE/Target/usbd_conf.o
                0x00000000080120aa                USBD_LL_GetRxDataSize
 .text.USBD_static_malloc
                0x00000000080120d0       0x1c ./USB_DEVICE/Target/usbd_conf.o
                0x00000000080120d0                USBD_static_malloc
 .text.USBD_static_free
                0x00000000080120ec       0x14 ./USB_DEVICE/Target/usbd_conf.o
                0x00000000080120ec                USBD_static_free
 .text.USBD_Get_USB_Status
                0x0000000008012100       0x58 ./USB_DEVICE/Target/usbd_conf.o
                0x0000000008012100                USBD_Get_USB_Status
 .text.__errno  0x0000000008012158        0xc d:/windowsprograms/stm32cube/stm32cubeide_1.7.0/stm32cubeide/plugins/com.st.stm32cube.ide.mcu.externaltools.gnu-tools-for-stm32.9-2020-q2-update.win32_2.0.0.202105311346/tools/bin/../lib/gcc/arm-none-eabi/9.3.1/../../../../arm-none-eabi/lib/thumb/v7e-m+fp/hard\libc_nano.a(lib_a-errno.o)
                0x0000000008012158                __errno
 .text.__libc_init_array
                0x0000000008012164       0x48 d:/windowsprograms/stm32cube/stm32cubeide_1.7.0/stm32cubeide/plugins/com.st.stm32cube.ide.mcu.externaltools.gnu-tools-for-stm32.9-2020-q2-update.win32_2.0.0.202105311346/tools/bin/../lib/gcc/arm-none-eabi/9.3.1/../../../../arm-none-eabi/lib/thumb/v7e-m+fp/hard\libc_nano.a(lib_a-init.o)
                0x0000000008012164                __libc_init_array
 .text.memcpy   0x00000000080121ac       0x1c d:/windowsprograms/stm32cube/stm32cubeide_1.7.0/stm32cubeide/plugins/com.st.stm32cube.ide.mcu.externaltools.gnu-tools-for-stm32.9-2020-q2-update.win32_2.0.0.202105311346/tools/bin/../lib/gcc/arm-none-eabi/9.3.1/../../../../arm-none-eabi/lib/thumb/v7e-m+fp/hard\libc_nano.a(lib_a-memcpy-stub.o)
                0x00000000080121ac                memcpy
 .text.memset   0x00000000080121c8       0x10 d:/windowsprograms/stm32cube/stm32cubeide_1.7.0/stm32cubeide/plugins/com.st.stm32cube.ide.mcu.externaltools.gnu-tools-for-stm32.9-2020-q2-update.win32_2.0.0.202105311346/tools/bin/../lib/gcc/arm-none-eabi/9.3.1/../../../../arm-none-eabi/lib/thumb/v7e-m+fp/hard\libc_nano.a(lib_a-memset.o)
                0x00000000080121c8                memset
 .text.cos      0x00000000080121d8       0xa0 d:/windowsprograms/stm32cube/stm32cubeide_1.7.0/stm32cubeide/plugins/com.st.stm32cube.ide.mcu.externaltools.gnu-tools-for-stm32.9-2020-q2-update.win32_2.0.0.202105311346/tools/bin/../lib/gcc/arm-none-eabi/9.3.1/../../../../arm-none-eabi/lib/thumb/v7e-m+fp/hard\libm.a(lib_a-s_cos.o)
                0x00000000080121d8                cos
 .text.sin      0x0000000008012278       0xa8 d:/windowsprograms/stm32cube/stm32cubeide_1.7.0/stm32cubeide/plugins/com.st.stm32cube.ide.mcu.externaltools.gnu-tools-for-stm32.9-2020-q2-update.win32_2.0.0.202105311346/tools/bin/../lib/gcc/arm-none-eabi/9.3.1/../../../../arm-none-eabi/lib/thumb/v7e-m+fp/hard\libm.a(lib_a-s_sin.o)
                0x0000000008012278                sin
 .text.asin     0x0000000008012320       0x74 d:/windowsprograms/stm32cube/stm32cubeide_1.7.0/stm32cubeide/plugins/com.st.stm32cube.ide.mcu.externaltools.gnu-tools-for-stm32.9-2020-q2-update.win32_2.0.0.202105311346/tools/bin/../lib/gcc/arm-none-eabi/9.3.1/../../../../arm-none-eabi/lib/thumb/v7e-m+fp/hard\libm.a(lib_a-w_asin.o)
                0x0000000008012320                asin
 .text.atan2    0x0000000008012394        0x4 d:/windowsprograms/stm32cube/stm32cubeide_1.7.0/stm32cubeide/plugins/com.st.stm32cube.ide.mcu.externaltools.gnu-tools-for-stm32.9-2020-q2-update.win32_2.0.0.202105311346/tools/bin/../lib/gcc/arm-none-eabi/9.3.1/../../../../arm-none-eabi/lib/thumb/v7e-m+fp/hard\libm.a(lib_a-w_atan2.o)
                0x0000000008012394                atan2
 .text.sqrt     0x0000000008012398       0x68 d:/windowsprograms/stm32cube/stm32cubeide_1.7.0/stm32cubeide/plugins/com.st.stm32cube.ide.mcu.externaltools.gnu-tools-for-stm32.9-2020-q2-update.win32_2.0.0.202105311346/tools/bin/../lib/gcc/arm-none-eabi/9.3.1/../../../../arm-none-eabi/lib/thumb/v7e-m+fp/hard\libm.a(lib_a-w_sqrt.o)
                0x0000000008012398                sqrt
 .text.__ieee754_asin
                0x0000000008012400      0x428 d:/windowsprograms/stm32cube/stm32cubeide_1.7.0/stm32cubeide/plugins/com.st.stm32cube.ide.mcu.externaltools.gnu-tools-for-stm32.9-2020-q2-update.win32_2.0.0.202105311346/tools/bin/../lib/gcc/arm-none-eabi/9.3.1/../../../../arm-none-eabi/lib/thumb/v7e-m+fp/hard\libm.a(lib_a-e_asin.o)
                0x0000000008012400                __ieee754_asin
 .text.__ieee754_atan2
                0x0000000008012828      0x194 d:/windowsprograms/stm32cube/stm32cubeide_1.7.0/stm32cubeide/plugins/com.st.stm32cube.ide.mcu.externaltools.gnu-tools-for-stm32.9-2020-q2-update.win32_2.0.0.202105311346/tools/bin/../lib/gcc/arm-none-eabi/9.3.1/../../../../arm-none-eabi/lib/thumb/v7e-m+fp/hard\libm.a(lib_a-e_atan2.o)
                0x0000000008012828                __ieee754_atan2
 *fill*         0x00000000080129bc        0x4 
 .text.__ieee754_rem_pio2
                0x00000000080129c0      0x414 d:/windowsprograms/stm32cube/stm32cubeide_1.7.0/stm32cubeide/plugins/com.st.stm32cube.ide.mcu.externaltools.gnu-tools-for-stm32.9-2020-q2-update.win32_2.0.0.202105311346/tools/bin/../lib/gcc/arm-none-eabi/9.3.1/../../../../arm-none-eabi/lib/thumb/v7e-m+fp/hard\libm.a(lib_a-e_rem_pio2.o)
                0x00000000080129c0                __ieee754_rem_pio2
 .text.__ieee754_sqrt
                0x0000000008012dd4      0x168 d:/windowsprograms/stm32cube/stm32cubeide_1.7.0/stm32cubeide/plugins/com.st.stm32cube.ide.mcu.externaltools.gnu-tools-for-stm32.9-2020-q2-update.win32_2.0.0.202105311346/tools/bin/../lib/gcc/arm-none-eabi/9.3.1/../../../../arm-none-eabi/lib/thumb/v7e-m+fp/hard\libm.a(lib_a-e_sqrt.o)
                0x0000000008012dd4                __ieee754_sqrt
 *fill*         0x0000000008012f3c        0x4 
 .text.__kernel_cos
                0x0000000008012f40      0x18c d:/windowsprograms/stm32cube/stm32cubeide_1.7.0/stm32cubeide/plugins/com.st.stm32cube.ide.mcu.externaltools.gnu-tools-for-stm32.9-2020-q2-update.win32_2.0.0.202105311346/tools/bin/../lib/gcc/arm-none-eabi/9.3.1/../../../../arm-none-eabi/lib/thumb/v7e-m+fp/hard\libm.a(lib_a-k_cos.o)
                0x0000000008012f40                __kernel_cos
 *fill*         0x00000000080130cc        0x4 
 .text.__kernel_rem_pio2
                0x00000000080130d0      0x680 d:/windowsprograms/stm32cube/stm32cubeide_1.7.0/stm32cubeide/plugins/com.st.stm32cube.ide.mcu.externaltools.gnu-tools-for-stm32.9-2020-q2-update.win32_2.0.0.202105311346/tools/bin/../lib/gcc/arm-none-eabi/9.3.1/../../../../arm-none-eabi/lib/thumb/v7e-m+fp/hard\libm.a(lib_a-k_rem_pio2.o)
                0x00000000080130d0                __kernel_rem_pio2
 .text.__kernel_sin
                0x0000000008013750      0x17c d:/windowsprograms/stm32cube/stm32cubeide_1.7.0/stm32cubeide/plugins/com.st.stm32cube.ide.mcu.externaltools.gnu-tools-for-stm32.9-2020-q2-update.win32_2.0.0.202105311346/tools/bin/../lib/gcc/arm-none-eabi/9.3.1/../../../../arm-none-eabi/lib/thumb/v7e-m+fp/hard\libm.a(lib_a-k_sin.o)