support.h:13:20:nRF24_CE_L	8	static
support.h:17:20:nRF24_CE_H	8	static
main.c:103:6:HAL_GPIO_EXTI_Callback	16	static
main.c:114:5:main	32	static
main.c:274:6:SystemClock_Config	88	static
main.c:319:13:MX_ADC1_Init	24	static
main.c:393:13:MX_I2C1_Init	8	static
main.c:427:13:MX_SPI3_Init	8	static
main.c:465:13:MX_TIM2_Init	32	static
main.c:510:13:MX_USART1_UART_Init	8	static
main.c:541:13:MX_DMA_Init	16	static
main.c:559:13:MX_GPIO_Init	40	static
main.c:616:6:HAL_ADC_ConvCpltCallback	16	static
main.c:626:6:Error_Handler	4	static,ignoring_inline_asm
