support.h:21:20:nRF24_CSN_L	8	static
support.h:25:20:nRF24_CSN_H	8	static
support.h:30:23:nRF24_LL_RW	32	static
nrf24.c:9:16:nRF24_ReadReg	24	static
nrf24.c:24:13:nRF24_WriteReg	16	static
nrf24.c:47:13:nRF24_ReadMBReg	24	static
nrf24.c:61:13:nRF24_WriteMBReg	16	static
nrf24.c:72:6:nRF24_Init	8	static
nrf24.c:106:9:nRF24_Check	24	static
nrf24.c:126:6:nRF24_SetPowerMode	24	static
nrf24.c:145:6:nRF24_SetOperationalMode	24	static
nrf24.c:158:6:nRF24_SetDynamicPayloadLength	24	static
nrf24.c:173:6:nRF24_SetPayloadWithAck	24	static
nrf24.c:188:6:nRF24_SetCRCScheme	24	static
nrf24.c:203:6:nRF24_SetRFChannel	16	static
nrf24.c:212:6:nRF24_SetAutoRetr	16	static
nrf24.c:221:6:nRF24_SetAddrWidth	16	static
nrf24.c:235:6:nRF24_SetAddr	24	static
nrf24.c:270:6:nRF24_SetTXPower	24	static
nrf24.c:283:6:nRF24_SetDataRate	24	static
nrf24.c:298:6:nRF24_SetRXPipe	24	static
nrf24.c:321:6:nRF24_ClosePipe	24	static
nrf24.c:333:6:nRF24_EnableAA	24	static
nrf24.c:345:6:nRF24_DisableAA	24	static
nrf24.c:361:9:nRF24_GetStatus	8	static
nrf24.c:367:9:nRF24_GetIRQFlags	8	static
nrf24.c:373:9:nRF24_GetStatus_RXFIFO	8	static
nrf24.c:380:9:nRF24_GetStatus_TXFIFO	8	static
nrf24.c:386:9:nRF24_GetRXSource	8	static
nrf24.c:394:9:nRF24_GetRetransmitCounters	8	static
nrf24.c:399:6:nRF24_ResetPLOS	16	static
nrf24.c:408:6:nRF24_FlushTX	8	static
nrf24.c:413:6:nRF24_FlushRX	8	static
nrf24.c:418:6:nRF24_ClearIRQFlags	16	static
nrf24.c:431:6:nRF24_WritePayload	16	static
nrf24.c:435:16:nRF24_GetRxDplPayloadWidth	16	static
nrf24.c:447:23:nRF24_ReadPayloadGeneric	32	static
nrf24.c:487:16:nRF24_ReadPayload	16	static
nrf24.c:491:16:nRF24_ReadPayloadDpl	16	static
nrf24.c:495:9:nRF24_GetFeatures	8	static
nrf24.c:498:6:nRF24_ActivateFeatures	8	static
nrf24.c:504:6:nRF24_WriteAckPayload	16	static
