Archive member included to satisfy reference by file (symbol)

d:/windowsprograms/stm32cube/stm32cubeide_1.7.0/stm32cubeide/plugins/com.st.stm32cube.ide.mcu.externaltools.gnu-tools-for-stm32.9-2020-q2-update.win32_2.0.0.202105311346/tools/bin/../lib/gcc/arm-none-eabi/9.3.1/../../../../arm-none-eabi/lib/thumb/v7e-m+fp/hard\libc_nano.a(lib_a-errno.o)
                              ./Core/Src/syscalls.o (__errno)
d:/windowsprograms/stm32cube/stm32cubeide_1.7.0/stm32cubeide/plugins/com.st.stm32cube.ide.mcu.externaltools.gnu-tools-for-stm32.9-2020-q2-update.win32_2.0.0.202105311346/tools/bin/../lib/gcc/arm-none-eabi/9.3.1/../../../../arm-none-eabi/lib/thumb/v7e-m+fp/hard\libc_nano.a(lib_a-exit.o)
                              d:/windowsprograms/stm32cube/stm32cubeide_1.7.0/stm32cubeide/plugins/com.st.stm32cube.ide.mcu.externaltools.gnu-tools-for-stm32.9-2020-q2-update.win32_2.0.0.202105311346/tools/bin/../lib/gcc/arm-none-eabi/9.3.1/../../../../arm-none-eabi/lib/thumb/v7e-m+fp/hard/crt0.o (exit)
d:/windowsprograms/stm32cube/stm32cubeide_1.7.0/stm32cubeide/plugins/com.st.stm32cube.ide.mcu.externaltools.gnu-tools-for-stm32.9-2020-q2-update.win32_2.0.0.202105311346/tools/bin/../lib/gcc/arm-none-eabi/9.3.1/../../../../arm-none-eabi/lib/thumb/v7e-m+fp/hard\libc_nano.a(lib_a-impure.o)
                              d:/windowsprograms/stm32cube/stm32cubeide_1.7.0/stm32cubeide/plugins/com.st.stm32cube.ide.mcu.externaltools.gnu-tools-for-stm32.9-2020-q2-update.win32_2.0.0.202105311346/tools/bin/../lib/gcc/arm-none-eabi/9.3.1/../../../../arm-none-eabi/lib/thumb/v7e-m+fp/hard\libc_nano.a(lib_a-exit.o) (_global_impure_ptr)
d:/windowsprograms/stm32cube/stm32cubeide_1.7.0/stm32cubeide/plugins/com.st.stm32cube.ide.mcu.externaltools.gnu-tools-for-stm32.9-2020-q2-update.win32_2.0.0.202105311346/tools/bin/../lib/gcc/arm-none-eabi/9.3.1/../../../../arm-none-eabi/lib/thumb/v7e-m+fp/hard\libc_nano.a(lib_a-init.o)
                              d:/windowsprograms/stm32cube/stm32cubeide_1.7.0/stm32cubeide/plugins/com.st.stm32cube.ide.mcu.externaltools.gnu-tools-for-stm32.9-2020-q2-update.win32_2.0.0.202105311346/tools/bin/../lib/gcc/arm-none-eabi/9.3.1/../../../../arm-none-eabi/lib/thumb/v7e-m+fp/hard/crt0.o (__libc_init_array)
d:/windowsprograms/stm32cube/stm32cubeide_1.7.0/stm32cubeide/plugins/com.st.stm32cube.ide.mcu.externaltools.gnu-tools-for-stm32.9-2020-q2-update.win32_2.0.0.202105311346/tools/bin/../lib/gcc/arm-none-eabi/9.3.1/../../../../arm-none-eabi/lib/thumb/v7e-m+fp/hard\libc_nano.a(lib_a-memcpy-stub.o)
                              ./FreeRTOS/Source/queue.o (memcpy)
d:/windowsprograms/stm32cube/stm32cubeide_1.7.0/stm32cubeide/plugins/com.st.stm32cube.ide.mcu.externaltools.gnu-tools-for-stm32.9-2020-q2-update.win32_2.0.0.202105311346/tools/bin/../lib/gcc/arm-none-eabi/9.3.1/../../../../arm-none-eabi/lib/thumb/v7e-m+fp/hard\libc_nano.a(lib_a-memset.o)
                              d:/windowsprograms/stm32cube/stm32cubeide_1.7.0/stm32cubeide/plugins/com.st.stm32cube.ide.mcu.externaltools.gnu-tools-for-stm32.9-2020-q2-update.win32_2.0.0.202105311346/tools/bin/../lib/gcc/arm-none-eabi/9.3.1/../../../../arm-none-eabi/lib/thumb/v7e-m+fp/hard/crt0.o (memset)
d:/windowsprograms/stm32cube/stm32cubeide_1.7.0/stm32cubeide/plugins/com.st.stm32cube.ide.mcu.externaltools.gnu-tools-for-stm32.9-2020-q2-update.win32_2.0.0.202105311346/tools/bin/../lib/gcc/arm-none-eabi/9.3.1/../../../../arm-none-eabi/lib/thumb/v7e-m+fp/hard\libm.a(lib_a-s_cos.o)
                              ./Core/Src/robotTasks.o (cos)
d:/windowsprograms/stm32cube/stm32cubeide_1.7.0/stm32cubeide/plugins/com.st.stm32cube.ide.mcu.externaltools.gnu-tools-for-stm32.9-2020-q2-update.win32_2.0.0.202105311346/tools/bin/../lib/gcc/arm-none-eabi/9.3.1/../../../../arm-none-eabi/lib/thumb/v7e-m+fp/hard\libm.a(lib_a-s_sin.o)
                              ./Core/Src/robotTasks.o (sin)
d:/windowsprograms/stm32cube/stm32cubeide_1.7.0/stm32cubeide/plugins/com.st.stm32cube.ide.mcu.externaltools.gnu-tools-for-stm32.9-2020-q2-update.win32_2.0.0.202105311346/tools/bin/../lib/gcc/arm-none-eabi/9.3.1/../../../../arm-none-eabi/lib/thumb/v7e-m+fp/hard\libm.a(lib_a-w_asin.o)
                              ./Core/Src/robotTasks.o (asin)
d:/windowsprograms/stm32cube/stm32cubeide_1.7.0/stm32cubeide/plugins/com.st.stm32cube.ide.mcu.externaltools.gnu-tools-for-stm32.9-2020-q2-update.win32_2.0.0.202105311346/tools/bin/../lib/gcc/arm-none-eabi/9.3.1/../../../../arm-none-eabi/lib/thumb/v7e-m+fp/hard\libm.a(lib_a-w_atan2.o)
                              ./Core/Src/robotTasks.o (atan2)
d:/windowsprograms/stm32cube/stm32cubeide_1.7.0/stm32cubeide/plugins/com.st.stm32cube.ide.mcu.externaltools.gnu-tools-for-stm32.9-2020-q2-update.win32_2.0.0.202105311346/tools/bin/../lib/gcc/arm-none-eabi/9.3.1/../../../../arm-none-eabi/lib/thumb/v7e-m+fp/hard\libm.a(lib_a-w_sqrt.o)
                              ./Core/Src/MadgwickAHRS.o (sqrt)
[...]
Memory Configuration

Name             Origin             Length             Attributes
RAM              0x0000000020000000 0x0000000000020000 xrw
FLASH            0x0000000008000000 0x0000000000080000 xr
*default*        0x0000000000000000 0xffffffffffffffff

Linker script and memory map

LOAD d:/windowsprograms/stm32cube/stm32cubeide_1.7.0/stm32cubeide/plugins/com.st.stm32cube.ide.mcu.externaltools.gnu-tools-for-stm32.9-2020-q2-update.win32_2.0.0.202105311346/tools/bin/../lib/gcc/arm-none-eabi/9.3.1/thumb/v7e-m+fp/hard/crti.o
LOAD d:/windowsprograms/stm32cube/stm32cubeide_1.7.0/stm32cubeide/plugins/com.st.stm32cube.ide.mcu.externaltools.gnu-tools-for-stm32.9-2020-q2-update.win32_2.0.0.202105311346/tools/bin/../lib/gcc/arm-none-eabi/9.3.1/thumb/v7e-m+fp/hard/crtbegin.o
LOAD d:/windowsprograms/stm32cube/stm32cubeide_1.7.0/stm32cubeide/plugins/com.st.stm32cube.ide.mcu.externaltools.gnu-tools-for-stm32.9-2020-q2-update.win32_2.0.0.202105311346/tools/bin/../lib/gcc/arm-none-eabi/9.3.1/../../../../arm-none-eabi/lib/thumb/v7e-m+fp/hard/crt0.o
LOAD ./Core/Src/MadgwickAHRS.o
LOAD ./Core/Src/main.o
LOAD ./Core/Src/nrf24.o
LOAD ./Core/Src/robotPeriferija.o
LOAD ./Core/Src/robotTasks.o
LOAD ./Core/Src/stm32f4xx_hal_msp.o
LOAD ./Core/Src/stm32f4xx_hal_timebase_tim.o
LOAD ./Core/Src/stm32f4xx_it.o
LOAD ./Core/Src/syscalls.o
LOAD ./Core/Src/system_stm32f4xx.o
LOAD ./Core/Startup/startup_stm32f411vetx.o
LOAD ./Drivers/STM32F4xx_HAL_Driver/Src/stm32f4xx_hal.o
LOAD ./Drivers/STM32F4xx_HAL_Driver/Src/stm32f4xx_hal_cortex.o
LOAD ./Drivers/STM32F4xx_HAL_Driver/Src/stm32f4xx_hal_dma.o
LOAD ./Drivers/STM32F4xx_HAL_Driver/Src/stm32f4xx_hal_dma_ex.o
LOAD ./Drivers/STM32F4xx_HAL_Driver/Src/stm32f4xx_hal_exti.o
LOAD ./Drivers/STM32F4xx_HAL_Driver/Src/stm32f4xx_hal_flash.o
LOAD ./Drivers/STM32F4xx_HAL_Driver/Src/stm32f4xx_hal_flash_ex.o
LOAD ./Drivers/STM32F4xx_HAL_Driver/Src/stm32f4xx_hal_flash_ramfunc.o
LOAD ./Drivers/STM32F4xx_HAL_Driver/Src/stm32f4xx_hal_gpio.o
LOAD ./Drivers/STM32F4xx_HAL_Driver/Src/stm32f4xx_hal_i2c.o
LOAD ./Drivers/STM32F4xx_HAL_Driver/Src/stm32f4xx_hal_i2c_ex.o
LOAD ./Drivers/STM32F4xx_HAL_Driver/Src/stm32f4xx_hal_pcd.o
LOAD ./Drivers/STM32F4xx_HAL_Driver/Src/stm32f4xx_hal_pcd_ex.o
LOAD ./Drivers/STM32F4xx_HAL_Driver/Src/stm32f4xx_hal_pwr.o
LOAD ./Drivers/STM32F4xx_HAL_Driver/Src/stm32f4xx_hal_pwr_ex.o
LOAD ./Drivers/STM32F4xx_HAL_Driver/Src/stm32f4xx_hal_rcc.o
LOAD ./Drivers/STM32F4xx_HAL_Driver/Src/stm32f4xx_hal_rcc_ex.o
LOAD ./Drivers/STM32F4xx_HAL_Driver/Src/stm32f4xx_hal_spi.o
LOAD ./Drivers/STM32F4xx_HAL_Driver/Src/stm32f4xx_hal_tim.o
LOAD ./Drivers/STM32F4xx_HAL_Driver/Src/stm32f4xx_hal_tim_ex.o
LOAD ./Drivers/STM32F4xx_HAL_Driver/Src/stm32f4xx_ll_usb.o
LOAD ./FreeRTOS/Source/croutine.o
LOAD ./FreeRTOS/Source/event_groups.o
LOAD ./FreeRTOS/Source/list.o
LOAD ./FreeRTOS/Source/queue.o
LOAD ./FreeRTOS/Source/stream_buffer.o
LOAD ./FreeRTOS/Source/tasks.o
LOAD ./FreeRTOS/Source/timers.o
LOAD ./FreeRTOS/Source/portable/GCC/ARM_CM4F/port.o
LOAD ./FreeRTOS/Source/portable/MemMang/heap_4.o
LOAD ./Middlewares/ST/STM32_USB_Device_Library/Class/CDC/Src/usbd_cdc.o
LOAD ./Middlewares/ST/STM32_USB_Device_Library/Core/Src/usbd_core.o
LOAD ./Middlewares/ST/STM32_USB_Device_Library/Core/Src/usbd_ctlreq.o
LOAD ./Middlewares/ST/STM32_USB_Device_Library/Core/Src/usbd_ioreq.o
LOAD ./USB_DEVICE/App/usb_device.o
LOAD ./USB_DEVICE/App/usbd_cdc_if.o
LOAD ./USB_DEVICE/App/usbd_desc.o
LOAD ./USB_DEVICE/Target/usbd_conf.o
START GROUP
LOAD d:/windowsprograms/stm32cube/stm32cubeide_1.7.0/stm32cubeide/plugins/com.st.stm32cube.ide.mcu.externaltools.gnu-tools-for-stm32.9-2020-q2-update.win32_2.0.0.202105311346/tools/bin/../lib/gcc/arm-none-eabi/9.3.1/../../../../arm-none-eabi/lib/thumb/v7e-m+fp/hard\libc_nano.a
LOAD d:/windowsprograms/stm32cube/stm32cubeide_1.7.0/stm32cubeide/plugins/com.st.stm32cube.ide.mcu.externaltools.gnu-tools-for-stm32.9-2020-q2-update.win32_2.0.0.202105311346/tools/bin/../lib/gcc/arm-none-eabi/9.3.1/../../../../arm-none-eabi/lib/thumb/v7e-m+fp/hard\libm.a
END GROUP
START GROUP
LOAD d:/windowsprograms/stm32cube/stm32cubeide_1.7.0/stm32cubeide/plugins/com.st.stm32cube.ide.mcu.externaltools.gnu-tools-for-stm32.9-2020-q2-update.win32_2.0.0.202105311346/tools/bin/../lib/gcc/arm-none-eabi/9.3.1/thumb/v7e-m+fp/hard\libgcc.a
LOAD d:/windowsprograms/stm32cube/stm32cubeide_1.7.0/stm32cubeide/plugins/com.st.stm32cube.ide.mcu.externaltools.gnu-tools-for-stm32.9-2020-q2-update.win32_2.0.0.202105311346/tools/bin/../lib/gcc/arm-none-eabi/9.3.1/../../../../arm-none-eabi/lib/thumb/v7e-m+fp/hard\libc_nano.a
END GROUP
START GROUP
LOAD d:/windowsprograms/stm32cube/stm32cubeide_1.7.0/stm32cubeide/plugins/com.st.stm32cube.ide.mcu.externaltools.gnu-tools-for-stm32.9-2020-q2-update.win32_2.0.0.202105311346/tools/bin/../lib/gcc/arm-none-eabi/9.3.1/thumb/v7e-m+fp/hard\libgcc.a
LOAD d:/windowsprograms/stm32cube/stm32cubeide_1.7.0/stm32cubeide/plugins/com.st.stm32cube.ide.mcu.externaltools.gnu-tools-for-stm32.9-2020-q2-update.win32_2.0.0.202105311346/tools/bin/../lib/gcc/arm-none-eabi/9.3.1/../../../../arm-none-eabi/lib/thumb/v7e-m+fp/hard\libc_nano.a
LOAD d:/windowsprograms/stm32cube/stm32cubeide_1.7.0/stm32cubeide/plugins/com.st.stm32cube.ide.mcu.externaltools.gnu-tools-for-stm32.9-2020-q2-update.win32_2.0.0.202105311346/tools/bin/../lib/gcc/arm-none-eabi/9.3.1/../../../../arm-none-eabi/lib/thumb/v7e-m+fp/hard\libnosys.a
END GROUP
START GROUP
LOAD d:/windowsprograms/stm32cube/stm32cubeide_1.7.0/stm32cubeide/plugins/com.st.stm32cube.ide.mcu.externaltools.gnu-tools-for-stm32.9-2020-q2-update.win32_2.0.0.202105311346/tools/bin/../lib/gcc/arm-none-eabi/9.3.1/thumb/v7e-m+fp/hard\libgcc.a
LOAD d:/windowsprograms/stm32cube/stm32cubeide_1.7.0/stm32cubeide/plugins/com.st.stm32cube.ide.mcu.externaltools.gnu-tools-for-stm32.9-2020-q2-update.win32_2.0.0.202105311346/tools/bin/../lib/gcc/arm-none-eabi/9.3.1/../../../../arm-none-eabi/lib/thumb/v7e-m+fp/hard\libc_nano.a
LOAD d:/windowsprograms/stm32cube/stm32cubeide_1.7.0/stm32cubeide/plugins/com.st.stm32cube.ide.mcu.externaltools.gnu-tools-for-stm32.9-2020-q2-update.win32_2.0.0.202105311346/tools/bin/../lib/gcc/arm-none-eabi/9.3.1/../../../../arm-none-eabi/lib/thumb/v7e-m+fp/hard\libnosys.a
END GROUP
LOAD d:/windowsprograms/stm32cube/stm32cubeide_1.7.0/stm32cubeide/plugins/com.st.stm32cube.ide.mcu.externaltools.gnu-tools-for-stm32.9-2020-q2-update.win32_2.0.0.202105311346/tools/bin/../lib/gcc/arm-none-eabi/9.3.1/thumb/v7e-m+fp/hard/crtend.o
LOAD d:/windowsprograms/stm32cube/stm32cubeide_1.7.0/stm32cubeide/plugins/com.st.stm32cube.ide.mcu.externaltools.gnu-tools-for-stm32.9-2020-q2-update.win32_2.0.0.202105311346/tools/bin/../lib/gcc/arm-none-eabi/9.3.1/thumb/v7e-m+fp/hard/crtn.o
                0x0000000020020000                _estack = (ORIGIN (RAM) + LENGTH (RAM))
                0x0000000000000200                _Min_Heap_Size = 0x200
                0x0000000000000400                _Min_Stack_Size = 0x400

.isr_vector     0x0000000008000000      0x198
                0x0000000008000000                . = ALIGN (0x4)
 *(.isr_vector)
 .isr_vector    0x0000000008000000      0x198 ./Core/Startup/startup_stm32f411vetx.o
                0x0000000008000000                g_pfnVectors
                0x0000000008000198                . = ALIGN (0x4)

.text           0x00000000080001a0    0x120bc
                0x00000000080001a0                . = ALIGN (0x4)
 *(.text)
 .text          0x00000000080001a0       0x40 d:/windowsprograms/stm32cube/stm32cubeide_1.7.0/stm32cubeide/plugins/com.st.stm32cube.ide.mcu.externaltools.gnu-tools-for-stm32.9-2020-q2-update.win32_2.0.0.202105311346/tools/bin/../lib/gcc/arm-none-eabi/9.3.1/thumb/v7e-m+fp/hard/crtbegin.o
 .text          0x00000000080001e0      0x378 d:/windowsprograms/stm32cube/stm32cubeide_1.7.0/stm32cubeide/plugins/com.st.stm32cube.ide.mcu.externaltools.gnu-tools-for-stm32.9-2020-q2-update.win32_2.0.0.202105311346/tools/bin/../lib/gcc/arm-none-eabi/9.3.1/thumb/v7e-m+fp/hard\libgcc.a(_arm_addsubdf3.o)
                0x00000000080001e0                __aeabi_drsub
                0x00000000080001e8                __aeabi_dsub
                0x00000000080001e8                __subdf3
                0x00000000080001ec                __aeabi_dadd
                0x00000000080001ec                __adddf3
                0x0000000008000464                __floatunsidf
                0x0000000008000464                __aeabi_ui2d
                0x0000000008000484                __floatsidf
                0x0000000008000484                __aeabi_i2d
                0x00000000080004a8                __aeabi_f2d
                0x00000000080004a8                __extendsfdf2
                0x00000000080004ec                __floatundidf
                0x00000000080004ec                __aeabi_ul2d
                0x00000000080004fc                __floatdidf
                0x00000000080004fc                __aeabi_l2d
 .text          0x0000000008000558      0x424 d:/windowsprograms/stm32cube/stm32cubeide_1.7.0/stm32cubeide/plugins/com.st.stm32cube.ide.mcu.externaltools.gnu-tools-for-stm32.9-2020-q2-update.win32_2.0.0.202105311346/tools/bin/../lib/gcc/arm-none-eabi/9.3.1/thumb/v7e-m+fp/hard\libgcc.a(_arm_muldivdf3.o)
                0x0000000008000558                __aeabi_dmul
                0x0000000008000558                __muldf3
                0x00000000080007ac                __divdf3
                0x00000000080007ac                __aeabi_ddiv
 .text          0x000000000800097c      0x110 d:/windowsprograms/stm32cube/stm32cubeide_1.7.0/stm32cubeide/plugins/com.st.stm32cube.ide.mcu.externaltools.gnu-tools-for-stm32.9-2020-q2-update.win32_2.0.0.202105311346/tools/bin/../lib/gcc/arm-none-eabi/9.3.1/thumb/v7e-m+fp/hard\libgcc.a(_arm_cmpdf2.o)
                0x000000000800097c                __gtdf2
                0x000000000800097c                __gedf2
                0x0000000008000984                __ltdf2
                0x0000000008000984                __ledf2
                0x000000000800098c                __nedf2
                0x000000000800098c                __eqdf2
                0x000000000800098c                __cmpdf2
                0x0000000008000a08                __aeabi_cdrcmple
                0x0000000008000a18                __aeabi_cdcmpeq
                0x0000000008000a18                __aeabi_cdcmple
                0x0000000008000a28                __aeabi_dcmpeq
                0x0000000008000a3c                __aeabi_dcmplt
                0x0000000008000a50                __aeabi_dcmple
                0x0000000008000a64                __aeabi_dcmpge
                0x0000000008000a78                __aeabi_dcmpgt
 .text          0x0000000008000a8c       0x2c d:/windowsprograms/stm32cube/stm32cubeide_1.7.0/stm32cubeide/plugins/com.st.stm32cube.ide.mcu.externaltools.gnu-tools-for-stm32.9-2020-q2-update.win32_2.0.0.202105311346/tools/bin/../lib/gcc/arm-none-eabi/9.3.1/thumb/v7e-m+fp/hard\libgcc.a(_arm_unorddf2.o)
                0x0000000008000a8c                __unorddf2
                0x0000000008000a8c                __aeabi_dcmpun
 .text          0x0000000008000ab8       0x50 d:/windowsprograms/stm32cube/stm32cubeide_1.7.0/stm32cubeide/plugins/com.st.stm32cube.ide.mcu.externaltools.gnu-tools-for-stm32.9-2020-q2-update.win32_2.0.0.202105311346/tools/bin/../lib/gcc/arm-none-eabi/9.3.1/thumb/v7e-m+fp/hard\libgcc.a(_arm_fixdfsi.o)
                0x0000000008000ab8                __aeabi_d2iz
                0x0000000008000ab8                __fixdfsi
 .text          0x0000000008000b08       0xa0 d:/windowsprograms/stm32cube/stm32cubeide_1.7.0/stm32cubeide/plugins/com.st.stm32cube.ide.mcu.externaltools.gnu-tools-for-stm32.9-2020-q2-update.win32_2.0.0.202105311346/tools/bin/../lib/gcc/arm-none-eabi/9.3.1/thumb/v7e-m+fp/hard\libgcc.a(_arm_truncdfsf2.o)
                0x0000000008000b08                __truncdfsf2
                0x0000000008000b08                __aeabi_d2f
 .text          0x0000000008000ba8       0x30 d:/windowsprograms/stm32cube/stm32cubeide_1.7.0/stm32cubeide/plugins/com.st.stm32cube.ide.mcu.externaltools.gnu-tools-for-stm32.9-2020-q2-update.win32_2.0.0.202105311346/tools/bin/../lib/gcc/arm-none-eabi/9.3.1/thumb/v7e-m+fp/hard\libgcc.a(_aeabi_uldivmod.o)
                0x0000000008000ba8                __aeabi_uldivmod
 .text          0x0000000008000bd8      0x2c4 d:/windowsprograms/stm32cube/stm32cubeide_1.7.0/stm32cubeide/plugins/com.st.stm32cube.ide.mcu.externaltools.gnu-tools-for-stm32.9-2020-q2-update.win32_2.0.0.202105311346/tools/bin/../lib/gcc/arm-none-eabi/9.3.1/thumb/v7e-m+fp/hard\libgcc.a(_udivmoddi4.o)
                0x0000000008000bd8                __udivmoddi4
 .text          0x0000000008000e9c        0x4 d:/windowsprograms/stm32cube/stm32cubeide_1.7.0/stm32cubeide/plugins/com.st.stm32cube.ide.mcu.externaltools.gnu-tools-for-stm32.9-2020-q2-update.win32_2.0.0.202105311346/tools/bin/../lib/gcc/arm-none-eabi/9.3.1/thumb/v7e-m+fp/hard\libgcc.a(_dvmd_tls.o)
                0x0000000008000e9c                __aeabi_idiv0
                0x0000000008000e9c                __aeabi_ldiv0
 *(.text*)
 .text.MadgwickAHRSupdate
                0x0000000008000ea0      0xe2c ./Core/Src/MadgwickAHRS.o
                0x0000000008000ea0                MadgwickAHRSupdate
 .text.MadgwickAHRSupdateIMU
                0x0000000008001ccc      0x648 ./Core/Src/MadgwickAHRS.o
                0x0000000008001ccc                MadgwickAHRSupdateIMU
 .text.invSqrt  0x0000000008002314       0x78 ./Core/Src/MadgwickAHRS.o
                0x0000000008002314                invSqrt
 .text.nRF24_CE_H
                0x000000000800238c       0x18 ./Core/Src/main.o
 .text.HAL_GPIO_EXTI_Callback
                0x00000000080023a4      0x158 ./Core/Src/main.o
                0x00000000080023a4                HAL_GPIO_EXTI_Callback
 .text.nRF24SetChip
                0x00000000080024fc       0x5c ./Core/Src/main.o
                0x00000000080024fc                nRF24SetChip
 .text.inicilizirajCipe
                0x0000000008002558       0x9c ./Core/Src/main.o
                0x0000000008002558                inicilizirajCipe
 .text.getDrift
                0x00000000080025f4      0x138 ./Core/Src/main.o
                0x00000000080025f4                getDrift
 .text.main     0x000000000800272c      0x218 ./Core/Src/main.o
                0x000000000800272c                main
 .text.SystemClock_Config
                0x0000000008002944       0xd0 ./Core/Src/main.o
                0x0000000008002944                SystemClock_Config
 .text.MX_I2C1_Init
                0x0000000008002a14       0x5c ./Core/Src/main.o
 .text.MX_SPI1_Init
                0x0000000008002a70       0x6c ./Core/Src/main.o
 .text.MX_SPI2_Init
                0x0000000008002adc       0x6c ./Core/Src/main.o
 .text.MX_SPI5_Init
                0x0000000008002b48       0x64 ./Core/Src/main.o
 .text.MX_TIM2_Init
                0x0000000008002bac      0x118 ./Core/Src/main.o
 .text.MX_TIM3_Init
                0x0000000008002cc4       0xec ./Core/Src/main.o
 .text.MX_DMA_Init
                0x0000000008002db0       0x50 ./Core/Src/main.o
 .text.MX_GPIO_Init
                0x0000000008002e00      0x354 ./Core/Src/main.o
 .text.HAL_TIM_PeriodElapsedCallback
                0x0000000008003154       0x24 ./Core/Src/main.o
                0x0000000008003154                HAL_TIM_PeriodElapsedCallback
 .text.Error_Handler
                0x0000000008003178        0xa ./Core/Src/main.o
                0x0000000008003178                Error_Handler
 *fill*         0x0000000008003182        0x2 
 .text.nRF24_CSN_L
                0x0000000008003184       0x18 ./Core/Src/nrf24.o
 .text.nRF24_CSN_H
                0x000000000800319c       0x18 ./Core/Src/nrf24.o
 .text.nRF24_LL_RW
                0x00000000080031b4       0x38 ./Core/Src/nrf24.o
 .text.nRF24_ReadReg
                0x00000000080031ec       0x34 ./Core/Src/nrf24.o
 .text.nRF24_WriteReg
                0x0000000008003220       0x70 ./Core/Src/nrf24.o
 .text.nRF24_ReadMBReg
                0x0000000008003290       0x44 ./Core/Src/nrf24.o
 .text.nRF24_WriteMBReg
                0x00000000080032d4       0x42 ./Core/Src/nrf24.o
 .text.nRF24_Init
                0x0000000008003316       0x98 ./Core/Src/nrf24.o
                0x0000000008003316                nRF24_Init
 *fill*         0x00000000080033ae        0x2 
 .text.nRF24_Check
                0x00000000080033b0       0x5c ./Core/Src/nrf24.o
                0x00000000080033b0                nRF24_Check
 .text.nRF24_SetPowerMode
                0x000000000800340c       0x3e ./Core/Src/nrf24.o
                0x000000000800340c                nRF24_SetPowerMode
 .text.nRF24_SetOperationalMode
                0x000000000800344a       0x42 ./Core/Src/nrf24.o
                0x000000000800344a                nRF24_SetOperationalMode
 .text.nRF24_SetCRCScheme
                0x000000000800348c       0x42 ./Core/Src/nrf24.o
                0x000000000800348c                nRF24_SetCRCScheme
 .text.nRF24_SetRFChannel
                0x00000000080034ce       0x1c ./Core/Src/nrf24.o
                0x00000000080034ce                nRF24_SetRFChannel
 .text.nRF24_SetAddrWidth
                0x00000000080034ea       0x20 ./Core/Src/nrf24.o
                0x00000000080034ea                nRF24_SetAddrWidth
 *fill*         0x000000000800350a        0x2 
 .text.nRF24_SetAddr
                0x000000000800350c       0x94 ./Core/Src/nrf24.o
                0x000000000800350c                nRF24_SetAddr
 .text.nRF24_SetDataRate
                0x00000000080035a0       0x36 ./Core/Src/nrf24.o
                0x00000000080035a0                nRF24_SetDataRate
 *fill*         0x00000000080035d6        0x2 
 .text.nRF24_SetRXPipe
                0x00000000080035d8       0xa8 ./Core/Src/nrf24.o
                0x00000000080035d8                nRF24_SetRXPipe
 .text.nRF24_DisableAA
                0x0000000008003680       0x4e ./Core/Src/nrf24.o
                0x0000000008003680                nRF24_DisableAA
 .text.nRF24_GetStatus
                0x00000000080036ce       0x10 ./Core/Src/nrf24.o
                0x00000000080036ce                nRF24_GetStatus
 .text.nRF24_FlushTX
                0x00000000080036de       0x10 ./Core/Src/nrf24.o
                0x00000000080036de                nRF24_FlushTX
 .text.nRF24_FlushRX
                0x00000000080036ee       0x10 ./Core/Src/nrf24.o
                0x00000000080036ee                nRF24_FlushRX
 .text.nRF24_ClearIRQFlags
                0x00000000080036fe       0x2a ./Core/Src/nrf24.o
                0x00000000080036fe                nRF24_ClearIRQFlags
 .text.nRF24_GetRxDplPayloadWidth
                0x0000000008003728       0x28 ./Core/Src/nrf24.o
 .text.nRF24_ReadPayloadGeneric
                0x0000000008003750       0x90 ./Core/Src/nrf24.o
 .text.nRF24_ReadPayload
                0x00000000080037e0       0x1e ./Core/Src/nrf24.o
                0x00000000080037e0                nRF24_ReadPayload
 *fill*         0x00000000080037fe        0x2 
 .text.i2c1_pisiRegister
                0x0000000008003800       0x44 ./Core/Src/robotPeriferija.o
                0x0000000008003800                i2c1_pisiRegister
 .text.i2c1_beriRegistre
                0x0000000008003844       0x5c ./Core/Src/robotPeriferija.o
                0x0000000008003844                i2c1_beriRegistre
 .text.spi1_beriRegister
                0x00000000080038a0       0x70 ./Core/Src/robotPeriferija.o
                0x00000000080038a0                spi1_beriRegister
 .text.spi1_pisiRegister
                0x0000000008003910       0x64 ./Core/Src/robotPeriferija.o
                0x0000000008003910                spi1_pisiRegister
 .text.spi1_beriRegistre
                0x0000000008003974       0x58 ./Core/Src/robotPeriferija.o
                0x0000000008003974                spi1_beriRegistre
 .text.nastaviPospeskometer
                0x00000000080039cc       0x4e ./Core/Src/robotPeriferija.o
                0x00000000080039cc                nastaviPospeskometer
 .text.nastaviMagnetometer
                0x0000000008003a1a       0x30 ./Core/Src/robotPeriferija.o
                0x0000000008003a1a                nastaviMagnetometer
 .text.nastaviGiroskop
                0x0000000008003a4a       0xa6 ./Core/Src/robotPeriferija.o
                0x0000000008003a4a                nastaviGiroskop
 .text.izracunajPovprecjeInt16
                0x0000000008003af0       0x86 ./Core/Src/robotPeriferija.o
                0x0000000008003af0                izracunajPovprecjeInt16
 *fill*         0x0000000008003b76        0x2 
 .text.nastaviMotor
                0x0000000008003b78      0x218 ./Core/Src/robotPeriferija.o
                0x0000000008003b78                nastaviMotor
 .text.normalize_v3f
                0x0000000008003d90       0xb0 ./Core/Src/robotTasks.o
                0x0000000008003d90                normalize_v3f
 .text.zgladiMotor
                0x0000000008003e40       0x8c ./Core/Src/robotTasks.o
                0x0000000008003e40                zgladiMotor
 *fill*         0x0000000008003ecc        0x4 
 .text.speedControl
                0x0000000008003ed0      0x2c4 ./Core/Src/robotTasks.o
                0x0000000008003ed0                speedControl
 .text.StartCalculatingPoz
                0x0000000008004194      0x804 ./Core/Src/robotTasks.o
                0x0000000008004194                StartCalculatingPoz
 .text.StartRecivingCommandsNRF24
                0x0000000008004998      0x1dc ./Core/Src/robotTasks.o
                0x0000000008004998                StartRecivingCommandsNRF24
 .text.StartMotorControl
                0x0000000008004b74       0xd0 ./Core/Src/robotTasks.o
                0x0000000008004b74                StartMotorControl
 .text.StartCalculatingPath
                0x0000000008004c44      0x108 ./Core/Src/robotTasks.o
                0x0000000008004c44                StartCalculatingPath
 .text.HAL_MspInit
                0x0000000008004d4c       0x50 ./Core/Src/stm32f4xx_hal_msp.o
                0x0000000008004d4c                HAL_MspInit
 .text.HAL_I2C_MspInit
                0x0000000008004d9c       0x90 ./Core/Src/stm32f4xx_hal_msp.o
                0x0000000008004d9c                HAL_I2C_MspInit
 .text.HAL_SPI_MspInit
                0x0000000008004e2c      0x2b0 ./Core/Src/stm32f4xx_hal_msp.o
                0x0000000008004e2c                HAL_SPI_MspInit
 .text.HAL_TIM_Base_MspInit
                0x00000000080050dc       0x78 ./Core/Src/stm32f4xx_hal_msp.o
                0x00000000080050dc                HAL_TIM_Base_MspInit
 .text.HAL_TIM_MspPostInit
                0x0000000008005154       0xc0 ./Core/Src/stm32f4xx_hal_msp.o
                0x0000000008005154                HAL_TIM_MspPostInit
 .text.HAL_InitTick
                0x0000000008005214       0xb0 ./Core/Src/stm32f4xx_hal_timebase_tim.o
                0x0000000008005214                HAL_InitTick
 .text.NMI_Handler
                0x00000000080052c4        0x6 ./Core/Src/stm32f4xx_it.o
                0x00000000080052c4                NMI_Handler
 .text.HardFault_Handler
                0x00000000080052ca        0x6 ./Core/Src/stm32f4xx_it.o
                0x00000000080052ca                HardFault_Handler
 .text.MemManage_Handler
                0x00000000080052d0        0x6 ./Core/Src/stm32f4xx_it.o
                0x00000000080052d0                MemManage_Handler
 .text.BusFault_Handler
                0x00000000080052d6        0x6 ./Core/Src/stm32f4xx_it.o
                0x00000000080052d6                BusFault_Handler
 .text.UsageFault_Handler
                0x00000000080052dc        0x6 ./Core/Src/stm32f4xx_it.o
                0x00000000080052dc                UsageFault_Handler
 .text.DebugMon_Handler
                0x00000000080052e2        0xe ./Core/Src/stm32f4xx_it.o
                0x00000000080052e2                DebugMon_Handler
 .text.EXTI1_IRQHandler
                0x00000000080052f0        0xe ./Core/Src/stm32f4xx_it.o
                0x00000000080052f0                EXTI1_IRQHandler
 .text.EXTI2_IRQHandler
                0x00000000080052fe        0xe ./Core/Src/stm32f4xx_it.o
                0x00000000080052fe                EXTI2_IRQHandler
 .text.EXTI3_IRQHandler
                0x000000000800530c        0xe ./Core/Src/stm32f4xx_it.o
                0x000000000800530c                EXTI3_IRQHandler
 .text.EXTI4_IRQHandler
                0x000000000800531a        0xe ./Core/Src/stm32f4xx_it.o
                0x000000000800531a                EXTI4_IRQHandler
 .text.EXTI9_5_IRQHandler
                0x0000000008005328       0x16 ./Core/Src/stm32f4xx_it.o
                0x0000000008005328                EXTI9_5_IRQHandler
 *fill*         0x000000000800533e        0x2 
 .text.TIM1_TRG_COM_TIM11_IRQHandler
                0x0000000008005340       0x14 ./Core/Src/stm32f4xx_it.o
                0x0000000008005340                TIM1_TRG_COM_TIM11_IRQHandler
 .text.TIM2_IRQHandler
                0x0000000008005354       0x14 ./Core/Src/stm32f4xx_it.o
                0x0000000008005354                TIM2_IRQHandler
 .text.EXTI15_10_IRQHandler
                0x0000000008005368       0x18 ./Core/Src/stm32f4xx_it.o
                0x0000000008005368                EXTI15_10_IRQHandler
 .text.DMA2_Stream3_IRQHandler
                0x0000000008005380       0x14 ./Core/Src/stm32f4xx_it.o
                0x0000000008005380                DMA2_Stream3_IRQHandler
 .text.DMA2_Stream4_IRQHandler
                0x0000000008005394       0x14 ./Core/Src/stm32f4xx_it.o
                0x0000000008005394                DMA2_Stream4_IRQHandler
 .text.OTG_FS_IRQHandler
                0x00000000080053a8       0x14 ./Core/Src/stm32f4xx_it.o
                0x00000000080053a8                OTG_FS_IRQHandler
 .text.SystemInit
                0x00000000080053bc       0x24 ./Core/Src/system_stm32f4xx.o
                0x00000000080053bc                SystemInit
 .text.Reset_Handler
                0x00000000080053e0       0x50 ./Core/Startup/startup_stm32f411vetx.o
                0x00000000080053e0                Reset_Handler
 .text.Default_Handler
                0x0000000008005430        0x2 ./Core/Startup/startup_stm32f411vetx.o
                0x0000000008005430                RTC_Alarm_IRQHandler
                0x0000000008005430                SPI4_IRQHandler
                0x0000000008005430                TIM1_CC_IRQHandler
                0x0000000008005430                DMA2_Stream5_IRQHandler
                0x0000000008005430                DMA1_Stream5_IRQHandler
                0x0000000008005430                PVD_IRQHandler
                0x0000000008005430                SDIO_IRQHandler
                0x0000000008005430                TAMP_STAMP_IRQHandler
                0x0000000008005430                TIM1_UP_TIM10_IRQHandler
                0x0000000008005430                I2C3_ER_IRQHandler
                0x0000000008005430                EXTI0_IRQHandler
                0x0000000008005430                I2C2_EV_IRQHandler
                0x0000000008005430                DMA1_Stream2_IRQHandler
                0x0000000008005430                FPU_IRQHandler
                0x0000000008005430                DMA2_Stream2_IRQHandler
                0x0000000008005430                SPI1_IRQHandler
                0x0000000008005430                TIM1_BRK_TIM9_IRQHandler
                0x0000000008005430                USART6_IRQHandler
                0x0000000008005430                DMA2_Stream0_IRQHandler
                0x0000000008005430                TIM4_IRQHandler
                0x0000000008005430                I2C1_EV_IRQHandler
                0x0000000008005430                DMA1_Stream6_IRQHandler
                0x0000000008005430                DMA1_Stream1_IRQHandler
                0x0000000008005430                TIM3_IRQHandler
                0x0000000008005430                RCC_IRQHandler
                0x0000000008005430                Default_Handler
                0x0000000008005430                ADC_IRQHandler
                0x0000000008005430                DMA1_Stream7_IRQHandler
                0x0000000008005430                SPI5_IRQHandler
                0x0000000008005430                TIM5_IRQHandler
                0x0000000008005430                DMA2_Stream7_IRQHandler
                0x0000000008005430                I2C3_EV_IRQHandler
                0x0000000008005430                RTC_WKUP_IRQHandler
                0x0000000008005430                SPI2_IRQHandler
                0x0000000008005430                DMA1_Stream0_IRQHandler
                0x0000000008005430                WWDG_IRQHandler
                0x0000000008005430                OTG_FS_WKUP_IRQHandler
                0x0000000008005430                USART2_IRQHandler
                0x0000000008005430                I2C2_ER_IRQHandler
                0x0000000008005430                DMA2_Stream1_IRQHandler
                0x0000000008005430                FLASH_IRQHandler
                0x0000000008005430                USART1_IRQHandler
                0x0000000008005430                SPI3_IRQHandler
                0x0000000008005430                DMA1_Stream4_IRQHandler
                0x0000000008005430                I2C1_ER_IRQHandler
                0x0000000008005430                DMA2_Stream6_IRQHandler
                0x0000000008005430                DMA1_Stream3_IRQHandler
 *fill*         0x0000000008005432        0x2 
 .text.HAL_Init
                0x0000000008005434       0x44 ./Drivers/STM32F4xx_HAL_Driver/Src/stm32f4xx_hal.o
                0x0000000008005434                HAL_Init
 .text.HAL_IncTick
                0x0000000008005478       0x28 ./Drivers/STM32F4xx_HAL_Driver/Src/stm32f4xx_hal.o
                0x0000000008005478                HAL_IncTick
 .text.HAL_GetTick
                0x00000000080054a0       0x18 ./Drivers/STM32F4xx_HAL_Driver/Src/stm32f4xx_hal.o
                0x00000000080054a0                HAL_GetTick
 .text.HAL_Delay
                0x00000000080054b8       0x48 ./Drivers/STM32F4xx_HAL_Driver/Src/stm32f4xx_hal.o
                0x00000000080054b8                HAL_Delay
 .text.__NVIC_SetPriorityGrouping
                0x0000000008005500       0x48 ./Drivers/STM32F4xx_HAL_Driver/Src/stm32f4xx_hal_cortex.o
 .text.__NVIC_GetPriorityGrouping
                0x0000000008005548       0x1c ./Drivers/STM32F4xx_HAL_Driver/Src/stm32f4xx_hal_cortex.o
 .text.__NVIC_EnableIRQ
                0x0000000008005564       0x3c ./Drivers/STM32F4xx_HAL_Driver/Src/stm32f4xx_hal_cortex.o
 .text.__NVIC_SetPriority
                0x00000000080055a0       0x54 ./Drivers/STM32F4xx_HAL_Driver/Src/stm32f4xx_hal_cortex.o
 .text.NVIC_EncodePriority
                0x00000000080055f4       0x66 ./Drivers/STM32F4xx_HAL_Driver/Src/stm32f4xx_hal_cortex.o
 .text.HAL_NVIC_SetPriorityGrouping
                0x000000000800565a       0x16 ./Drivers/STM32F4xx_HAL_Driver/Src/stm32f4xx_hal_cortex.o
                0x000000000800565a                HAL_NVIC_SetPriorityGrouping
 .text.HAL_NVIC_SetPriority
                0x0000000008005670       0x38 ./Drivers/STM32F4xx_HAL_Driver/Src/stm32f4xx_hal_cortex.o
                0x0000000008005670                HAL_NVIC_SetPriority
 .text.HAL_NVIC_EnableIRQ
                0x00000000080056a8       0x1c ./Drivers/STM32F4xx_HAL_Driver/Src/stm32f4xx_hal_cortex.o
                0x00000000080056a8                HAL_NVIC_EnableIRQ
 .text.HAL_DMA_Init
                0x00000000080056c4      0x15c ./Drivers/STM32F4xx_HAL_Driver/Src/stm32f4xx_hal_dma.o
                0x00000000080056c4                HAL_DMA_Init
 .text.HAL_DMA_IRQHandler
                0x0000000008005820      0x314 ./Drivers/STM32F4xx_HAL_Driver/Src/stm32f4xx_hal_dma.o
                0x0000000008005820                HAL_DMA_IRQHandler
 .text.DMA_CalcBaseAndBitshift
                0x0000000008005b34       0x6c ./Drivers/STM32F4xx_HAL_Driver/Src/stm32f4xx_hal_dma.o
 .text.DMA_CheckFifoParam
                0x0000000008005ba0       0xf8 ./Drivers/STM32F4xx_HAL_Driver/Src/stm32f4xx_hal_dma.o
 .text.HAL_GPIO_Init
                0x0000000008005c98      0x308 ./Drivers/STM32F4xx_HAL_Driver/Src/stm32f4xx_hal_gpio.o
                0x0000000008005c98                HAL_GPIO_Init
 .text.HAL_GPIO_ReadPin
                0x0000000008005fa0       0x30 ./Drivers/STM32F4xx_HAL_Driver/Src/stm32f4xx_hal_gpio.o
                0x0000000008005fa0                HAL_GPIO_ReadPin
 .text.HAL_GPIO_WritePin
                0x0000000008005fd0       0x32 ./Drivers/STM32F4xx_HAL_Driver/Src/stm32f4xx_hal_gpio.o
                0x0000000008005fd0                HAL_GPIO_WritePin
 *fill*         0x0000000008006002        0x2 
 .text.HAL_GPIO_EXTI_IRQHandler
                0x0000000008006004       0x30 ./Drivers/STM32F4xx_HAL_Driver/Src/stm32f4xx_hal_gpio.o
                0x0000000008006004                HAL_GPIO_EXTI_IRQHandler
 .text.HAL_I2C_Init
                0x0000000008006034      0x288 ./Drivers/STM32F4xx_HAL_Driver/Src/stm32f4xx_hal_i2c.o
                0x0000000008006034                HAL_I2C_Init
 .text.HAL_I2C_Mem_Write
                0x00000000080062bc      0x1f4 ./Drivers/STM32F4xx_HAL_Driver/Src/stm32f4xx_hal_i2c.o
                0x00000000080062bc                HAL_I2C_Mem_Write
 .text.HAL_I2C_Mem_Read
                0x00000000080064b0      0x44c ./Drivers/STM32F4xx_HAL_Driver/Src/stm32f4xx_hal_i2c.o
                0x00000000080064b0                HAL_I2C_Mem_Read
 .text.I2C_RequestMemoryWrite
                0x00000000080068fc      0x12c ./Drivers/STM32F4xx_HAL_Driver/Src/stm32f4xx_hal_i2c.o
 .text.I2C_RequestMemoryRead
                0x0000000008006a28      0x1d0 ./Drivers/STM32F4xx_HAL_Driver/Src/stm32f4xx_hal_i2c.o
 .text.I2C_WaitOnFlagUntilTimeout
                0x0000000008006bf8       0xae ./Drivers/STM32F4xx_HAL_Driver/Src/stm32f4xx_hal_i2c.o
 .text.I2C_WaitOnMasterAddressFlagUntilTimeout
                0x0000000008006ca6       0xfe ./Drivers/STM32F4xx_HAL_Driver/Src/stm32f4xx_hal_i2c.o
 .text.I2C_WaitOnTXEFlagUntilTimeout
                0x0000000008006da4       0x82 ./Drivers/STM32F4xx_HAL_Driver/Src/stm32f4xx_hal_i2c.o
 .text.I2C_WaitOnBTFFlagUntilTimeout
                0x0000000008006e26       0x82 ./Drivers/STM32F4xx_HAL_Driver/Src/stm32f4xx_hal_i2c.o
 .text.I2C_WaitOnRXNEFlagUntilTimeout
                0x0000000008006ea8       0xac ./Drivers/STM32F4xx_HAL_Driver/Src/stm32f4xx_hal_i2c.o
 .text.I2C_IsAcknowledgeFailed
                0x0000000008006f54       0x5e ./Drivers/STM32F4xx_HAL_Driver/Src/stm32f4xx_hal_i2c.o
 .text.HAL_PCD_Init
                0x0000000008006fb2      0x23a ./Drivers/STM32F4xx_HAL_Driver/Src/stm32f4xx_hal_pcd.o
                0x0000000008006fb2                HAL_PCD_Init
 .text.HAL_PCD_Start
                0x00000000080071ec       0x66 ./Drivers/STM32F4xx_HAL_Driver/Src/stm32f4xx_hal_pcd.o
                0x00000000080071ec                HAL_PCD_Start
 .text.HAL_PCD_IRQHandler
                0x0000000008007252      0x764 ./Drivers/STM32F4xx_HAL_Driver/Src/stm32f4xx_hal_pcd.o
                0x0000000008007252                HAL_PCD_IRQHandler
 .text.HAL_PCD_SetAddress
                0x00000000080079b6       0x4a ./Drivers/STM32F4xx_HAL_Driver/Src/stm32f4xx_hal_pcd.o
                0x00000000080079b6                HAL_PCD_SetAddress
 .text.HAL_PCD_EP_Open
                0x0000000008007a00       0xd0 ./Drivers/STM32F4xx_HAL_Driver/Src/stm32f4xx_hal_pcd.o
                0x0000000008007a00                HAL_PCD_EP_Open
 .text.HAL_PCD_EP_Close
                0x0000000008007ad0       0x94 ./Drivers/STM32F4xx_HAL_Driver/Src/stm32f4xx_hal_pcd.o
                0x0000000008007ad0                HAL_PCD_EP_Close
 .text.HAL_PCD_EP_Receive
                0x0000000008007b64       0x96 ./Drivers/STM32F4xx_HAL_Driver/Src/stm32f4xx_hal_pcd.o
                0x0000000008007b64                HAL_PCD_EP_Receive
 .text.HAL_PCD_EP_GetRxCount
                0x0000000008007bfa       0x30 ./Drivers/STM32F4xx_HAL_Driver/Src/stm32f4xx_hal_pcd.o
                0x0000000008007bfa                HAL_PCD_EP_GetRxCount
 .text.HAL_PCD_EP_Transmit
                0x0000000008007c2a       0x94 ./Drivers/STM32F4xx_HAL_Driver/Src/stm32f4xx_hal_pcd.o
                0x0000000008007c2a                HAL_PCD_EP_Transmit
 .text.HAL_PCD_EP_SetStall
                0x0000000008007cbe       0xc8 ./Drivers/STM32F4xx_HAL_Driver/Src/stm32f4xx_hal_pcd.o
                0x0000000008007cbe                HAL_PCD_EP_SetStall
 .text.HAL_PCD_EP_ClrStall
                0x0000000008007d86       0xac ./Drivers/STM32F4xx_HAL_Driver/Src/stm32f4xx_hal_pcd.o
                0x0000000008007d86                HAL_PCD_EP_ClrStall
 .text.PCD_WriteEmptyTxFifo
                0x0000000008007e32      0x11a ./Drivers/STM32F4xx_HAL_Driver/Src/stm32f4xx_hal_pcd.o
 .text.PCD_EP_OutXfrComplete_int
                0x0000000008007f4c      0x218 ./Drivers/STM32F4xx_HAL_Driver/Src/stm32f4xx_hal_pcd.o
 .text.PCD_EP_OutSetupPacket_int
                0x0000000008008164       0x8c ./Drivers/STM32F4xx_HAL_Driver/Src/stm32f4xx_hal_pcd.o
 .text.HAL_PCDEx_SetTxFiFo
                0x00000000080081f0       0x8e ./Drivers/STM32F4xx_HAL_Driver/Src/stm32f4xx_hal_pcd_ex.o
                0x00000000080081f0                HAL_PCDEx_SetTxFiFo
 .text.HAL_PCDEx_SetRxFiFo
                0x000000000800827e       0x22 ./Drivers/STM32F4xx_HAL_Driver/Src/stm32f4xx_hal_pcd_ex.o
                0x000000000800827e                HAL_PCDEx_SetRxFiFo
 .text.HAL_PCDEx_LPM_Callback
                0x00000000080082a0       0x18 ./Drivers/STM32F4xx_HAL_Driver/Src/stm32f4xx_hal_pcd_ex.o
                0x00000000080082a0                HAL_PCDEx_LPM_Callback
 .text.HAL_RCC_OscConfig
                0x00000000080082b8      0x4f0 ./Drivers/STM32F4xx_HAL_Driver/Src/stm32f4xx_hal_rcc.o
                0x00000000080082b8                HAL_RCC_OscConfig
 .text.HAL_RCC_ClockConfig
                0x00000000080087a8      0x1cc ./Drivers/STM32F4xx_HAL_Driver/Src/stm32f4xx_hal_rcc.o
                0x00000000080087a8                HAL_RCC_ClockConfig
 .text.HAL_RCC_GetSysClockFreq
                0x0000000008008974      0x1c4 ./Drivers/STM32F4xx_HAL_Driver/Src/stm32f4xx_hal_rcc.o
                0x0000000008008974                HAL_RCC_GetSysClockFreq
 .text.HAL_RCC_GetHCLKFreq
                0x0000000008008b38       0x18 ./Drivers/STM32F4xx_HAL_Driver/Src/stm32f4xx_hal_rcc.o
                0x0000000008008b38                HAL_RCC_GetHCLKFreq
 .text.HAL_RCC_GetPCLK1Freq
                0x0000000008008b50       0x28 ./Drivers/STM32F4xx_HAL_Driver/Src/stm32f4xx_hal_rcc.o
                0x0000000008008b50                HAL_RCC_GetPCLK1Freq
 .text.HAL_RCC_GetPCLK2Freq
                0x0000000008008b78       0x28 ./Drivers/STM32F4xx_HAL_Driver/Src/stm32f4xx_hal_rcc.o
                0x0000000008008b78                HAL_RCC_GetPCLK2Freq
 .text.HAL_RCC_GetClockConfig
                0x0000000008008ba0       0x64 ./Drivers/STM32F4xx_HAL_Driver/Src/stm32f4xx_hal_rcc.o
                0x0000000008008ba0                HAL_RCC_GetClockConfig
 .text.HAL_SPI_Init
                0x0000000008008c04      0x112 ./Drivers/STM32F4xx_HAL_Driver/Src/stm32f4xx_hal_spi.o
                0x0000000008008c04                HAL_SPI_Init
 .text.HAL_SPI_Transmit
                0x0000000008008d16      0x278 ./Drivers/STM32F4xx_HAL_Driver/Src/stm32f4xx_hal_spi.o
                0x0000000008008d16                HAL_SPI_Transmit
 .text.HAL_SPI_Receive
                0x0000000008008f8e      0x222 ./Drivers/STM32F4xx_HAL_Driver/Src/stm32f4xx_hal_spi.o
                0x0000000008008f8e                HAL_SPI_Receive
 .text.HAL_SPI_TransmitReceive
                0x00000000080091b0      0x344 ./Drivers/STM32F4xx_HAL_Driver/Src/stm32f4xx_hal_spi.o
                0x00000000080091b0                HAL_SPI_TransmitReceive
 .text.SPI_WaitFlagStateUntilTimeout
                0x00000000080094f4      0x110 ./Drivers/STM32F4xx_HAL_Driver/Src/stm32f4xx_hal_spi.o
 .text.SPI_EndRxTransaction
                0x0000000008009604       0xca ./Drivers/STM32F4xx_HAL_Driver/Src/stm32f4xx_hal_spi.o
 *fill*         0x00000000080096ce        0x2 
 .text.SPI_EndRxTxTransaction
                0x00000000080096d0       0x84 ./Drivers/STM32F4xx_HAL_Driver/Src/stm32f4xx_hal_spi.o
 .text.HAL_TIM_Base_Init
                0x0000000008009754       0x9e ./Drivers/STM32F4xx_HAL_Driver/Src/stm32f4xx_hal_tim.o
                0x0000000008009754                HAL_TIM_Base_Init
 *fill*         0x00000000080097f2        0x2 
 .text.HAL_TIM_Base_Start
                0x00000000080097f4       0xb4 ./Drivers/STM32F4xx_HAL_Driver/Src/stm32f4xx_hal_tim.o
                0x00000000080097f4                HAL_TIM_Base_Start
 .text.HAL_TIM_Base_Start_IT
                0x00000000080098a8       0xc4 ./Drivers/STM32F4xx_HAL_Driver/Src/stm32f4xx_hal_tim.o
                0x00000000080098a8                HAL_TIM_Base_Start_IT
 .text.HAL_TIM_PWM_Init
                0x000000000800996c       0x9e ./Drivers/STM32F4xx_HAL_Driver/Src/stm32f4xx_hal_tim.o
                0x000000000800996c                HAL_TIM_PWM_Init
 .text.HAL_TIM_PWM_MspInit
                0x0000000008009a0a       0x14 ./Drivers/STM32F4xx_HAL_Driver/Src/stm32f4xx_hal_tim.o
                0x0000000008009a0a                HAL_TIM_PWM_MspInit
 *fill*         0x0000000008009a1e        0x2 
 .text.HAL_TIM_PWM_Start
                0x0000000008009a20      0x160 ./Drivers/STM32F4xx_HAL_Driver/Src/stm32f4xx_hal_tim.o
                0x0000000008009a20                HAL_TIM_PWM_Start
 .text.HAL_TIM_IRQHandler
                0x0000000008009b80      0x210 ./Drivers/STM32F4xx_HAL_Driver/Src/stm32f4xx_hal_tim.o
                0x0000000008009b80                HAL_TIM_IRQHandler
 .text.HAL_TIM_PWM_ConfigChannel
                0x0000000008009d90      0x184 ./Drivers/STM32F4xx_HAL_Driver/Src/stm32f4xx_hal_tim.o
                0x0000000008009d90                HAL_TIM_PWM_ConfigChannel
 .text.HAL_TIM_ConfigClockSource
                0x0000000008009f14      0x18e ./Drivers/STM32F4xx_HAL_Driver/Src/stm32f4xx_hal_tim.o
                0x0000000008009f14                HAL_TIM_ConfigClockSource
 .text.HAL_TIM_OC_DelayElapsedCallback
                0x000000000800a0a2       0x14 ./Drivers/STM32F4xx_HAL_Driver/Src/stm32f4xx_hal_tim.o
                0x000000000800a0a2                HAL_TIM_OC_DelayElapsedCallback
 .text.HAL_TIM_IC_CaptureCallback
                0x000000000800a0b6       0x14 ./Drivers/STM32F4xx_HAL_Driver/Src/stm32f4xx_hal_tim.o
                0x000000000800a0b6                HAL_TIM_IC_CaptureCallback
 .text.HAL_TIM_PWM_PulseFinishedCallback
                0x000000000800a0ca       0x14 ./Drivers/STM32F4xx_HAL_Driver/Src/stm32f4xx_hal_tim.o
                0x000000000800a0ca                HAL_TIM_PWM_PulseFinishedCallback
 .text.HAL_TIM_TriggerCallback
                0x000000000800a0de       0x14 ./Drivers/STM32F4xx_HAL_Driver/Src/stm32f4xx_hal_tim.o
                0x000000000800a0de                HAL_TIM_TriggerCallback
 *fill*         0x000000000800a0f2        0x2 
 .text.TIM_Base_SetConfig
                0x000000000800a0f4      0x100 ./Drivers/STM32F4xx_HAL_Driver/Src/stm32f4xx_hal_tim.o
                0x000000000800a0f4                TIM_Base_SetConfig
 .text.TIM_OC1_SetConfig
                0x000000000800a1f4       0xcc ./Drivers/STM32F4xx_HAL_Driver/Src/stm32f4xx_hal_tim.o
 .text.TIM_OC2_SetConfig
                0x000000000800a2c0       0xd8 ./Drivers/STM32F4xx_HAL_Driver/Src/stm32f4xx_hal_tim.o
                0x000000000800a2c0                TIM_OC2_SetConfig
 .text.TIM_OC3_SetConfig
                0x000000000800a398       0xd4 ./Drivers/STM32F4xx_HAL_Driver/Src/stm32f4xx_hal_tim.o
 .text.TIM_OC4_SetConfig
                0x000000000800a46c       0xa0 ./Drivers/STM32F4xx_HAL_Driver/Src/stm32f4xx_hal_tim.o
 .text.TIM_TI1_ConfigInputStage
                0x000000000800a50c       0x5e ./Drivers/STM32F4xx_HAL_Driver/Src/stm32f4xx_hal_tim.o
 .text.TIM_TI2_ConfigInputStage
                0x000000000800a56a       0x60 ./Drivers/STM32F4xx_HAL_Driver/Src/stm32f4xx_hal_tim.o
 .text.TIM_ITRx_SetConfig
                0x000000000800a5ca       0x36 ./Drivers/STM32F4xx_HAL_Driver/Src/stm32f4xx_hal_tim.o
 .text.TIM_ETR_SetConfig
                0x000000000800a600       0x40 ./Drivers/STM32F4xx_HAL_Driver/Src/stm32f4xx_hal_tim.o
                0x000000000800a600                TIM_ETR_SetConfig
 .text.TIM_CCxChannelCmd
                0x000000000800a640       0x4a ./Drivers/STM32F4xx_HAL_Driver/Src/stm32f4xx_hal_tim.o
                0x000000000800a640                TIM_CCxChannelCmd
 *fill*         0x000000000800a68a        0x2 
 .text.HAL_TIMEx_MasterConfigSynchronization
                0x000000000800a68c       0xdc ./Drivers/STM32F4xx_HAL_Driver/Src/stm32f4xx_hal_tim_ex.o
                0x000000000800a68c                HAL_TIMEx_MasterConfigSynchronization
 .text.HAL_TIMEx_CommutCallback
                0x000000000800a768       0x14 ./Drivers/STM32F4xx_HAL_Driver/Src/stm32f4xx_hal_tim_ex.o
                0x000000000800a768                HAL_TIMEx_CommutCallback
 .text.HAL_TIMEx_BreakCallback
                0x000000000800a77c       0x14 ./Drivers/STM32F4xx_HAL_Driver/Src/stm32f4xx_hal_tim_ex.o
                0x000000000800a77c                HAL_TIMEx_BreakCallback
 .text.USB_CoreInit
                0x000000000800a790       0xc2 ./Drivers/STM32F4xx_HAL_Driver/Src/stm32f4xx_ll_usb.o
                0x000000000800a790                USB_CoreInit
 *fill*         0x000000000800a852        0x2 
 .text.USB_SetTurnaroundTime
                0x000000000800a854      0x144 ./Drivers/STM32F4xx_HAL_Driver/Src/stm32f4xx_ll_usb.o
                0x000000000800a854                USB_SetTurnaroundTime
 .text.USB_EnableGlobalInt
                0x000000000800a998       0x22 ./Drivers/STM32F4xx_HAL_Driver/Src/stm32f4xx_ll_usb.o
                0x000000000800a998                USB_EnableGlobalInt
 .text.USB_DisableGlobalInt
                0x000000000800a9ba       0x22 ./Drivers/STM32F4xx_HAL_Driver/Src/stm32f4xx_ll_usb.o
                0x000000000800a9ba                USB_DisableGlobalInt
 .text.USB_SetCurrentMode
                0x000000000800a9dc       0x98 ./Drivers/STM32F4xx_HAL_Driver/Src/stm32f4xx_ll_usb.o
                0x000000000800a9dc                USB_SetCurrentMode
 .text.USB_DevInit
                0x000000000800aa74      0x2c8 ./Drivers/STM32F4xx_HAL_Driver/Src/stm32f4xx_ll_usb.o
                0x000000000800aa74                USB_DevInit
 .text.USB_FlushTxFifo
                0x000000000800ad3c       0x48 ./Drivers/STM32F4xx_HAL_Driver/Src/stm32f4xx_ll_usb.o
                0x000000000800ad3c                USB_FlushTxFifo
 .text.USB_FlushRxFifo
                0x000000000800ad84       0x40 ./Drivers/STM32F4xx_HAL_Driver/Src/stm32f4xx_ll_usb.o
                0x000000000800ad84                USB_FlushRxFifo
 .text.USB_SetDevSpeed
                0x000000000800adc4       0x32 ./Drivers/STM32F4xx_HAL_Driver/Src/stm32f4xx_ll_usb.o
                0x000000000800adc4                USB_SetDevSpeed
 .text.USB_GetDevSpeed
                0x000000000800adf6       0x4a ./Drivers/STM32F4xx_HAL_Driver/Src/stm32f4xx_ll_usb.o
                0x000000000800adf6                USB_GetDevSpeed
 .text.USB_ActivateEndpoint
                0x000000000800ae40      0x10e ./Drivers/STM32F4xx_HAL_Driver/Src/stm32f4xx_ll_usb.o
                0x000000000800ae40                USB_ActivateEndpoint
 *fill*         0x000000000800af4e        0x2 
 .text.USB_DeactivateEndpoint
                0x000000000800af50      0x1b8 ./Drivers/STM32F4xx_HAL_Driver/Src/stm32f4xx_ll_usb.o
                0x000000000800af50                USB_DeactivateEndpoint
 .text.USB_EPStartXfer
                0x000000000800b108      0x488 ./Drivers/STM32F4xx_HAL_Driver/Src/stm32f4xx_ll_usb.o
                0x000000000800b108                USB_EPStartXfer
 .text.USB_EP0StartXfer
                0x000000000800b590      0x2a6 ./Drivers/STM32F4xx_HAL_Driver/Src/stm32f4xx_ll_usb.o
                0x000000000800b590                USB_EP0StartXfer
 .text.USB_WritePacket
                0x000000000800b836       0x7c ./Drivers/STM32F4xx_HAL_Driver/Src/stm32f4xx_ll_usb.o
                0x000000000800b836                USB_WritePacket
 .text.USB_ReadPacket
                0x000000000800b8b2       0xb0 ./Drivers/STM32F4xx_HAL_Driver/Src/stm32f4xx_ll_usb.o
                0x000000000800b8b2                USB_ReadPacket
 .text.USB_EPSetStall
                0x000000000800b962       0xdc ./Drivers/STM32F4xx_HAL_Driver/Src/stm32f4xx_ll_usb.o
                0x000000000800b962                USB_EPSetStall
 .text.USB_EPClearStall
                0x000000000800ba3e       0xcc ./Drivers/STM32F4xx_HAL_Driver/Src/stm32f4xx_ll_usb.o
                0x000000000800ba3e                USB_EPClearStall
 .text.USB_SetDevAddress
                0x000000000800bb0a       0x4c ./Drivers/STM32F4xx_HAL_Driver/Src/stm32f4xx_ll_usb.o
                0x000000000800bb0a                USB_SetDevAddress
 .text.USB_DevConnect
                0x000000000800bb56       0x42 ./Drivers/STM32F4xx_HAL_Driver/Src/stm32f4xx_ll_usb.o
                0x000000000800bb56                USB_DevConnect
 .text.USB_DevDisconnect
                0x000000000800bb98       0x42 ./Drivers/STM32F4xx_HAL_Driver/Src/stm32f4xx_ll_usb.o
                0x000000000800bb98                USB_DevDisconnect
 .text.USB_ReadInterrupts
                0x000000000800bbda       0x26 ./Drivers/STM32F4xx_HAL_Driver/Src/stm32f4xx_ll_usb.o
                0x000000000800bbda                USB_ReadInterrupts
 .text.USB_ReadDevAllOutEpInterrupt
                0x000000000800bc00       0x34 ./Drivers/STM32F4xx_HAL_Driver/Src/stm32f4xx_ll_usb.o
                0x000000000800bc00                USB_ReadDevAllOutEpInterrupt
 .text.USB_ReadDevAllInEpInterrupt
                0x000000000800bc34       0x34 ./Drivers/STM32F4xx_HAL_Driver/Src/stm32f4xx_ll_usb.o
                0x000000000800bc34                USB_ReadDevAllInEpInterrupt
 .text.USB_ReadDevOutEPInterrupt
                0x000000000800bc68       0x3c ./Drivers/STM32F4xx_HAL_Driver/Src/stm32f4xx_ll_usb.o
                0x000000000800bc68                USB_ReadDevOutEPInterrupt
 .text.USB_ReadDevInEPInterrupt
                0x000000000800bca4       0x5c ./Drivers/STM32F4xx_HAL_Driver/Src/stm32f4xx_ll_usb.o
                0x000000000800bca4                USB_ReadDevInEPInterrupt
 .text.USB_GetMode
                0x000000000800bd00       0x1c ./Drivers/STM32F4xx_HAL_Driver/Src/stm32f4xx_ll_usb.o
                0x000000000800bd00                USB_GetMode
 .text.USB_ActivateSetup
                0x000000000800bd1c       0x46 ./Drivers/STM32F4xx_HAL_Driver/Src/stm32f4xx_ll_usb.o
                0x000000000800bd1c                USB_ActivateSetup
 *fill*         0x000000000800bd62        0x2 
 .text.USB_EP0_OutStart
                0x000000000800bd64       0xbc ./Drivers/STM32F4xx_HAL_Driver/Src/stm32f4xx_ll_usb.o
                0x000000000800bd64                USB_EP0_OutStart
 .text.USB_CoreReset
                0x000000000800be20       0x64 ./Drivers/STM32F4xx_HAL_Driver/Src/stm32f4xx_ll_usb.o
 .text.vListInitialise
                0x000000000800be84       0x40 ./FreeRTOS/Source/list.o
                0x000000000800be84                vListInitialise
 .text.vListInitialiseItem
                0x000000000800bec4       0x1a ./FreeRTOS/Source/list.o
                0x000000000800bec4                vListInitialiseItem
 .text.vListInsert
                0x000000000800bede       0x72 ./FreeRTOS/Source/list.o
                0x000000000800bede                vListInsert
 .text.uxListRemove
                0x000000000800bf50       0x54 ./FreeRTOS/Source/list.o
                0x000000000800bf50                uxListRemove
 .text.xQueueGenericReset
                0x000000000800bfa4      0x120 ./FreeRTOS/Source/queue.o
                0x000000000800bfa4                xQueueGenericReset
 .text.xQueueGenericCreate
                0x000000000800c0c4       0x9c ./FreeRTOS/Source/queue.o
                0x000000000800c0c4                xQueueGenericCreate
 .text.prvInitialiseNewQueue
                0x000000000800c160       0x46 ./FreeRTOS/Source/queue.o
 *fill*         0x000000000800c1a6        0x2 
 .text.xQueueReceive
                0x000000000800c1a8      0x1c0 ./FreeRTOS/Source/queue.o
                0x000000000800c1a8                xQueueReceive
 .text.prvCopyDataFromQueue
                0x000000000800c368       0x4c ./FreeRTOS/Source/queue.o
 .text.prvUnlockQueue
                0x000000000800c3b4       0xa4 ./FreeRTOS/Source/queue.o
 .text.prvIsQueueEmpty
                0x000000000800c458       0x2c ./FreeRTOS/Source/queue.o
 .text.vQueueAddToRegistry
                0x000000000800c484       0x9c ./FreeRTOS/Source/queue.o
                0x000000000800c484                vQueueAddToRegistry
 .text.vQueueWaitForMessageRestricted
                0x000000000800c520       0x68 ./FreeRTOS/Source/queue.o
                0x000000000800c520                vQueueWaitForMessageRestricted
 .text.xTaskCreate
                0x000000000800c588       0x82 ./FreeRTOS/Source/tasks.o
                0x000000000800c588                xTaskCreate
 .text.prvInitialiseNewTask
                0x000000000800c60a      0x148 ./FreeRTOS/Source/tasks.o
 *fill*         0x000000000800c752        0x2 
 .text.prvAddNewTaskToReadyList
                0x000000000800c754      0x12c ./FreeRTOS/Source/tasks.o
 .text.vTaskDelay
                0x000000000800c880       0x68 ./FreeRTOS/Source/tasks.o
                0x000000000800c880                vTaskDelay
 .text.vTaskStartScheduler
                0x000000000800c8e8       0xa4 ./FreeRTOS/Source/tasks.o
                0x000000000800c8e8                vTaskStartScheduler
 .text.vTaskSuspendAll
                0x000000000800c98c       0x1c ./FreeRTOS/Source/tasks.o
                0x000000000800c98c                vTaskSuspendAll
 .text.xTaskResumeAll
                0x000000000800c9a8      0x1f8 ./FreeRTOS/Source/tasks.o
                0x000000000800c9a8                xTaskResumeAll
 .text.xTaskGetTickCount
                0x000000000800cba0       0x20 ./FreeRTOS/Source/tasks.o
                0x000000000800cba0                xTaskGetTickCount
 .text.xTaskIncrementTick
                0x000000000800cbc0      0x22c ./FreeRTOS/Source/tasks.o
                0x000000000800cbc0                xTaskIncrementTick
 .text.vTaskSwitchContext
                0x000000000800cdec       0xb8 ./FreeRTOS/Source/tasks.o
                0x000000000800cdec                vTaskSwitchContext
 .text.vTaskPlaceOnEventList
                0x000000000800cea4       0x48 ./FreeRTOS/Source/tasks.o
                0x000000000800cea4                vTaskPlaceOnEventList
 .text.vTaskPlaceOnEventListRestricted
                0x000000000800ceec       0x8c ./FreeRTOS/Source/tasks.o
                0x000000000800ceec                vTaskPlaceOnEventListRestricted
 .text.xTaskRemoveFromEventList
                0x000000000800cf78      0x1ac ./FreeRTOS/Source/tasks.o
                0x000000000800cf78                xTaskRemoveFromEventList
 .text.vTaskInternalSetTimeOutState
                0x000000000800d124       0x2c ./FreeRTOS/Source/tasks.o
                0x000000000800d124                vTaskInternalSetTimeOutState
 .text.xTaskCheckForTimeOut
                0x000000000800d150       0xcc ./FreeRTOS/Source/tasks.o
                0x000000000800d150                xTaskCheckForTimeOut
 .text.vTaskMissedYield
                0x000000000800d21c       0x18 ./FreeRTOS/Source/tasks.o
                0x000000000800d21c                vTaskMissedYield
 .text.prvIdleTask
                0x000000000800d234       0x30 ./FreeRTOS/Source/tasks.o
 .text.prvInitialiseTaskLists
                0x000000000800d264       0x80 ./FreeRTOS/Source/tasks.o
 .text.prvCheckTasksWaitingTermination
                0x000000000800d2e4       0x5c ./FreeRTOS/Source/tasks.o
 .text.prvDeleteTCB
                0x000000000800d340       0x20 ./FreeRTOS/Source/tasks.o
 .text.prvResetNextTaskUnblockTime
                0x000000000800d360       0x38 ./FreeRTOS/Source/tasks.o
 .text.xTaskGetSchedulerState
                0x000000000800d398       0x3c ./FreeRTOS/Source/tasks.o
                0x000000000800d398                xTaskGetSchedulerState
 .text.prvAddCurrentTaskToDelayedList
                0x000000000800d3d4      0x100 ./FreeRTOS/Source/tasks.o
 .text.xTimerCreateTimerTask
                0x000000000800d4d4       0x64 ./FreeRTOS/Source/timers.o
                0x000000000800d4d4                xTimerCreateTimerTask
 .text.prvReloadTimer
                0x000000000800d538       0x42 ./FreeRTOS/Source/timers.o
 *fill*         0x000000000800d57a        0x2 
 .text.prvProcessExpiredTimer
                0x000000000800d57c       0x60 ./FreeRTOS/Source/timers.o
 .text.prvTimerTask
                0x000000000800d5dc       0x24 ./FreeRTOS/Source/timers.o
 .text.prvProcessTimerOrBlockTask
                0x000000000800d600       0x9c ./FreeRTOS/Source/timers.o
 .text.prvGetNextExpireTime
                0x000000000800d69c       0x48 ./FreeRTOS/Source/timers.o
 .text.prvSampleTimeNow
                0x000000000800d6e4       0x40 ./FreeRTOS/Source/timers.o
 .text.prvInsertTimerInActiveList
                0x000000000800d724       0x84 ./FreeRTOS/Source/timers.o
 .text.prvProcessReceivedCommands
                0x000000000800d7a8      0x17c ./FreeRTOS/Source/timers.o
 .text.prvSwitchTimerLists
                0x000000000800d924       0x4c ./FreeRTOS/Source/timers.o
 .text.prvCheckForValidListAndQueue
                0x000000000800d970       0x6c ./FreeRTOS/Source/timers.o
 .text.pxPortInitialiseStack
                0x000000000800d9dc       0x68 ./FreeRTOS/Source/portable/GCC/ARM_CM4F/port.o
                0x000000000800d9dc                pxPortInitialiseStack
 .text.prvTaskExitError
                0x000000000800da44       0x58 ./FreeRTOS/Source/portable/GCC/ARM_CM4F/port.o
 *fill*         0x000000000800da9c        0x4 
 .text.SVC_Handler
                0x000000000800daa0       0x28 ./FreeRTOS/Source/portable/GCC/ARM_CM4F/port.o
                0x000000000800daa0                SVC_Handler
 .text.prvPortStartFirstTask
                0x000000000800dac8       0x2c ./FreeRTOS/Source/portable/GCC/ARM_CM4F/port.o
 .text.xPortStartScheduler
                0x000000000800daf4      0x144 ./FreeRTOS/Source/portable/GCC/ARM_CM4F/port.o
                0x000000000800daf4                xPortStartScheduler
 .text.vPortEnterCritical
                0x000000000800dc38       0x60 ./FreeRTOS/Source/portable/GCC/ARM_CM4F/port.o
                0x000000000800dc38                vPortEnterCritical
 .text.vPortExitCritical
                0x000000000800dc98       0x54 ./FreeRTOS/Source/portable/GCC/ARM_CM4F/port.o
                0x000000000800dc98                vPortExitCritical
 *fill*         0x000000000800dcec        0x4 
 .text.PendSV_Handler
                0x000000000800dcf0       0x68 ./FreeRTOS/Source/portable/GCC/ARM_CM4F/port.o
                0x000000000800dcf0                PendSV_Handler
 .text.SysTick_Handler
                0x000000000800dd58       0x44 ./FreeRTOS/Source/portable/GCC/ARM_CM4F/port.o
                0x000000000800dd58                SysTick_Handler
 .text.vPortSetupTimerInterrupt
                0x000000000800dd9c       0x48 ./FreeRTOS/Source/portable/GCC/ARM_CM4F/port.o
                0x000000000800dd9c                vPortSetupTimerInterrupt
 .text.vPortEnableVFP
                0x000000000800dde4       0x18 ./FreeRTOS/Source/portable/GCC/ARM_CM4F/port.o
 .text.pvPortMalloc
                0x000000000800ddfc      0x1c0 ./FreeRTOS/Source/portable/MemMang/heap_4.o
                0x000000000800ddfc                pvPortMalloc
 .text.vPortFree
                0x000000000800dfbc       0xc4 ./FreeRTOS/Source/portable/MemMang/heap_4.o
                0x000000000800dfbc                vPortFree
 .text.prvHeapInit
                0x000000000800e080       0xc4 ./FreeRTOS/Source/portable/MemMang/heap_4.o
 .text.prvInsertBlockIntoFreeList
                0x000000000800e144       0xb4 ./FreeRTOS/Source/portable/MemMang/heap_4.o
 .text.USBD_CDC_Init
                0x000000000800e1f8       0xfe ./Middlewares/ST/STM32_USB_Device_Library/Class/CDC/Src/usbd_cdc.o
 .text.USBD_CDC_DeInit
                0x000000000800e2f6       0x74 ./Middlewares/ST/STM32_USB_Device_Library/Class/CDC/Src/usbd_cdc.o
 *fill*         0x000000000800e36a        0x2 
 .text.USBD_CDC_Setup
                0x000000000800e36c      0x190 ./Middlewares/ST/STM32_USB_Device_Library/Class/CDC/Src/usbd_cdc.o
 .text.USBD_CDC_DataIn
                0x000000000800e4fc       0xca ./Middlewares/ST/STM32_USB_Device_Library/Class/CDC/Src/usbd_cdc.o
 .text.USBD_CDC_DataOut
                0x000000000800e5c6       0x56 ./Middlewares/ST/STM32_USB_Device_Library/Class/CDC/Src/usbd_cdc.o
 .text.USBD_CDC_EP0_RxReady
                0x000000000800e61c       0x5a ./Middlewares/ST/STM32_USB_Device_Library/Class/CDC/Src/usbd_cdc.o
 *fill*         0x000000000800e676        0x2 
 .text.USBD_CDC_GetFSCfgDesc
                0x000000000800e678       0x20 ./Middlewares/ST/STM32_USB_Device_Library/Class/CDC/Src/usbd_cdc.o
 .text.USBD_CDC_GetHSCfgDesc
                0x000000000800e698       0x20 ./Middlewares/ST/STM32_USB_Device_Library/Class/CDC/Src/usbd_cdc.o
 .text.USBD_CDC_GetOtherSpeedCfgDesc
                0x000000000800e6b8       0x20 ./Middlewares/ST/STM32_USB_Device_Library/Class/CDC/Src/usbd_cdc.o
 .text.USBD_CDC_GetDeviceQualifierDescriptor
                0x000000000800e6d8       0x20 ./Middlewares/ST/STM32_USB_Device_Library/Class/CDC/Src/usbd_cdc.o
                0x000000000800e6d8                USBD_CDC_GetDeviceQualifierDescriptor
 .text.USBD_CDC_RegisterInterface
                0x000000000800e6f8       0x2a ./Middlewares/ST/STM32_USB_Device_Library/Class/CDC/Src/usbd_cdc.o
                0x000000000800e6f8                USBD_CDC_RegisterInterface
 .text.USBD_CDC_SetTxBuffer
                0x000000000800e722       0x3c ./Middlewares/ST/STM32_USB_Device_Library/Class/CDC/Src/usbd_cdc.o
                0x000000000800e722                USBD_CDC_SetTxBuffer
 .text.USBD_CDC_SetRxBuffer
                0x000000000800e75e       0x32 ./Middlewares/ST/STM32_USB_Device_Library/Class/CDC/Src/usbd_cdc.o
                0x000000000800e75e                USBD_CDC_SetRxBuffer
 .text.USBD_CDC_TransmitPacket
                0x000000000800e790       0x60 ./Middlewares/ST/STM32_USB_Device_Library/Class/CDC/Src/usbd_cdc.o
                0x000000000800e790                USBD_CDC_TransmitPacket
 .text.USBD_CDC_ReceivePacket
                0x000000000800e7f0       0x54 ./Middlewares/ST/STM32_USB_Device_Library/Class/CDC/Src/usbd_cdc.o
                0x000000000800e7f0                USBD_CDC_ReceivePacket
 .text.USBD_Init
                0x000000000800e844       0x60 ./Middlewares/ST/STM32_USB_Device_Library/Core/Src/usbd_core.o
                0x000000000800e844                USBD_Init
 .text.USBD_RegisterClass
                0x000000000800e8a4       0x4e ./Middlewares/ST/STM32_USB_Device_Library/Core/Src/usbd_core.o
                0x000000000800e8a4                USBD_RegisterClass
 .text.USBD_Start
                0x000000000800e8f2       0x18 ./Middlewares/ST/STM32_USB_Device_Library/Core/Src/usbd_core.o
                0x000000000800e8f2                USBD_Start
 .text.USBD_RunTestMode
                0x000000000800e90a       0x16 ./Middlewares/ST/STM32_USB_Device_Library/Core/Src/usbd_core.o
                0x000000000800e90a                USBD_RunTestMode
 .text.USBD_SetClassConfig
                0x000000000800e920       0x38 ./Middlewares/ST/STM32_USB_Device_Library/Core/Src/usbd_core.o
                0x000000000800e920                USBD_SetClassConfig
 .text.USBD_ClrClassConfig
                0x000000000800e958       0x30 ./Middlewares/ST/STM32_USB_Device_Library/Core/Src/usbd_core.o
                0x000000000800e958                USBD_ClrClassConfig
 .text.USBD_LL_SetupStage
                0x000000000800e988       0xaa ./Middlewares/ST/STM32_USB_Device_Library/Core/Src/usbd_core.o
                0x000000000800e988                USBD_LL_SetupStage
 .text.USBD_LL_DataOutStage
                0x000000000800ea32       0xc6 ./Middlewares/ST/STM32_USB_Device_Library/Core/Src/usbd_core.o
                0x000000000800ea32                USBD_LL_DataOutStage
 .text.USBD_LL_DataInStage
                0x000000000800eaf8      0x12c ./Middlewares/ST/STM32_USB_Device_Library/Core/Src/usbd_core.o
                0x000000000800eaf8                USBD_LL_DataInStage
 .text.USBD_LL_Reset
                0x000000000800ec24       0x9c ./Middlewares/ST/STM32_USB_Device_Library/Core/Src/usbd_core.o
                0x000000000800ec24                USBD_LL_Reset
 .text.USBD_LL_SetSpeed
                0x000000000800ecc0       0x20 ./Middlewares/ST/STM32_USB_Device_Library/Core/Src/usbd_core.o
                0x000000000800ecc0                USBD_LL_SetSpeed
 .text.USBD_LL_Suspend
                0x000000000800ece0       0x2c ./Middlewares/ST/STM32_USB_Device_Library/Core/Src/usbd_core.o
                0x000000000800ece0                USBD_LL_Suspend
 .text.USBD_LL_Resume
                0x000000000800ed0c       0x30 ./Middlewares/ST/STM32_USB_Device_Library/Core/Src/usbd_core.o
                0x000000000800ed0c                USBD_LL_Resume
 .text.USBD_LL_SOF
                0x000000000800ed3c       0x44 ./Middlewares/ST/STM32_USB_Device_Library/Core/Src/usbd_core.o
                0x000000000800ed3c                USBD_LL_SOF
 .text.USBD_LL_IsoINIncomplete
                0x000000000800ed80       0x4c ./Middlewares/ST/STM32_USB_Device_Library/Core/Src/usbd_core.o
                0x000000000800ed80                USBD_LL_IsoINIncomplete
 .text.USBD_LL_IsoOUTIncomplete
                0x000000000800edcc       0x4c ./Middlewares/ST/STM32_USB_Device_Library/Core/Src/usbd_core.o
                0x000000000800edcc                USBD_LL_IsoOUTIncomplete
 .text.USBD_LL_DevConnected
                0x000000000800ee18       0x16 ./Middlewares/ST/STM32_USB_Device_Library/Core/Src/usbd_core.o
                0x000000000800ee18                USBD_LL_DevConnected
 .text.USBD_LL_DevDisconnected
                0x000000000800ee2e       0x38 ./Middlewares/ST/STM32_USB_Device_Library/Core/Src/usbd_core.o
                0x000000000800ee2e                USBD_LL_DevDisconnected
 .text.SWAPBYTE
                0x000000000800ee66       0x3c ./Middlewares/ST/STM32_USB_Device_Library/Core/Src/usbd_ctlreq.o
 *fill*         0x000000000800eea2        0x2 
 .text.USBD_StdDevReq
                0x000000000800eea4       0xdc ./Middlewares/ST/STM32_USB_Device_Library/Core/Src/usbd_ctlreq.o
                0x000000000800eea4                USBD_StdDevReq
 .text.USBD_StdItfReq
                0x000000000800ef80       0x92 ./Middlewares/ST/STM32_USB_Device_Library/Core/Src/usbd_ctlreq.o
                0x000000000800ef80                USBD_StdItfReq
 .text.USBD_StdEPReq
                0x000000000800f012      0x2c4 ./Middlewares/ST/STM32_USB_Device_Library/Core/Src/usbd_ctlreq.o
                0x000000000800f012                USBD_StdEPReq
 *fill*         0x000000000800f2d6        0x2 
 .text.USBD_GetDescriptor
                0x000000000800f2d8      0x2d4 ./Middlewares/ST/STM32_USB_Device_Library/Core/Src/usbd_ctlreq.o
 .text.USBD_SetAddress
                0x000000000800f5ac       0x88 ./Middlewares/ST/STM32_USB_Device_Library/Core/Src/usbd_ctlreq.o
 .text.USBD_SetConfig
                0x000000000800f634      0x14c ./Middlewares/ST/STM32_USB_Device_Library/Core/Src/usbd_ctlreq.o
 .text.USBD_GetConfig
                0x000000000800f780       0x6c ./Middlewares/ST/STM32_USB_Device_Library/Core/Src/usbd_ctlreq.o
 .text.USBD_GetStatus
                0x000000000800f7ec       0x68 ./Middlewares/ST/STM32_USB_Device_Library/Core/Src/usbd_ctlreq.o
 .text.USBD_SetFeature
                0x000000000800f854       0x28 ./Middlewares/ST/STM32_USB_Device_Library/Core/Src/usbd_ctlreq.o
 .text.USBD_ClrFeature
                0x000000000800f87c       0x44 ./Middlewares/ST/STM32_USB_Device_Library/Core/Src/usbd_ctlreq.o
 .text.USBD_ParseSetupRequest
                0x000000000800f8c0       0x74 ./Middlewares/ST/STM32_USB_Device_Library/Core/Src/usbd_ctlreq.o
                0x000000000800f8c0                USBD_ParseSetupRequest
 .text.USBD_CtlError
                0x000000000800f934       0x22 ./Middlewares/ST/STM32_USB_Device_Library/Core/Src/usbd_ctlreq.o
                0x000000000800f934                USBD_CtlError
 .text.USBD_GetString
                0x000000000800f956       0x8c ./Middlewares/ST/STM32_USB_Device_Library/Core/Src/usbd_ctlreq.o
                0x000000000800f956                USBD_GetString
 .text.USBD_GetLen
                0x000000000800f9e2       0x34 ./Middlewares/ST/STM32_USB_Device_Library/Core/Src/usbd_ctlreq.o
 .text.USBD_CtlSendData
                0x000000000800fa16       0x36 ./Middlewares/ST/STM32_USB_Device_Library/Core/Src/usbd_ioreq.o
                0x000000000800fa16                USBD_CtlSendData
 .text.USBD_CtlContinueSendData
                0x000000000800fa4c       0x22 ./Middlewares/ST/STM32_USB_Device_Library/Core/Src/usbd_ioreq.o
                0x000000000800fa4c                USBD_CtlContinueSendData
 .text.USBD_CtlPrepareRx
                0x000000000800fa6e       0x3a ./Middlewares/ST/STM32_USB_Device_Library/Core/Src/usbd_ioreq.o
                0x000000000800fa6e                USBD_CtlPrepareRx
 .text.USBD_CtlContinueRx
                0x000000000800faa8       0x22 ./Middlewares/ST/STM32_USB_Device_Library/Core/Src/usbd_ioreq.o
                0x000000000800faa8                USBD_CtlContinueRx
 .text.USBD_CtlSendStatus
                0x000000000800faca       0x26 ./Middlewares/ST/STM32_USB_Device_Library/Core/Src/usbd_ioreq.o
                0x000000000800faca                USBD_CtlSendStatus
 .text.USBD_CtlReceiveStatus
                0x000000000800faf0       0x26 ./Middlewares/ST/STM32_USB_Device_Library/Core/Src/usbd_ioreq.o
                0x000000000800faf0                USBD_CtlReceiveStatus
 *fill*         0x000000000800fb16        0x2 
 .text.MX_USB_DEVICE_Init
                0x000000000800fb18       0x60 ./USB_DEVICE/App/usb_device.o
                0x000000000800fb18                MX_USB_DEVICE_Init
 .text.CDC_Init_FS
                0x000000000800fb78       0x28 ./USB_DEVICE/App/usbd_cdc_if.o
 .text.CDC_DeInit_FS
                0x000000000800fba0       0x10 ./USB_DEVICE/App/usbd_cdc_if.o
 .text.CDC_Control_FS
                0x000000000800fbb0       0xbc ./USB_DEVICE/App/usbd_cdc_if.o
 .text.CDC_Receive_FS
                0x000000000800fc6c       0x28 ./USB_DEVICE/App/usbd_cdc_if.o
 .text.CDC_Transmit_FS
                0x000000000800fc94       0x4c ./USB_DEVICE/App/usbd_cdc_if.o
                0x000000000800fc94                CDC_Transmit_FS
 .text.CDC_TransmitCplt_FS
                0x000000000800fce0       0x22 ./USB_DEVICE/App/usbd_cdc_if.o
 *fill*         0x000000000800fd02        0x2 
 .text.USBD_FS_DeviceDescriptor
                0x000000000800fd04       0x24 ./USB_DEVICE/App/usbd_desc.o
                0x000000000800fd04                USBD_FS_DeviceDescriptor
 .text.USBD_FS_LangIDStrDescriptor
                0x000000000800fd28       0x24 ./USB_DEVICE/App/usbd_desc.o
                0x000000000800fd28                USBD_FS_LangIDStrDescriptor
 .text.USBD_FS_ProductStrDescriptor
                0x000000000800fd4c       0x3c ./USB_DEVICE/App/usbd_desc.o
                0x000000000800fd4c                USBD_FS_ProductStrDescriptor
 .text.USBD_FS_ManufacturerStrDescriptor
                0x000000000800fd88       0x28 ./USB_DEVICE/App/usbd_desc.o
                0x000000000800fd88                USBD_FS_ManufacturerStrDescriptor
 .text.USBD_FS_SerialStrDescriptor
                0x000000000800fdb0       0x24 ./USB_DEVICE/App/usbd_desc.o
                0x000000000800fdb0                USBD_FS_SerialStrDescriptor
 .text.USBD_FS_ConfigStrDescriptor
                0x000000000800fdd4       0x3c ./USB_DEVICE/App/usbd_desc.o
                0x000000000800fdd4                USBD_FS_ConfigStrDescriptor
 .text.USBD_FS_InterfaceStrDescriptor
                0x000000000800fe10       0x3c ./USB_DEVICE/App/usbd_desc.o
                0x000000000800fe10                USBD_FS_InterfaceStrDescriptor
 .text.Get_SerialNum
                0x000000000800fe4c       0x58 ./USB_DEVICE/App/usbd_desc.o
 .text.IntToUnicode
                0x000000000800fea4       0x7e ./USB_DEVICE/App/usbd_desc.o
 *fill*         0x000000000800ff22        0x2 
 .text.HAL_PCD_MspInit
                0x000000000800ff24       0xc4 ./USB_DEVICE/Target/usbd_conf.o
                0x000000000800ff24                HAL_PCD_MspInit
 .text.HAL_PCD_SetupStageCallback
                0x000000000800ffe8       0x24 ./USB_DEVICE/Target/usbd_conf.o
                0x000000000800ffe8                HAL_PCD_SetupStageCallback
 .text.HAL_PCD_DataOutStageCallback
                0x000000000801000c       0x36 ./USB_DEVICE/Target/usbd_conf.o
                0x000000000801000c                HAL_PCD_DataOutStageCallback
 .text.HAL_PCD_DataInStageCallback
                0x0000000008010042       0x34 ./USB_DEVICE/Target/usbd_conf.o
                0x0000000008010042                HAL_PCD_DataInStageCallback
 .text.HAL_PCD_SOFCallback
                0x0000000008010076       0x1c ./USB_DEVICE/Target/usbd_conf.o
                0x0000000008010076                HAL_PCD_SOFCallback
 .text.HAL_PCD_ResetCallback
                0x0000000008010092       0x3c ./USB_DEVICE/Target/usbd_conf.o
                0x0000000008010092                HAL_PCD_ResetCallback
 *fill*         0x00000000080100ce        0x2 
 .text.HAL_PCD_SuspendCallback
                0x00000000080100d0       0x4c ./USB_DEVICE/Target/usbd_conf.o
                0x00000000080100d0                HAL_PCD_SuspendCallback
 .text.HAL_PCD_ResumeCallback
                0x000000000801011c       0x1c ./USB_DEVICE/Target/usbd_conf.o
                0x000000000801011c                HAL_PCD_ResumeCallback
 .text.HAL_PCD_ISOOUTIncompleteCallback
                0x0000000008010138       0x24 ./USB_DEVICE/Target/usbd_conf.o
                0x0000000008010138                HAL_PCD_ISOOUTIncompleteCallback
 .text.HAL_PCD_ISOINIncompleteCallback
                0x000000000801015c       0x24 ./USB_DEVICE/Target/usbd_conf.o
                0x000000000801015c                HAL_PCD_ISOINIncompleteCallback
 .text.HAL_PCD_ConnectCallback
                0x0000000008010180       0x1c ./USB_DEVICE/Target/usbd_conf.o
                0x0000000008010180                HAL_PCD_ConnectCallback
 .text.HAL_PCD_DisconnectCallback
                0x000000000801019c       0x1c ./USB_DEVICE/Target/usbd_conf.o
                0x000000000801019c                HAL_PCD_DisconnectCallback
 .text.USBD_LL_Init
                0x00000000080101b8       0x98 ./USB_DEVICE/Target/usbd_conf.o
                0x00000000080101b8                USBD_LL_Init
 .text.USBD_LL_Start
                0x0000000008010250       0x36 ./USB_DEVICE/Target/usbd_conf.o
                0x0000000008010250                USBD_LL_Start
 .text.USBD_LL_OpenEP
                0x0000000008010286       0x4c ./USB_DEVICE/Target/usbd_conf.o
                0x0000000008010286                USBD_LL_OpenEP
 .text.USBD_LL_CloseEP
                0x00000000080102d2       0x3e ./USB_DEVICE/Target/usbd_conf.o
                0x00000000080102d2                USBD_LL_CloseEP
 .text.USBD_LL_StallEP
                0x0000000008010310       0x3e ./USB_DEVICE/Target/usbd_conf.o
                0x0000000008010310                USBD_LL_StallEP
 .text.USBD_LL_ClearStallEP
                0x000000000801034e       0x3e ./USB_DEVICE/Target/usbd_conf.o
                0x000000000801034e                USBD_LL_ClearStallEP
 .text.USBD_LL_IsStallEP
                0x000000000801038c       0x58 ./USB_DEVICE/Target/usbd_conf.o
                0x000000000801038c                USBD_LL_IsStallEP
 .text.USBD_LL_SetUSBAddress
                0x00000000080103e4       0x3e ./USB_DEVICE/Target/usbd_conf.o
                0x00000000080103e4                USBD_LL_SetUSBAddress
 .text.USBD_LL_Transmit
                0x0000000008010422       0x42 ./USB_DEVICE/Target/usbd_conf.o
                0x0000000008010422                USBD_LL_Transmit
 .text.USBD_LL_PrepareReceive
                0x0000000008010464       0x42 ./USB_DEVICE/Target/usbd_conf.o
                0x0000000008010464                USBD_LL_PrepareReceive
 .text.USBD_LL_GetRxDataSize
                0x00000000080104a6       0x26 ./USB_DEVICE/Target/usbd_conf.o
                0x00000000080104a6                USBD_LL_GetRxDataSize
 .text.USBD_static_malloc
                0x00000000080104cc       0x1c ./USB_DEVICE/Target/usbd_conf.o
                0x00000000080104cc                USBD_static_malloc
 .text.USBD_static_free
                0x00000000080104e8       0x14 ./USB_DEVICE/Target/usbd_conf.o
                0x00000000080104e8                USBD_static_free
 .text.USBD_Get_USB_Status
                0x00000000080104fc       0x58 ./USB_DEVICE/Target/usbd_conf.o
                0x00000000080104fc                USBD_Get_USB_Status
 .text.__errno  0x0000000008010554        0xc d:/windowsprograms/stm32cube/stm32cubeide_1.7.0/stm32cubeide/plugins/com.st.stm32cube.ide.mcu.externaltools.gnu-tools-for-stm32.9-2020-q2-update.win32_2.0.0.202105311346/tools/bin/../lib/gcc/arm-none-eabi/9.3.1/../../../../arm-none-eabi/lib/thumb/v7e-m+fp/hard\libc_nano.a(lib_a-errno.o)
                0x0000000008010554                __errno
 .text.__libc_init_array
                0x0000000008010560       0x48 d:/windowsprograms/stm32cube/stm32cubeide_1.7.0/stm32cubeide/plugins/com.st.stm32cube.ide.mcu.externaltools.gnu-tools-for-stm32.9-2020-q2-update.win32_2.0.0.202105311346/tools/bin/../lib/gcc/arm-none-eabi/9.3.1/../../../../arm-none-eabi/lib/thumb/v7e-m+fp/hard\libc_nano.a(lib_a-init.o)
                0x0000000008010560                __libc_init_array
 .text.memcpy   0x00000000080105a8       0x1c d:/windowsprograms/stm32cube/stm32cubeide_1.7.0/stm32cubeide/plugins/com.st.stm32cube.ide.mcu.externaltools.gnu-tools-for-stm32.9-2020-q2-update.win32_2.0.0.202105311346/tools/bin/../lib/gcc/arm-none-eabi/9.3.1/../../../../arm-none-eabi/lib/thumb/v7e-m+fp/hard\libc_nano.a(lib_a-memcpy-stub.o)
                0x00000000080105a8                memcpy
 .text.memset   0x00000000080105c4       0x10 d:/windowsprograms/stm32cube/stm32cubeide_1.7.0/stm32cubeide/plugins/com.st.stm32cube.ide.mcu.externaltools.gnu-tools-for-stm32.9-2020-q2-update.win32_2.0.0.202105311346/tools/bin/../lib/gcc/arm-none-eabi/9.3.1/../../../../arm-none-eabi/lib/thumb/v7e-m+fp/hard\libc_nano.a(lib_a-memset.o)
                0x00000000080105c4                memset
 *fill*         0x00000000080105d4        0x4 
 .text.cos      0x00000000080105d8       0xa0 d:/windowsprograms/stm32cube/stm32cubeide_1.7.0/stm32cubeide/plugins/com.st.stm32cube.ide.mcu.externaltools.gnu-tools-for-stm32.9-2020-q2-update.win32_2.0.0.202105311346/tools/bin/../lib/gcc/arm-none-eabi/9.3.1/../../../../arm-none-eabi/lib/thumb/v7e-m+fp/hard\libm.a(lib_a-s_cos.o)
                0x00000000080105d8                cos
 .text.sin      0x0000000008010678       0xa8 d:/windowsprograms/stm32cube/stm32cubeide_1.7.0/stm32cubeide/plugins/com.st.stm32cube.ide.mcu.externaltools.gnu-tools-for-stm32.9-2020-q2-update.win32_2.0.0.202105311346/tools/bin/../lib/gcc/arm-none-eabi/9.3.1/../../../../arm-none-eabi/lib/thumb/v7e-m+fp/hard\libm.a(lib_a-s_sin.o)
                0x0000000008010678                sin
 .text.asin     0x0000000008010720       0x74 d:/windowsprograms/stm32cube/stm32cubeide_1.7.0/stm32cubeide/plugins/com.st.stm32cube.ide.mcu.externaltools.gnu-tools-for-stm32.9-2020-q2-update.win32_2.0.0.202105311346/tools/bin/../lib/gcc/arm-none-eabi/9.3.1/../../../../arm-none-eabi/lib/thumb/v7e-m+fp/hard\libm.a(lib_a-w_asin.o)
                0x0000000008010720                asin
 .text.atan2    0x0000000008010794        0x4 d:/windowsprograms/stm32cube/stm32cubeide_1.7.0/stm32cubeide/plugins/com.st.stm32cube.ide.mcu.externaltools.gnu-tools-for-stm32.9-2020-q2-update.win32_2.0.0.202105311346/tools/bin/../lib/gcc/arm-none-eabi/9.3.1/../../../../arm-none-eabi/lib/thumb/v7e-m+fp/hard\libm.a(lib_a-w_atan2.o)
                0x0000000008010794                atan2
 .text.sqrt     0x0000000008010798       0x68 d:/windowsprograms/stm32cube/stm32cubeide_1.7.0/stm32cubeide/plugins/com.st.stm32cube.ide.mcu.externaltools.gnu-tools-for-stm32.9-2020-q2-update.win32_2.0.0.202105311346/tools/bin/../lib/gcc/arm-none-eabi/9.3.1/../../../../arm-none-eabi/lib/thumb/v7e-m+fp/hard\libm.a(lib_a-w_sqrt.o)
                0x0000000008010798                sqrt
 .text.__ieee754_asin
                0x0000000008010800      0x428 d:/windowsprograms/stm32cube/stm32cubeide_1.7.0/stm32cubeide/plugins/com.st.stm32cube.ide.mcu.externaltools.gnu-tools-for-stm32.9-2020-q2-update.win32_2.0.0.202105311346/tools/bin/../lib/gcc/arm-none-eabi/9.3.1/../../../../arm-none-eabi/lib/thumb/v7e-m+fp/hard\libm.a(lib_a-e_asin.o)
                0x0000000008010800                __ieee754_asin
 .text.__ieee754_atan2
                0x0000000008010c28      0x194 d:/windowsprograms/stm32cube/stm32cubeide_1.7.0/stm32cubeide/plugins/com.st.stm32cube.ide.mcu.externaltools.gnu-tools-for-stm32.9-2020-q2-update.win32_2.0.0.202105311346/tools/bin/../lib/gcc/arm-none-eabi/9.3.1/../../../../arm-none-eabi/lib/thumb/v7e-m+fp/hard\libm.a(lib_a-e_atan2.o)
                0x0000000008010c28                __ieee754_atan2
 *fill*         0x0000000008010dbc        0x4 
 .text.__ieee754_rem_pio2
                0x0000000008010dc0      0x414 d:/windowsprograms/stm32cube/stm32cubeide_1.7.0/stm32cubeide/plugins/com.st.stm32cube.ide.mcu.externaltools.gnu-tools-for-stm32.9-2020-q2-update.win32_2.0.0.202105311346/tools/bin/../lib/gcc/arm-none-eabi/9.3.1/../../../../arm-none-eabi/lib/thumb/v7e-m+fp/hard\libm.a(lib_a-e_rem_pio2.o)
                0x0000000008010dc0                __ieee754_rem_pio2
 .text.__ieee754_sqrt
                0x00000000080111d4      0x168 d:/windowsprograms/stm32cube/stm32cubeide_1.7.0/stm32cubeide/plugins/com.st.stm32cube.ide.mcu.externaltools.gnu-tools-for-stm32.9-2020-q2-update.win32_2.0.0.202105311346/tools/bin/../lib/gcc/arm-none-eabi/9.3.1/../../../../arm-none-eabi/lib/thumb/v7e-m+fp/hard\libm.a(lib_a-e_sqrt.o)
                0x00000000080111d4                __ieee754_sqrt
 *fill*         0x000000000801133c        0x4 
 .text.__kernel_cos
                0x0000000008011340      0x18c d:/windowsprograms/stm32cube/stm32cubeide_1.7.0/stm32cubeide/plugins/com.st.stm32cube.ide.mcu.externaltools.gnu-tools-for-stm32.9-2020-q2-update.win32_2.0.0.202105311346/tools/bin/../lib/gcc/arm-none-eabi/9.3.1/../../../../arm-none-eabi/lib/thumb/v7e-m+fp/hard\libm.a(lib_a-k_cos.o)
                0x0000000008011340                __kernel_cos
 *fill*         0x00000000080114cc        0x4 
 .text.__kernel_rem_pio2
                0x00000000080114d0      0x680 d:/windowsprograms/stm32cube/stm32cubeide_1.7.0/stm32cubeide/plugins/com.st.stm32cube.ide.mcu.externaltools.gnu-tools-for-stm32.9-2020-q2-update.win32_2.0.0.202105311346/tools/bin/../lib/gcc/arm-none-eabi/9.3.1/../../../../arm-none-eabi/lib/thumb/v7e-m+fp/hard\libm.a(lib_a-k_rem_pio2.o)
                0x00000000080114d0                __kernel_rem_pio2
 .text.__kernel_sin
                0x0000000008011b50      0x17c d:/windowsprograms/stm32cube/stm32cubeide_1.7.0/stm32cubeide/plugins/com.st.stm32cube.ide.mcu.externaltools.gnu-tools-for-stm32.9-2020-q2-update.win32_2.0.0.202105311346/tools/bin/../lib/gcc/arm-none-eabi/9.3.1/../../../../arm-none-eabi/lib/thumb/v7e-m+fp/hard\libm.a(lib_a-k_sin.o)
                0x0000000008011b50                __kernel_sin
 *fill*         0x0000000008011ccc        0x4 
 .text.atan     0x0000000008011cd0      0x340 d:/windowsprograms/stm32cube/stm32cubeide_1.7.0/stm32cubeide/plugins/com.st.stm32cube.ide.mcu.externaltools.gnu-tools-for-stm32.9-2020-q2-update.win32_2.0.0.202105311346/tools/bin/../lib/gcc/arm-none-eabi/9.3.1/../../../../arm-none-eabi/lib/thumb/v7e-m+fp/hard\libm.a(lib_a-s_atan.o)
                0x0000000008011cd0                atan
 .text.fabs     0x0000000008012010       0x12 d:/windowsprograms/stm32cube/stm32cubeide_1.7.0/stm32cubeide/plugins/com.st.stm32cube.ide.mcu.externaltools.gnu-tools-for-stm32.9-2020-q2-update.win32_2.0.0.202105311346/tools/bin/../lib/gcc/arm-none-eabi/9.3.1/../../../../arm-none-eabi/lib/thumb/v7e-m+fp/hard\libm.a(lib_a-s_fabs.o)
                0x0000000008012010                fabs
 *fill*         0x0000000008012022        0x6 
 .text.floor    0x0000000008012028      0x100 d:/windowsprograms/stm32cube/stm32cubeide_1.7.0/stm32cubeide/plugins/com.st.stm32cube.ide.mcu.externaltools.gnu-tools-for-stm32.9-2020-q2-update.win32_2.0.0.202105311346/tools/bin/../lib/gcc/arm-none-eabi/9.3.1/../../../../arm-none-eabi/lib/thumb/v7e-m+fp/hard\libm.a(lib_a-s_floor.o)
                0x0000000008012028                floor
 .text.nan      0x0000000008012128       0x10 d:/windowsprograms/stm32cube/stm32cubeide_1.7.0/stm32cubeide/plugins/com.st.stm32cube.ide.mcu.externaltools.gnu-tools-for-stm32.9-2020-q2-update.win32_2.0.0.202105311346/tools/bin/../lib/gcc/arm-none-eabi/9.3.1/../../../../arm-none-eabi/lib/thumb/v7e-m+fp/hard\libm.a(lib_a-s_nan.o)
                0x0000000008012128                nan
 .text.scalbn   0x0000000008012138      0x10c d:/windowsprograms/stm32cube/stm32cubeide_1.7.0/stm32cubeide/plugins/com.st.stm32cube.ide.mcu.externaltools.gnu-tools-for-stm32.9-2020-q2-update.win32_2.0.0.202105311346/tools/bin/../lib/gcc/arm-none-eabi/9.3.1/../../../../arm-none-eabi/lib/thumb/v7e-m+fp/hard\libm.a(lib_a-s_scalbn.o)
                0x0000000008012138                scalbn
 *(.glue_7)
 .glue_7        0x0000000008012244        0x0 linker stubs
 *(.glue_7t)
 .glue_7t       0x0000000008012244        0x0 linker stubs
 *(.eh_frame)
 .eh_frame      0x0000000008012244        0x0 d:/windowsprograms/stm32cube/stm32cubeide_1.7.0/stm32cubeide/plugins/com.st.stm32cube.ide.mcu.externaltools.gnu-tools-for-stm32.9-2020-q2-update.win32_2.0.0.202105311346/tools/bin/../lib/gcc/arm-none-eabi/9.3.1/thumb/v7e-m+fp/hard/crtbegin.o
 *(.init)
 .init          0x0000000008012244        0x4 d:/windowsprograms/stm32cube/stm32cubeide_1.7.0/stm32cubeide/plugins/com.st.stm32cube.ide.mcu.externaltools.gnu-tools-for-stm32.9-2020-q2-update.win32_2.0.0.202105311346/tools/bin/../lib/gcc/arm-none-eabi/9.3.1/thumb/v7e-m+fp/hard/crti.o
                0x0000000008012244                _init
 .init          0x0000000008012248        0x8 d:/windowsprograms/stm32cube/stm32cubeide_1.7.0/stm32cubeide/plugins/com.st.stm32cube.ide.mcu.externaltools.gnu-tools-for-stm32.9-2020-q2-update.win32_2.0.0.202105311346/tools/bin/../lib/gcc/arm-none-eabi/9.3.1/thumb/v7e-m+fp/hard/crtn.o
 *(.fini)
 .fini          0x0000000008012250        0x4 d:/windowsprograms/stm32cube/stm32cubeide_1.7.0/stm32cubeide/plugins/com.st.stm32cube.ide.mcu.externaltools.gnu-tools-for-stm32.9-2020-q2-update.win32_2.0.0.202105311346/tools/bin/../lib/gcc/arm-none-eabi/9.3.1/thumb/v7e-m+fp/hard/crti.o
                0x0000000008012250                _fini
 .fini          0x0000000008012254        0x8 d:/windowsprograms/stm32cube/stm32cubeide_1.7.0/stm32cubeide/plugins/com.st.stm32cube.ide.mcu.externaltools.gnu-tools-for-stm32.9-2020-q2-update.win32_2.0.0.202105311346/tools/bin/../lib/gcc/arm-none-eabi/9.3.1/thumb/v7e-m+fp/hard/crtn.o
                0x000000000801225c                . = ALIGN (0x4)
                0x000000000801225c                _etext = .

.vfp11_veneer   0x000000000801225c        0x0
 .vfp11_veneer  0x000000000801225c        0x0 linker stubs

.v4_bx          0x000000000801225c        0x0
 .v4_bx         0x000000000801225c        0x0 linker stubs

.iplt           0x000000000801225c        0x0
 .iplt          0x000000000801225c        0x0 d:/windowsprograms/stm32cube/stm32cubeide_1.7.0/stm32cubeide/plugins/com.st.stm32cube.ide.mcu.externaltools.gnu-tools-for-stm32.9-2020-q2-update.win32_2.0.0.202105311346/tools/bin/../lib/gcc/arm-none-eabi/9.3.1/thumb/v7e-m+fp/hard/crtbegin.o

.rodata         0x0000000008012260      0x328
                0x0000000008012260                . = ALIGN (0x4)
 *(.rodata)
 .rodata        0x0000000008012260       0x42 ./Core/Src/main.o
 *fill*         0x00000000080122a2        0x2 
 .rodata        0x00000000080122a4        0x6 ./Core/Src/nrf24.o
 *fill*         0x00000000080122aa        0x2 
 .rodata        0x00000000080122ac        0x5 ./FreeRTOS/Source/tasks.o
 *fill*         0x00000000080122b1        0x3 
 .rodata        0x00000000080122b4        0xd ./FreeRTOS/Source/timers.o
 *fill*         0x00000000080122c1        0x3 
 .rodata        0x00000000080122c4       0x3e ./USB_DEVICE/App/usbd_desc.o
 *(.rodata*)
 *fill*         0x0000000008012302        0x2 
 .rodata.nRF24_ADDR.11152
                0x0000000008012304        0x3 ./Core/Src/main.o
 *fill*         0x0000000008012307        0x1 
 .rodata.nRF24_RX_PW_PIPE
                0x0000000008012308        0x6 ./Core/Src/nrf24.o
 *fill*         0x000000000801230e        0x2 
 .rodata.nRF24_ADDR_REGS
                0x0000000008012310        0x7 ./Core/Src/nrf24.o
 *fill*         0x0000000008012317        0x1 
 .rodata.AHBPrescTable
                0x0000000008012318       0x10 ./Core/Src/system_stm32f4xx.o
                0x0000000008012318                AHBPrescTable
 .rodata.APBPrescTable
                0x0000000008012328        0x8 ./Core/Src/system_stm32f4xx.o
                0x0000000008012328                APBPrescTable
 .rodata.flagBitshiftOffset.8725
                0x0000000008012330        0x8 ./Drivers/STM32F4xx_HAL_Driver/Src/stm32f4xx_hal_dma.o
 .rodata.asin.str1.1
                0x0000000008012338        0x1 d:/windowsprograms/stm32cube/stm32cubeide_1.7.0/stm32cubeide/plugins/com.st.stm32cube.ide.mcu.externaltools.gnu-tools-for-stm32.9-2020-q2-update.win32_2.0.0.202105311346/tools/bin/../lib/gcc/arm-none-eabi/9.3.1/../../../../arm-none-eabi/lib/thumb/v7e-m+fp/hard\libm.a(lib_a-w_asin.o)
 *fill*         0x0000000008012339        0x7 
 .rodata.CSWTCH.8
                0x0000000008012340       0x18 d:/windowsprograms/stm32cube/stm32cubeide_1.7.0/stm32cubeide/plugins/com.st.stm32cube.ide.mcu.externaltools.gnu-tools-for-stm32.9-2020-q2-update.win32_2.0.0.202105311346/tools/bin/../lib/gcc/arm-none-eabi/9.3.1/../../../../arm-none-eabi/lib/thumb/v7e-m+fp/hard\libm.a(lib_a-e_atan2.o)
 .rodata.CSWTCH.9
                0x0000000008012358       0x18 d:/windowsprograms/stm32cube/stm32cubeide_1.7.0/stm32cubeide/plugins/com.st.stm32cube.ide.mcu.externaltools.gnu-tools-for-stm32.9-2020-q2-update.win32_2.0.0.202105311346/tools/bin/../lib/gcc/arm-none-eabi/9.3.1/../../../../arm-none-eabi/lib/thumb/v7e-m+fp/hard\libm.a(lib_a-e_atan2.o)
 .rodata.npio2_hw
                0x0000000008012370       0x80 d:/windowsprograms/stm32cube/stm32cubeide_1.7.0/stm32cubeide/plugins/com.st.stm32cube.ide.mcu.externaltools.gnu-tools-for-stm32.9-2020-q2-update.win32_2.0.0.202105311346/tools/bin/../lib/gcc/arm-none-eabi/9.3.1/../../../../arm-none-eabi/lib/thumb/v7e-m+fp/hard\libm.a(lib_a-e_rem_pio2.o)
 .rodata.two_over_pi
                0x00000000080123f0      0x108 d:/windowsprograms/stm32cube/stm32cubeide_1.7.0/stm32cubeide/plugins/com.st.stm32cube.ide.mcu.externaltools.gnu-tools-for-stm32.9-2020-q2-update.win32_2.0.0.202105311346/tools/bin/../lib/gcc/arm-none-eabi/9.3.1/../../../../arm-none-eabi/lib/thumb/v7e-m+fp/hard\libm.a(lib_a-e_rem_pio2.o)
 .rodata.PIo2   0x00000000080124f8       0x40 d:/windowsprograms/stm32cube/stm32cubeide_1.7.0/stm32cubeide/plugins/com.st.stm32cube.ide.mcu.externaltools.gnu-tools-for-stm32.9-2020-q2-update.win32_2.0.0.202105311346/tools/bin/../lib/gcc/arm-none-eabi/9.3.1/../../../../arm-none-eabi/lib/thumb/v7e-m+fp/hard\libm.a(lib_a-k_rem_pio2.o)
 .rodata.init_jk
                0x0000000008012538       0x10 d:/windowsprograms/stm32cube/stm32cubeide_1.7.0/stm32cubeide/plugins/com.st.stm32cube.ide.mcu.externaltools.gnu-tools-for-stm32.9-2020-q2-update.win32_2.0.0.202105311346/tools/bin/../lib/gcc/arm-none-eabi/9.3.1/../../../../arm-none-eabi/lib/thumb/v7e-m+fp/hard\libm.a(lib_a-k_rem_pio2.o)
 .rodata.atanhi
                0x0000000008012548       0x20 d:/windowsprograms/stm32cube/stm32cubeide_1.7.0/stm32cubeide/plugins/com.st.stm32cube.ide.mcu.externaltools.gnu-tools-for-stm32.9-2020-q2-update.win32_2.0.0.202105311346/tools/bin/../lib/gcc/arm-none-eabi/9.3.1/../../../../arm-none-eabi/lib/thumb/v7e-m+fp/hard\libm.a(lib_a-s_atan.o)
 .rodata.atanlo
                0x0000000008012568       0x20 d:/windowsprograms/stm32cube/stm32cubeide_1.7.0/stm32cubeide/plugins/com.st.stm32cube.ide.mcu.externaltools.gnu-tools-for-stm32.9-2020-q2-update.win32_2.0.0.202105311346/tools/bin/../lib/gcc/arm-none-eabi/9.3.1/../../../../arm-none-eabi/lib/thumb/v7e-m+fp/hard\libm.a(lib_a-s_atan.o)
                0x0000000008012588                . = ALIGN (0x4)

.ARM.extab      0x0000000008012588        0x0
                0x0000000008012588                . = ALIGN (0x4)
 *(.ARM.extab* .gnu.linkonce.armextab.*)
                0x0000000008012588                . = ALIGN (0x4)

.ARM            0x0000000008012588        0x8
                0x0000000008012588                . = ALIGN (0x4)
                0x0000000008012588                __exidx_start = .
 *(.ARM.exidx*)
 .ARM.exidx     0x0000000008012588        0x8 d:/windowsprograms/stm32cube/stm32cubeide_1.7.0/stm32cubeide/plugins/com.st.stm32cube.ide.mcu.externaltools.gnu-tools-for-stm32.9-2020-q2-update.win32_2.0.0.202105311346/tools/bin/../lib/gcc/arm-none-eabi/9.3.1/thumb/v7e-m+fp/hard\libgcc.a(_udivmoddi4.o)
                0x0000000008012590                __exidx_end = .
                0x0000000008012590                . = ALIGN (0x4)

.rel.dyn        0x0000000008012590        0x0
 .rel.iplt      0x0000000008012590        0x0 d:/windowsprograms/stm32cube/stm32cubeide_1.7.0/stm32cubeide/plugins/com.st.stm32cube.ide.mcu.externaltools.gnu-tools-for-stm32.9-2020-q2-update.win32_2.0.0.202105311346/tools/bin/../lib/gcc/arm-none-eabi/9.3.1/thumb/v7e-m+fp/hard/crtbegin.o

.preinit_array  0x0000000008012590        0x0