Archive member included to satisfy reference by file (symbol)

d:/windowsprograms/stm32cube/stm32cubeide_1.7.0/stm32cubeide/plugins/com.st.stm32cube.ide.mcu.externaltools.gnu-tools-for-stm32.9-2020-q2-update.win32_2.0.0.202105311346/tools/bin/../lib/gcc/arm-none-eabi/9.3.1/../../../../arm-none-eabi/lib/thumb/v7e-m+fp/hard\libc_nano.a(lib_a-errno.o)
                              ./Core/Src/syscalls.o (__errno)
d:/windowsprograms/stm32cube/stm32cubeide_1.7.0/stm32cubeide/plugins/com.st.stm32cube.ide.mcu.externaltools.gnu-tools-for-stm32.9-2020-q2-update.win32_2.0.0.202105311346/tools/bin/../lib/gcc/arm-none-eabi/9.3.1/../../../../arm-none-eabi/lib/thumb/v7e-m+fp/hard\libc_nano.a(lib_a-exit.o)
                              d:/windowsprograms/stm32cube/stm32cubeide_1.7.0/stm32cubeide/plugins/com.st.stm32cube.ide.mcu.externaltools.gnu-tools-for-stm32.9-2020-q2-update.win32_2.0.0.202105311346/tools/bin/../lib/gcc/arm-none-eabi/9.3.1/../../../../arm-none-eabi/lib/thumb/v7e-m+fp/hard/crt0.o (exit)
d:/windowsprograms/stm32cube/stm32cubeide_1.7.0/stm32cubeide/plugins/com.st.stm32cube.ide.mcu.externaltools.gnu-tools-for-stm32.9-2020-q2-update.win32_2.0.0.202105311346/tools/bin/../lib/gcc/arm-none-eabi/9.3.1/../../../../arm-none-eabi/lib/thumb/v7e-m+fp/hard\libc_nano.a(lib_a-impure.o)
                              d:/windowsprograms/stm32cube/stm32cubeide_1.7.0/stm32cubeide/plugins/com.st.stm32cube.ide.mcu.externaltools.gnu-tools-for-stm32.9-2020-q2-update.win32_2.0.0.202105311346/tools/bin/../lib/gcc/arm-none-eabi/9.3.1/../../../../arm-none-eabi/lib/thumb/v7e-m+fp/hard\libc_nano.a(lib_a-exit.o) (_global_impure_ptr)
d:/windowsprograms/stm32cube/stm32cubeide_1.7.0/stm32cubeide/plugins/com.st.stm32cube.ide.mcu.externaltools.gnu-tools-for-stm32.9-2020-q2-update.win32_2.0.0.202105311346/tools/bin/../lib/gcc/arm-none-eabi/9.3.1/../../../../arm-none-eabi/lib/thumb/v7e-m+fp/hard\libc_nano.a(lib_a-init.o)
                              d:/windowsprograms/stm32cube/stm32cubeide_1.7.0/stm32cubeide/plugins/com.st.stm32cube.ide.mcu.externaltools.gnu-tools-for-stm32.9-2020-q2-update.win32_2.0.0.202105311346/tools/bin/../lib/gcc/arm-none-eabi/9.3.1/../../../../arm-none-eabi/lib/thumb/v7e-m+fp/hard/crt0.o (__libc_init_array)
d:/windowsprograms/stm32cube/stm32cubeide_1.7.0/stm32cubeide/plugins/com.st.stm32cube.ide.mcu.externaltools.gnu-tools-for-stm32.9-2020-q2-update.win32_2.0.0.202105311346/tools/bin/../lib/gcc/arm-none-eabi/9.3.1/../../../../arm-none-eabi/lib/thumb/v7e-m+fp/hard\libc_nano.a(lib_a-memcpy-stub.o)
                              ./FreeRTOS/Source/queue.o (memcpy)
d:/windowsprograms/stm32cube/stm32cubeide_1.7.0/stm32cubeide/plugins/com.st.stm32cube.ide.mcu.externaltools.gnu-tools-for-stm32.9-2020-q2-update.win32_2.0.0.202105311346/tools/bin/../lib/gcc/arm-none-eabi/9.3.1/../../../../arm-none-eabi/lib/thumb/v7e-m+fp/hard\libc_nano.a(lib_a-memset.o)
                              d:/windowsprograms/stm32cube/stm32cubeide_1.7.0/stm32cubeide/plugins/com.st.stm32cube.ide.mcu.externaltools.gnu-tools-for-stm32.9-2020-q2-update.win32_2.0.0.202105311346/tools/bin/../lib/gcc/arm-none-eabi/9.3.1/../../../../arm-none-eabi/lib/thumb/v7e-m+fp/hard/crt0.o (memset)
d:/windowsprograms/stm32cube/stm32cubeide_1.7.0/stm32cubeide/plugins/com.st.stm32cube.ide.mcu.externaltools.gnu-tools-for-stm32.9-2020-q2-update.win32_2.0.0.202105311346/tools/bin/../lib/gcc/arm-none-eabi/9.3.1/../../../../arm-none-eabi/lib/thumb/v7e-m+fp/hard\libm.a(lib_a-s_cos.o)
                              ./Core/Src/robotTasks.o (cos)
d:/windowsprograms/stm32cube/stm32cubeide_1.7.0/stm32cubeide/plugins/com.st.stm32cube.ide.mcu.externaltools.gnu-tools-for-stm32.9-2020-q2-update.win32_2.0.0.202105311346/tools/bin/../lib/gcc/arm-none-eabi/9.3.1/../../../../arm-none-eabi/lib/thumb/v7e-m+fp/hard\libm.a(lib_a-s_sin.o)
                              ./Core/Src/robotTasks.o (sin)
d:/windowsprograms/stm32cube/stm32cubeide_1.7.0/stm32cubeide/plugins/com.st.stm32cube.ide.mcu.externaltools.gnu-tools-for-stm32.9-2020-q2-update.win32_2.0.0.202105311346/tools/bin/../lib/gcc/arm-none-eabi/9.3.1/../../../../arm-none-eabi/lib/thumb/v7e-m+fp/hard\libm.a(lib_a-w_asin.o)
                              ./Core/Src/robotTasks.o (asin)
d:/windowsprograms/stm32cube/stm32cubeide_1.7.0/stm32cubeide/plugins/com.st.stm32cube.ide.mcu.externaltools.gnu-tools-for-stm32.9-2020-q2-update.win32_2.0.0.202105311346/tools/bin/../lib/gcc/arm-none-eabi/9.3.1/../../../../arm-none-eabi/lib/thumb/v7e-m+fp/hard\libm.a(lib_a-w_atan2.o)
                              ./Core/Src/robotTasks.o (atan2)
d:/windowsprograms/stm32cube/stm32cubeide_1.7.0/stm32cubeide/plugins/com.st.stm32cube.ide.mcu.externaltools.gnu-tools-for-stm32.9-2020-q2-update.win32_2.0.0.202105311346/tools/bin/../lib/gcc/arm-none-eabi/9.3.1/../../../../arm-none-eabi/lib/thumb/v7e-m+fp/hard\libm.a(lib_a-w_sqrt.o)
                              ./Core/Src/MadgwickAHRS.o (sqrt)
[...]
Memory Configuration

Name             Origin             Length             Attributes
RAM              0x0000000020000000 0x0000000000020000 xrw
FLASH            0x0000000008000000 0x0000000000080000 xr
*default*        0x0000000000000000 0xffffffffffffffff

Linker script and memory map

LOAD d:/windowsprograms/stm32cube/stm32cubeide_1.7.0/stm32cubeide/plugins/com.st.stm32cube.ide.mcu.externaltools.gnu-tools-for-stm32.9-2020-q2-update.win32_2.0.0.202105311346/tools/bin/../lib/gcc/arm-none-eabi/9.3.1/thumb/v7e-m+fp/hard/crti.o
LOAD d:/windowsprograms/stm32cube/stm32cubeide_1.7.0/stm32cubeide/plugins/com.st.stm32cube.ide.mcu.externaltools.gnu-tools-for-stm32.9-2020-q2-update.win32_2.0.0.202105311346/tools/bin/../lib/gcc/arm-none-eabi/9.3.1/thumb/v7e-m+fp/hard/crtbegin.o
LOAD d:/windowsprograms/stm32cube/stm32cubeide_1.7.0/stm32cubeide/plugins/com.st.stm32cube.ide.mcu.externaltools.gnu-tools-for-stm32.9-2020-q2-update.win32_2.0.0.202105311346/tools/bin/../lib/gcc/arm-none-eabi/9.3.1/../../../../arm-none-eabi/lib/thumb/v7e-m+fp/hard/crt0.o
LOAD ./Core/Src/MadgwickAHRS.o
LOAD ./Core/Src/main.o
LOAD ./Core/Src/nrf24.o
LOAD ./Core/Src/robotPeriferija.o
LOAD ./Core/Src/robotTasks.o
LOAD ./Core/Src/stm32f4xx_hal_msp.o
LOAD ./Core/Src/stm32f4xx_hal_timebase_tim.o
LOAD ./Core/Src/stm32f4xx_it.o
LOAD ./Core/Src/syscalls.o
LOAD ./Core/Src/system_stm32f4xx.o
LOAD ./Core/Startup/startup_stm32f411vetx.o
LOAD ./Drivers/STM32F4xx_HAL_Driver/Src/stm32f4xx_hal.o
LOAD ./Drivers/STM32F4xx_HAL_Driver/Src/stm32f4xx_hal_cortex.o
LOAD ./Drivers/STM32F4xx_HAL_Driver/Src/stm32f4xx_hal_dma.o
LOAD ./Drivers/STM32F4xx_HAL_Driver/Src/stm32f4xx_hal_dma_ex.o
LOAD ./Drivers/STM32F4xx_HAL_Driver/Src/stm32f4xx_hal_exti.o
LOAD ./Drivers/STM32F4xx_HAL_Driver/Src/stm32f4xx_hal_flash.o
LOAD ./Drivers/STM32F4xx_HAL_Driver/Src/stm32f4xx_hal_flash_ex.o
LOAD ./Drivers/STM32F4xx_HAL_Driver/Src/stm32f4xx_hal_flash_ramfunc.o
LOAD ./Drivers/STM32F4xx_HAL_Driver/Src/stm32f4xx_hal_gpio.o
LOAD ./Drivers/STM32F4xx_HAL_Driver/Src/stm32f4xx_hal_i2c.o
LOAD ./Drivers/STM32F4xx_HAL_Driver/Src/stm32f4xx_hal_i2c_ex.o
LOAD ./Drivers/STM32F4xx_HAL_Driver/Src/stm32f4xx_hal_pcd.o
LOAD ./Drivers/STM32F4xx_HAL_Driver/Src/stm32f4xx_hal_pcd_ex.o
LOAD ./Drivers/STM32F4xx_HAL_Driver/Src/stm32f4xx_hal_pwr.o
LOAD ./Drivers/STM32F4xx_HAL_Driver/Src/stm32f4xx_hal_pwr_ex.o
LOAD ./Drivers/STM32F4xx_HAL_Driver/Src/stm32f4xx_hal_rcc.o
LOAD ./Drivers/STM32F4xx_HAL_Driver/Src/stm32f4xx_hal_rcc_ex.o
LOAD ./Drivers/STM32F4xx_HAL_Driver/Src/stm32f4xx_hal_spi.o
LOAD ./Drivers/STM32F4xx_HAL_Driver/Src/stm32f4xx_hal_tim.o
LOAD ./Drivers/STM32F4xx_HAL_Driver/Src/stm32f4xx_hal_tim_ex.o
LOAD ./Drivers/STM32F4xx_HAL_Driver/Src/stm32f4xx_ll_usb.o
LOAD ./FreeRTOS/Source/croutine.o
LOAD ./FreeRTOS/Source/event_groups.o
LOAD ./FreeRTOS/Source/list.o
LOAD ./FreeRTOS/Source/queue.o
LOAD ./FreeRTOS/Source/stream_buffer.o
LOAD ./FreeRTOS/Source/tasks.o
LOAD ./FreeRTOS/Source/timers.o
LOAD ./FreeRTOS/Source/portable/GCC/ARM_CM4F/port.o
LOAD ./FreeRTOS/Source/portable/MemMang/heap_4.o
LOAD ./Middlewares/ST/STM32_USB_Device_Library/Class/CDC/Src/usbd_cdc.o
LOAD ./Middlewares/ST/STM32_USB_Device_Library/Core/Src/usbd_core.o
LOAD ./Middlewares/ST/STM32_USB_Device_Library/Core/Src/usbd_ctlreq.o
LOAD ./Middlewares/ST/STM32_USB_Device_Library/Core/Src/usbd_ioreq.o
LOAD ./USB_DEVICE/App/usb_device.o
LOAD ./USB_DEVICE/App/usbd_cdc_if.o
LOAD ./USB_DEVICE/App/usbd_desc.o
LOAD ./USB_DEVICE/Target/usbd_conf.o
START GROUP
LOAD d:/windowsprograms/stm32cube/stm32cubeide_1.7.0/stm32cubeide/plugins/com.st.stm32cube.ide.mcu.externaltools.gnu-tools-for-stm32.9-2020-q2-update.win32_2.0.0.202105311346/tools/bin/../lib/gcc/arm-none-eabi/9.3.1/../../../../arm-none-eabi/lib/thumb/v7e-m+fp/hard\libc_nano.a
LOAD d:/windowsprograms/stm32cube/stm32cubeide_1.7.0/stm32cubeide/plugins/com.st.stm32cube.ide.mcu.externaltools.gnu-tools-for-stm32.9-2020-q2-update.win32_2.0.0.202105311346/tools/bin/../lib/gcc/arm-none-eabi/9.3.1/../../../../arm-none-eabi/lib/thumb/v7e-m+fp/hard\libm.a
END GROUP
START GROUP
LOAD d:/windowsprograms/stm32cube/stm32cubeide_1.7.0/stm32cubeide/plugins/com.st.stm32cube.ide.mcu.externaltools.gnu-tools-for-stm32.9-2020-q2-update.win32_2.0.0.202105311346/tools/bin/../lib/gcc/arm-none-eabi/9.3.1/thumb/v7e-m+fp/hard\libgcc.a
LOAD d:/windowsprograms/stm32cube/stm32cubeide_1.7.0/stm32cubeide/plugins/com.st.stm32cube.ide.mcu.externaltools.gnu-tools-for-stm32.9-2020-q2-update.win32_2.0.0.202105311346/tools/bin/../lib/gcc/arm-none-eabi/9.3.1/../../../../arm-none-eabi/lib/thumb/v7e-m+fp/hard\libc_nano.a
END GROUP
START GROUP
LOAD d:/windowsprograms/stm32cube/stm32cubeide_1.7.0/stm32cubeide/plugins/com.st.stm32cube.ide.mcu.externaltools.gnu-tools-for-stm32.9-2020-q2-update.win32_2.0.0.202105311346/tools/bin/../lib/gcc/arm-none-eabi/9.3.1/thumb/v7e-m+fp/hard\libgcc.a
LOAD d:/windowsprograms/stm32cube/stm32cubeide_1.7.0/stm32cubeide/plugins/com.st.stm32cube.ide.mcu.externaltools.gnu-tools-for-stm32.9-2020-q2-update.win32_2.0.0.202105311346/tools/bin/../lib/gcc/arm-none-eabi/9.3.1/../../../../arm-none-eabi/lib/thumb/v7e-m+fp/hard\libc_nano.a
LOAD d:/windowsprograms/stm32cube/stm32cubeide_1.7.0/stm32cubeide/plugins/com.st.stm32cube.ide.mcu.externaltools.gnu-tools-for-stm32.9-2020-q2-update.win32_2.0.0.202105311346/tools/bin/../lib/gcc/arm-none-eabi/9.3.1/../../../../arm-none-eabi/lib/thumb/v7e-m+fp/hard\libnosys.a
END GROUP
START GROUP
LOAD d:/windowsprograms/stm32cube/stm32cubeide_1.7.0/stm32cubeide/plugins/com.st.stm32cube.ide.mcu.externaltools.gnu-tools-for-stm32.9-2020-q2-update.win32_2.0.0.202105311346/tools/bin/../lib/gcc/arm-none-eabi/9.3.1/thumb/v7e-m+fp/hard\libgcc.a
LOAD d:/windowsprograms/stm32cube/stm32cubeide_1.7.0/stm32cubeide/plugins/com.st.stm32cube.ide.mcu.externaltools.gnu-tools-for-stm32.9-2020-q2-update.win32_2.0.0.202105311346/tools/bin/../lib/gcc/arm-none-eabi/9.3.1/../../../../arm-none-eabi/lib/thumb/v7e-m+fp/hard\libc_nano.a
LOAD d:/windowsprograms/stm32cube/stm32cubeide_1.7.0/stm32cubeide/plugins/com.st.stm32cube.ide.mcu.externaltools.gnu-tools-for-stm32.9-2020-q2-update.win32_2.0.0.202105311346/tools/bin/../lib/gcc/arm-none-eabi/9.3.1/../../../../arm-none-eabi/lib/thumb/v7e-m+fp/hard\libnosys.a
END GROUP
LOAD d:/windowsprograms/stm32cube/stm32cubeide_1.7.0/stm32cubeide/plugins/com.st.stm32cube.ide.mcu.externaltools.gnu-tools-for-stm32.9-2020-q2-update.win32_2.0.0.202105311346/tools/bin/../lib/gcc/arm-none-eabi/9.3.1/thumb/v7e-m+fp/hard/crtend.o
LOAD d:/windowsprograms/stm32cube/stm32cubeide_1.7.0/stm32cubeide/plugins/com.st.stm32cube.ide.mcu.externaltools.gnu-tools-for-stm32.9-2020-q2-update.win32_2.0.0.202105311346/tools/bin/../lib/gcc/arm-none-eabi/9.3.1/thumb/v7e-m+fp/hard/crtn.o
                0x0000000020020000                _estack = (ORIGIN (RAM) + LENGTH (RAM))
                0x0000000000000200                _Min_Heap_Size = 0x200
                0x0000000000000400                _Min_Stack_Size = 0x400

.isr_vector     0x0000000008000000      0x198
                0x0000000008000000                . = ALIGN (0x4)
 *(.isr_vector)
 .isr_vector    0x0000000008000000      0x198 ./Core/Startup/startup_stm32f411vetx.o
                0x0000000008000000                g_pfnVectors
                0x0000000008000198                . = ALIGN (0x4)

.text           0x00000000080001a0    0x128bc
                0x00000000080001a0                . = ALIGN (0x4)
 *(.text)
 .text          0x00000000080001a0       0x40 d:/windowsprograms/stm32cube/stm32cubeide_1.7.0/stm32cubeide/plugins/com.st.stm32cube.ide.mcu.externaltools.gnu-tools-for-stm32.9-2020-q2-update.win32_2.0.0.202105311346/tools/bin/../lib/gcc/arm-none-eabi/9.3.1/thumb/v7e-m+fp/hard/crtbegin.o
 .text          0x00000000080001e0      0x378 d:/windowsprograms/stm32cube/stm32cubeide_1.7.0/stm32cubeide/plugins/com.st.stm32cube.ide.mcu.externaltools.gnu-tools-for-stm32.9-2020-q2-update.win32_2.0.0.202105311346/tools/bin/../lib/gcc/arm-none-eabi/9.3.1/thumb/v7e-m+fp/hard\libgcc.a(_arm_addsubdf3.o)
                0x00000000080001e0                __aeabi_drsub
                0x00000000080001e8                __aeabi_dsub
                0x00000000080001e8                __subdf3
                0x00000000080001ec                __aeabi_dadd
                0x00000000080001ec                __adddf3
                0x0000000008000464                __floatunsidf
                0x0000000008000464                __aeabi_ui2d
                0x0000000008000484                __floatsidf
                0x0000000008000484                __aeabi_i2d
                0x00000000080004a8                __aeabi_f2d
                0x00000000080004a8                __extendsfdf2
                0x00000000080004ec                __floatundidf
                0x00000000080004ec                __aeabi_ul2d
                0x00000000080004fc                __floatdidf
                0x00000000080004fc                __aeabi_l2d
 .text          0x0000000008000558      0x424 d:/windowsprograms/stm32cube/stm32cubeide_1.7.0/stm32cubeide/plugins/com.st.stm32cube.ide.mcu.externaltools.gnu-tools-for-stm32.9-2020-q2-update.win32_2.0.0.202105311346/tools/bin/../lib/gcc/arm-none-eabi/9.3.1/thumb/v7e-m+fp/hard\libgcc.a(_arm_muldivdf3.o)
                0x0000000008000558                __aeabi_dmul
                0x0000000008000558                __muldf3
                0x00000000080007ac                __divdf3
                0x00000000080007ac                __aeabi_ddiv
 .text          0x000000000800097c      0x110 d:/windowsprograms/stm32cube/stm32cubeide_1.7.0/stm32cubeide/plugins/com.st.stm32cube.ide.mcu.externaltools.gnu-tools-for-stm32.9-2020-q2-update.win32_2.0.0.202105311346/tools/bin/../lib/gcc/arm-none-eabi/9.3.1/thumb/v7e-m+fp/hard\libgcc.a(_arm_cmpdf2.o)
                0x000000000800097c                __gtdf2
                0x000000000800097c                __gedf2
                0x0000000008000984                __ltdf2
                0x0000000008000984                __ledf2
                0x000000000800098c                __nedf2
                0x000000000800098c                __eqdf2
                0x000000000800098c                __cmpdf2
                0x0000000008000a08                __aeabi_cdrcmple
                0x0000000008000a18                __aeabi_cdcmpeq
                0x0000000008000a18                __aeabi_cdcmple
                0x0000000008000a28                __aeabi_dcmpeq
                0x0000000008000a3c                __aeabi_dcmplt
                0x0000000008000a50                __aeabi_dcmple
                0x0000000008000a64                __aeabi_dcmpge
                0x0000000008000a78                __aeabi_dcmpgt
 .text          0x0000000008000a8c       0x2c d:/windowsprograms/stm32cube/stm32cubeide_1.7.0/stm32cubeide/plugins/com.st.stm32cube.ide.mcu.externaltools.gnu-tools-for-stm32.9-2020-q2-update.win32_2.0.0.202105311346/tools/bin/../lib/gcc/arm-none-eabi/9.3.1/thumb/v7e-m+fp/hard\libgcc.a(_arm_unorddf2.o)
                0x0000000008000a8c                __unorddf2
                0x0000000008000a8c                __aeabi_dcmpun
 .text          0x0000000008000ab8       0x50 d:/windowsprograms/stm32cube/stm32cubeide_1.7.0/stm32cubeide/plugins/com.st.stm32cube.ide.mcu.externaltools.gnu-tools-for-stm32.9-2020-q2-update.win32_2.0.0.202105311346/tools/bin/../lib/gcc/arm-none-eabi/9.3.1/thumb/v7e-m+fp/hard\libgcc.a(_arm_fixdfsi.o)
                0x0000000008000ab8                __aeabi_d2iz
                0x0000000008000ab8                __fixdfsi
 .text          0x0000000008000b08       0xa0 d:/windowsprograms/stm32cube/stm32cubeide_1.7.0/stm32cubeide/plugins/com.st.stm32cube.ide.mcu.externaltools.gnu-tools-for-stm32.9-2020-q2-update.win32_2.0.0.202105311346/tools/bin/../lib/gcc/arm-none-eabi/9.3.1/thumb/v7e-m+fp/hard\libgcc.a(_arm_truncdfsf2.o)
                0x0000000008000b08                __truncdfsf2
                0x0000000008000b08                __aeabi_d2f
 .text          0x0000000008000ba8       0x30 d:/windowsprograms/stm32cube/stm32cubeide_1.7.0/stm32cubeide/plugins/com.st.stm32cube.ide.mcu.externaltools.gnu-tools-for-stm32.9-2020-q2-update.win32_2.0.0.202105311346/tools/bin/../lib/gcc/arm-none-eabi/9.3.1/thumb/v7e-m+fp/hard\libgcc.a(_aeabi_uldivmod.o)
                0x0000000008000ba8                __aeabi_uldivmod
 .text          0x0000000008000bd8      0x2c4 d:/windowsprograms/stm32cube/stm32cubeide_1.7.0/stm32cubeide/plugins/com.st.stm32cube.ide.mcu.externaltools.gnu-tools-for-stm32.9-2020-q2-update.win32_2.0.0.202105311346/tools/bin/../lib/gcc/arm-none-eabi/9.3.1/thumb/v7e-m+fp/hard\libgcc.a(_udivmoddi4.o)
                0x0000000008000bd8                __udivmoddi4
 .text          0x0000000008000e9c        0x4 d:/windowsprograms/stm32cube/stm32cubeide_1.7.0/stm32cubeide/plugins/com.st.stm32cube.ide.mcu.externaltools.gnu-tools-for-stm32.9-2020-q2-update.win32_2.0.0.202105311346/tools/bin/../lib/gcc/arm-none-eabi/9.3.1/thumb/v7e-m+fp/hard\libgcc.a(_dvmd_tls.o)
                0x0000000008000e9c                __aeabi_idiv0
                0x0000000008000e9c                __aeabi_ldiv0
 *(.text*)
 .text.MadgwickAHRSupdate
                0x0000000008000ea0      0xe2c ./Core/Src/MadgwickAHRS.o
                0x0000000008000ea0                MadgwickAHRSupdate
 .text.MadgwickAHRSupdateIMU
                0x0000000008001ccc      0x648 ./Core/Src/MadgwickAHRS.o
                0x0000000008001ccc                MadgwickAHRSupdateIMU
 .text.invSqrt  0x0000000008002314       0x78 ./Core/Src/MadgwickAHRS.o
                0x0000000008002314                invSqrt
 .text.nRF24_CE_H
                0x000000000800238c       0x18 ./Core/Src/main.o
 .text.HAL_GPIO_EXTI_Callback
                0x00000000080023a4      0x170 ./Core/Src/main.o
                0x00000000080023a4                HAL_GPIO_EXTI_Callback
 .text.nRF24SetChip
                0x0000000008002514       0x5c ./Core/Src/main.o
                0x0000000008002514                nRF24SetChip
 .text.inicilizirajCipe
                0x0000000008002570       0x9c ./Core/Src/main.o
                0x0000000008002570                inicilizirajCipe
 .text.main     0x000000000800260c      0x25c ./Core/Src/main.o
                0x000000000800260c                main
 .text.SystemClock_Config
                0x0000000008002868       0xd0 ./Core/Src/main.o
                0x0000000008002868                SystemClock_Config
 .text.MX_I2C1_Init
                0x0000000008002938       0x5c ./Core/Src/main.o
 .text.MX_SPI1_Init
                0x0000000008002994       0x6c ./Core/Src/main.o
 .text.MX_SPI2_Init
                0x0000000008002a00       0x6c ./Core/Src/main.o
 .text.MX_SPI5_Init
                0x0000000008002a6c       0x64 ./Core/Src/main.o
 .text.MX_TIM2_Init
                0x0000000008002ad0      0x118 ./Core/Src/main.o
 .text.MX_TIM3_Init
                0x0000000008002be8       0xec ./Core/Src/main.o
 .text.MX_DMA_Init
                0x0000000008002cd4       0x50 ./Core/Src/main.o
 .text.MX_GPIO_Init
                0x0000000008002d24      0x354 ./Core/Src/main.o
 .text.HAL_TIM_PeriodElapsedCallback
                0x0000000008003078       0x24 ./Core/Src/main.o
                0x0000000008003078                HAL_TIM_PeriodElapsedCallback
 .text.Error_Handler
                0x000000000800309c        0xa ./Core/Src/main.o
                0x000000000800309c                Error_Handler
 *fill*         0x00000000080030a6        0x2 
 .text.nRF24_CSN_L
                0x00000000080030a8       0x18 ./Core/Src/nrf24.o
 .text.nRF24_CSN_H
                0x00000000080030c0       0x18 ./Core/Src/nrf24.o
 .text.nRF24_LL_RW
                0x00000000080030d8       0x38 ./Core/Src/nrf24.o
 .text.nRF24_ReadReg
                0x0000000008003110       0x34 ./Core/Src/nrf24.o
 .text.nRF24_WriteReg
                0x0000000008003144       0x70 ./Core/Src/nrf24.o
 .text.nRF24_ReadMBReg
                0x00000000080031b4       0x44 ./Core/Src/nrf24.o
 .text.nRF24_WriteMBReg
                0x00000000080031f8       0x42 ./Core/Src/nrf24.o
 .text.nRF24_Init
                0x000000000800323a       0x98 ./Core/Src/nrf24.o
                0x000000000800323a                nRF24_Init
 *fill*         0x00000000080032d2        0x2 
 .text.nRF24_Check
                0x00000000080032d4       0x5c ./Core/Src/nrf24.o
                0x00000000080032d4                nRF24_Check
 .text.nRF24_SetPowerMode
                0x0000000008003330       0x3e ./Core/Src/nrf24.o
                0x0000000008003330                nRF24_SetPowerMode
 .text.nRF24_SetOperationalMode
                0x000000000800336e       0x42 ./Core/Src/nrf24.o
                0x000000000800336e                nRF24_SetOperationalMode
 .text.nRF24_SetCRCScheme
                0x00000000080033b0       0x42 ./Core/Src/nrf24.o
                0x00000000080033b0                nRF24_SetCRCScheme
 .text.nRF24_SetRFChannel
                0x00000000080033f2       0x1c ./Core/Src/nrf24.o
                0x00000000080033f2                nRF24_SetRFChannel
 .text.nRF24_SetAddrWidth
                0x000000000800340e       0x20 ./Core/Src/nrf24.o
                0x000000000800340e                nRF24_SetAddrWidth
 *fill*         0x000000000800342e        0x2 
 .text.nRF24_SetAddr
                0x0000000008003430       0x94 ./Core/Src/nrf24.o
                0x0000000008003430                nRF24_SetAddr
 .text.nRF24_SetDataRate
                0x00000000080034c4       0x36 ./Core/Src/nrf24.o
                0x00000000080034c4                nRF24_SetDataRate
 *fill*         0x00000000080034fa        0x2 
 .text.nRF24_SetRXPipe
                0x00000000080034fc       0xa8 ./Core/Src/nrf24.o
                0x00000000080034fc                nRF24_SetRXPipe
 .text.nRF24_DisableAA
                0x00000000080035a4       0x4e ./Core/Src/nrf24.o
                0x00000000080035a4                nRF24_DisableAA
 .text.nRF24_GetStatus
                0x00000000080035f2       0x10 ./Core/Src/nrf24.o
                0x00000000080035f2                nRF24_GetStatus
 .text.nRF24_FlushTX
                0x0000000008003602       0x10 ./Core/Src/nrf24.o
                0x0000000008003602                nRF24_FlushTX
 .text.nRF24_FlushRX
                0x0000000008003612       0x10 ./Core/Src/nrf24.o
                0x0000000008003612                nRF24_FlushRX
 .text.nRF24_ClearIRQFlags
                0x0000000008003622       0x2a ./Core/Src/nrf24.o
                0x0000000008003622                nRF24_ClearIRQFlags
 .text.nRF24_GetRxDplPayloadWidth
                0x000000000800364c       0x28 ./Core/Src/nrf24.o
 .text.nRF24_ReadPayloadGeneric
                0x0000000008003674       0x90 ./Core/Src/nrf24.o
 .text.nRF24_ReadPayload
                0x0000000008003704       0x1e ./Core/Src/nrf24.o
                0x0000000008003704                nRF24_ReadPayload
 *fill*         0x0000000008003722        0x2 
 .text.i2c1_pisiRegister
                0x0000000008003724       0x44 ./Core/Src/robotPeriferija.o
                0x0000000008003724                i2c1_pisiRegister
 .text.i2c1_beriRegistre
                0x0000000008003768       0x5c ./Core/Src/robotPeriferija.o
                0x0000000008003768                i2c1_beriRegistre
 .text.spi1_beriRegister
                0x00000000080037c4       0x70 ./Core/Src/robotPeriferija.o
                0x00000000080037c4                spi1_beriRegister
 .text.spi1_pisiRegister
                0x0000000008003834       0x64 ./Core/Src/robotPeriferija.o
                0x0000000008003834                spi1_pisiRegister
 .text.spi1_beriRegistre
                0x0000000008003898       0x58 ./Core/Src/robotPeriferija.o
                0x0000000008003898                spi1_beriRegistre
 .text.nastaviPospeskometer
                0x00000000080038f0       0x4e ./Core/Src/robotPeriferija.o
                0x00000000080038f0                nastaviPospeskometer
 .text.nastaviMagnetometer
                0x000000000800393e       0x30 ./Core/Src/robotPeriferija.o
                0x000000000800393e                nastaviMagnetometer
 .text.nastaviGiroskop
                0x000000000800396e       0xa6 ./Core/Src/robotPeriferija.o
                0x000000000800396e                nastaviGiroskop
 .text.izracunajPovprecjeInt16
                0x0000000008003a14       0x86 ./Core/Src/robotPeriferija.o
                0x0000000008003a14                izracunajPovprecjeInt16
 *fill*         0x0000000008003a9a        0x2 
 .text.nastaviMotor
                0x0000000008003a9c      0x218 ./Core/Src/robotPeriferija.o
                0x0000000008003a9c                nastaviMotor
 .text.normalize_v3f
                0x0000000008003cb4       0xb0 ./Core/Src/robotTasks.o
                0x0000000008003cb4                normalize_v3f
 .text.zgladiMotor
                0x0000000008003d64       0x8c ./Core/Src/robotTasks.o
                0x0000000008003d64                zgladiMotor
 .text.speedControl
                0x0000000008003df0      0x2c4 ./Core/Src/robotTasks.o
                0x0000000008003df0                speedControl
 .text.StartTransmitingData
                0x00000000080040b4       0x40 ./Core/Src/robotTasks.o
                0x00000000080040b4                StartTransmitingData
 .text.StartCalculatingPoz
                0x00000000080040f4      0x824 ./Core/Src/robotTasks.o
                0x00000000080040f4                StartCalculatingPoz
 .text.StartRecivingCommandsNRF24
                0x0000000008004918      0x1dc ./Core/Src/robotTasks.o
                0x0000000008004918                StartRecivingCommandsNRF24
 .text.StartMotorControl
                0x0000000008004af4       0xd0 ./Core/Src/robotTasks.o
                0x0000000008004af4                StartMotorControl
 .text.StartCalculatingPath
                0x0000000008004bc4      0x104 ./Core/Src/robotTasks.o
                0x0000000008004bc4                StartCalculatingPath
 .text.HAL_MspInit
                0x0000000008004cc8       0x50 ./Core/Src/stm32f4xx_hal_msp.o
                0x0000000008004cc8                HAL_MspInit
 .text.HAL_I2C_MspInit
                0x0000000008004d18       0x90 ./Core/Src/stm32f4xx_hal_msp.o
                0x0000000008004d18                HAL_I2C_MspInit
 .text.HAL_SPI_MspInit
                0x0000000008004da8      0x2b0 ./Core/Src/stm32f4xx_hal_msp.o
                0x0000000008004da8                HAL_SPI_MspInit
 .text.HAL_TIM_Base_MspInit
                0x0000000008005058       0x78 ./Core/Src/stm32f4xx_hal_msp.o
                0x0000000008005058                HAL_TIM_Base_MspInit
 .text.HAL_TIM_MspPostInit
                0x00000000080050d0       0xc0 ./Core/Src/stm32f4xx_hal_msp.o
                0x00000000080050d0                HAL_TIM_MspPostInit
 .text.HAL_InitTick
                0x0000000008005190       0xb0 ./Core/Src/stm32f4xx_hal_timebase_tim.o
                0x0000000008005190                HAL_InitTick
 .text.NMI_Handler
                0x0000000008005240        0x6 ./Core/Src/stm32f4xx_it.o
                0x0000000008005240                NMI_Handler
 .text.HardFault_Handler
                0x0000000008005246        0x6 ./Core/Src/stm32f4xx_it.o
                0x0000000008005246                HardFault_Handler
 .text.MemManage_Handler
                0x000000000800524c        0x6 ./Core/Src/stm32f4xx_it.o
                0x000000000800524c                MemManage_Handler
 .text.BusFault_Handler
                0x0000000008005252        0x6 ./Core/Src/stm32f4xx_it.o
                0x0000000008005252                BusFault_Handler
 .text.UsageFault_Handler
                0x0000000008005258        0x6 ./Core/Src/stm32f4xx_it.o
                0x0000000008005258                UsageFault_Handler
 .text.DebugMon_Handler
                0x000000000800525e        0xe ./Core/Src/stm32f4xx_it.o
                0x000000000800525e                DebugMon_Handler
 .text.EXTI1_IRQHandler
                0x000000000800526c        0xe ./Core/Src/stm32f4xx_it.o
                0x000000000800526c                EXTI1_IRQHandler
 .text.EXTI2_IRQHandler
                0x000000000800527a        0xe ./Core/Src/stm32f4xx_it.o
                0x000000000800527a                EXTI2_IRQHandler
 .text.EXTI3_IRQHandler
                0x0000000008005288        0xe ./Core/Src/stm32f4xx_it.o
                0x0000000008005288                EXTI3_IRQHandler
 .text.EXTI4_IRQHandler
                0x0000000008005296        0xe ./Core/Src/stm32f4xx_it.o
                0x0000000008005296                EXTI4_IRQHandler
 .text.EXTI9_5_IRQHandler
                0x00000000080052a4       0x16 ./Core/Src/stm32f4xx_it.o
                0x00000000080052a4                EXTI9_5_IRQHandler
 *fill*         0x00000000080052ba        0x2 
 .text.TIM1_TRG_COM_TIM11_IRQHandler
                0x00000000080052bc       0x14 ./Core/Src/stm32f4xx_it.o
                0x00000000080052bc                TIM1_TRG_COM_TIM11_IRQHandler
 .text.TIM2_IRQHandler
                0x00000000080052d0       0x14 ./Core/Src/stm32f4xx_it.o
                0x00000000080052d0                TIM2_IRQHandler
 .text.EXTI15_10_IRQHandler
                0x00000000080052e4       0x18 ./Core/Src/stm32f4xx_it.o
                0x00000000080052e4                EXTI15_10_IRQHandler
 .text.DMA2_Stream3_IRQHandler
                0x00000000080052fc       0x14 ./Core/Src/stm32f4xx_it.o
                0x00000000080052fc                DMA2_Stream3_IRQHandler
 .text.DMA2_Stream4_IRQHandler
                0x0000000008005310       0x14 ./Core/Src/stm32f4xx_it.o
                0x0000000008005310                DMA2_Stream4_IRQHandler
 .text.OTG_FS_IRQHandler
                0x0000000008005324       0x14 ./Core/Src/stm32f4xx_it.o
                0x0000000008005324                OTG_FS_IRQHandler
 .text.SystemInit
                0x0000000008005338       0x24 ./Core/Src/system_stm32f4xx.o
                0x0000000008005338                SystemInit
 .text.Reset_Handler
                0x000000000800535c       0x50 ./Core/Startup/startup_stm32f411vetx.o
                0x000000000800535c                Reset_Handler
 .text.Default_Handler
                0x00000000080053ac        0x2 ./Core/Startup/startup_stm32f411vetx.o
                0x00000000080053ac                RTC_Alarm_IRQHandler
                0x00000000080053ac                SPI4_IRQHandler
                0x00000000080053ac                TIM1_CC_IRQHandler
                0x00000000080053ac                DMA2_Stream5_IRQHandler
                0x00000000080053ac                DMA1_Stream5_IRQHandler
                0x00000000080053ac                PVD_IRQHandler
                0x00000000080053ac                SDIO_IRQHandler
                0x00000000080053ac                TAMP_STAMP_IRQHandler
                0x00000000080053ac                TIM1_UP_TIM10_IRQHandler
                0x00000000080053ac                I2C3_ER_IRQHandler
                0x00000000080053ac                EXTI0_IRQHandler
                0x00000000080053ac                I2C2_EV_IRQHandler
                0x00000000080053ac                DMA1_Stream2_IRQHandler
                0x00000000080053ac                FPU_IRQHandler
                0x00000000080053ac                DMA2_Stream2_IRQHandler
                0x00000000080053ac                SPI1_IRQHandler
                0x00000000080053ac                TIM1_BRK_TIM9_IRQHandler
                0x00000000080053ac                USART6_IRQHandler
                0x00000000080053ac                DMA2_Stream0_IRQHandler
                0x00000000080053ac                TIM4_IRQHandler
                0x00000000080053ac                I2C1_EV_IRQHandler
                0x00000000080053ac                DMA1_Stream6_IRQHandler
                0x00000000080053ac                DMA1_Stream1_IRQHandler
                0x00000000080053ac                TIM3_IRQHandler
                0x00000000080053ac                RCC_IRQHandler
                0x00000000080053ac                Default_Handler
                0x00000000080053ac                ADC_IRQHandler
                0x00000000080053ac                DMA1_Stream7_IRQHandler
                0x00000000080053ac                SPI5_IRQHandler
                0x00000000080053ac                TIM5_IRQHandler
                0x00000000080053ac                DMA2_Stream7_IRQHandler
                0x00000000080053ac                I2C3_EV_IRQHandler
                0x00000000080053ac                RTC_WKUP_IRQHandler
                0x00000000080053ac                SPI2_IRQHandler
                0x00000000080053ac                DMA1_Stream0_IRQHandler
                0x00000000080053ac                WWDG_IRQHandler
                0x00000000080053ac                OTG_FS_WKUP_IRQHandler
                0x00000000080053ac                USART2_IRQHandler
                0x00000000080053ac                I2C2_ER_IRQHandler
                0x00000000080053ac                DMA2_Stream1_IRQHandler
                0x00000000080053ac                FLASH_IRQHandler
                0x00000000080053ac                USART1_IRQHandler
                0x00000000080053ac                SPI3_IRQHandler
                0x00000000080053ac                DMA1_Stream4_IRQHandler
                0x00000000080053ac                I2C1_ER_IRQHandler
                0x00000000080053ac                DMA2_Stream6_IRQHandler
                0x00000000080053ac                DMA1_Stream3_IRQHandler
 *fill*         0x00000000080053ae        0x2 
 .text.HAL_Init
                0x00000000080053b0       0x44 ./Drivers/STM32F4xx_HAL_Driver/Src/stm32f4xx_hal.o
                0x00000000080053b0                HAL_Init
 .text.HAL_IncTick
                0x00000000080053f4       0x28 ./Drivers/STM32F4xx_HAL_Driver/Src/stm32f4xx_hal.o
                0x00000000080053f4                HAL_IncTick
 .text.HAL_GetTick
                0x000000000800541c       0x18 ./Drivers/STM32F4xx_HAL_Driver/Src/stm32f4xx_hal.o
                0x000000000800541c                HAL_GetTick
 .text.HAL_Delay
                0x0000000008005434       0x48 ./Drivers/STM32F4xx_HAL_Driver/Src/stm32f4xx_hal.o
                0x0000000008005434                HAL_Delay
 .text.__NVIC_SetPriorityGrouping
                0x000000000800547c       0x48 ./Drivers/STM32F4xx_HAL_Driver/Src/stm32f4xx_hal_cortex.o
 .text.__NVIC_GetPriorityGrouping
                0x00000000080054c4       0x1c ./Drivers/STM32F4xx_HAL_Driver/Src/stm32f4xx_hal_cortex.o
 .text.__NVIC_EnableIRQ
                0x00000000080054e0       0x3c ./Drivers/STM32F4xx_HAL_Driver/Src/stm32f4xx_hal_cortex.o
 .text.__NVIC_SetPriority
                0x000000000800551c       0x54 ./Drivers/STM32F4xx_HAL_Driver/Src/stm32f4xx_hal_cortex.o
 .text.NVIC_EncodePriority
                0x0000000008005570       0x66 ./Drivers/STM32F4xx_HAL_Driver/Src/stm32f4xx_hal_cortex.o
 .text.HAL_NVIC_SetPriorityGrouping
                0x00000000080055d6       0x16 ./Drivers/STM32F4xx_HAL_Driver/Src/stm32f4xx_hal_cortex.o
                0x00000000080055d6                HAL_NVIC_SetPriorityGrouping
 .text.HAL_NVIC_SetPriority
                0x00000000080055ec       0x38 ./Drivers/STM32F4xx_HAL_Driver/Src/stm32f4xx_hal_cortex.o
                0x00000000080055ec                HAL_NVIC_SetPriority
 .text.HAL_NVIC_EnableIRQ
                0x0000000008005624       0x1c ./Drivers/STM32F4xx_HAL_Driver/Src/stm32f4xx_hal_cortex.o
                0x0000000008005624                HAL_NVIC_EnableIRQ
 .text.HAL_DMA_Init
                0x0000000008005640      0x15c ./Drivers/STM32F4xx_HAL_Driver/Src/stm32f4xx_hal_dma.o
                0x0000000008005640                HAL_DMA_Init
 .text.HAL_DMA_IRQHandler
                0x000000000800579c      0x314 ./Drivers/STM32F4xx_HAL_Driver/Src/stm32f4xx_hal_dma.o
                0x000000000800579c                HAL_DMA_IRQHandler
 .text.DMA_CalcBaseAndBitshift
                0x0000000008005ab0       0x6c ./Drivers/STM32F4xx_HAL_Driver/Src/stm32f4xx_hal_dma.o
 .text.DMA_CheckFifoParam
                0x0000000008005b1c       0xf8 ./Drivers/STM32F4xx_HAL_Driver/Src/stm32f4xx_hal_dma.o
 .text.HAL_GPIO_Init
                0x0000000008005c14      0x308 ./Drivers/STM32F4xx_HAL_Driver/Src/stm32f4xx_hal_gpio.o
                0x0000000008005c14                HAL_GPIO_Init
 .text.HAL_GPIO_ReadPin
                0x0000000008005f1c       0x30 ./Drivers/STM32F4xx_HAL_Driver/Src/stm32f4xx_hal_gpio.o
                0x0000000008005f1c                HAL_GPIO_ReadPin
 .text.HAL_GPIO_WritePin
                0x0000000008005f4c       0x32 ./Drivers/STM32F4xx_HAL_Driver/Src/stm32f4xx_hal_gpio.o
                0x0000000008005f4c                HAL_GPIO_WritePin
 *fill*         0x0000000008005f7e        0x2 
 .text.HAL_GPIO_EXTI_IRQHandler
                0x0000000008005f80       0x30 ./Drivers/STM32F4xx_HAL_Driver/Src/stm32f4xx_hal_gpio.o
                0x0000000008005f80                HAL_GPIO_EXTI_IRQHandler
 .text.HAL_I2C_Init
                0x0000000008005fb0      0x288 ./Drivers/STM32F4xx_HAL_Driver/Src/stm32f4xx_hal_i2c.o
                0x0000000008005fb0                HAL_I2C_Init
 .text.HAL_I2C_Mem_Write
                0x0000000008006238      0x1f4 ./Drivers/STM32F4xx_HAL_Driver/Src/stm32f4xx_hal_i2c.o
                0x0000000008006238                HAL_I2C_Mem_Write
 .text.HAL_I2C_Mem_Read
                0x000000000800642c      0x44c ./Drivers/STM32F4xx_HAL_Driver/Src/stm32f4xx_hal_i2c.o
                0x000000000800642c                HAL_I2C_Mem_Read
 .text.I2C_RequestMemoryWrite
                0x0000000008006878      0x12c ./Drivers/STM32F4xx_HAL_Driver/Src/stm32f4xx_hal_i2c.o
 .text.I2C_RequestMemoryRead
                0x00000000080069a4      0x1d0 ./Drivers/STM32F4xx_HAL_Driver/Src/stm32f4xx_hal_i2c.o
 .text.I2C_WaitOnFlagUntilTimeout
                0x0000000008006b74       0xae ./Drivers/STM32F4xx_HAL_Driver/Src/stm32f4xx_hal_i2c.o
 .text.I2C_WaitOnMasterAddressFlagUntilTimeout
                0x0000000008006c22       0xfe ./Drivers/STM32F4xx_HAL_Driver/Src/stm32f4xx_hal_i2c.o
 .text.I2C_WaitOnTXEFlagUntilTimeout
                0x0000000008006d20       0x82 ./Drivers/STM32F4xx_HAL_Driver/Src/stm32f4xx_hal_i2c.o
 .text.I2C_WaitOnBTFFlagUntilTimeout
                0x0000000008006da2       0x82 ./Drivers/STM32F4xx_HAL_Driver/Src/stm32f4xx_hal_i2c.o
 .text.I2C_WaitOnRXNEFlagUntilTimeout
                0x0000000008006e24       0xac ./Drivers/STM32F4xx_HAL_Driver/Src/stm32f4xx_hal_i2c.o
 .text.I2C_IsAcknowledgeFailed
                0x0000000008006ed0       0x5e ./Drivers/STM32F4xx_HAL_Driver/Src/stm32f4xx_hal_i2c.o
 .text.HAL_PCD_Init
                0x0000000008006f2e      0x23a ./Drivers/STM32F4xx_HAL_Driver/Src/stm32f4xx_hal_pcd.o
                0x0000000008006f2e                HAL_PCD_Init
 .text.HAL_PCD_Start
                0x0000000008007168       0x66 ./Drivers/STM32F4xx_HAL_Driver/Src/stm32f4xx_hal_pcd.o
                0x0000000008007168                HAL_PCD_Start
 .text.HAL_PCD_IRQHandler
                0x00000000080071ce      0x764 ./Drivers/STM32F4xx_HAL_Driver/Src/stm32f4xx_hal_pcd.o
                0x00000000080071ce                HAL_PCD_IRQHandler
 .text.HAL_PCD_SetAddress
                0x0000000008007932       0x4a ./Drivers/STM32F4xx_HAL_Driver/Src/stm32f4xx_hal_pcd.o
                0x0000000008007932                HAL_PCD_SetAddress
 .text.HAL_PCD_EP_Open
                0x000000000800797c       0xd0 ./Drivers/STM32F4xx_HAL_Driver/Src/stm32f4xx_hal_pcd.o
                0x000000000800797c                HAL_PCD_EP_Open
 .text.HAL_PCD_EP_Close
                0x0000000008007a4c       0x94 ./Drivers/STM32F4xx_HAL_Driver/Src/stm32f4xx_hal_pcd.o
                0x0000000008007a4c                HAL_PCD_EP_Close
 .text.HAL_PCD_EP_Receive
                0x0000000008007ae0       0x96 ./Drivers/STM32F4xx_HAL_Driver/Src/stm32f4xx_hal_pcd.o
                0x0000000008007ae0                HAL_PCD_EP_Receive
 .text.HAL_PCD_EP_GetRxCount
                0x0000000008007b76       0x30 ./Drivers/STM32F4xx_HAL_Driver/Src/stm32f4xx_hal_pcd.o
                0x0000000008007b76                HAL_PCD_EP_GetRxCount
 .text.HAL_PCD_EP_Transmit
                0x0000000008007ba6       0x94 ./Drivers/STM32F4xx_HAL_Driver/Src/stm32f4xx_hal_pcd.o
                0x0000000008007ba6                HAL_PCD_EP_Transmit
 .text.HAL_PCD_EP_SetStall
                0x0000000008007c3a       0xc8 ./Drivers/STM32F4xx_HAL_Driver/Src/stm32f4xx_hal_pcd.o
                0x0000000008007c3a                HAL_PCD_EP_SetStall
 .text.HAL_PCD_EP_ClrStall
                0x0000000008007d02       0xac ./Drivers/STM32F4xx_HAL_Driver/Src/stm32f4xx_hal_pcd.o
                0x0000000008007d02                HAL_PCD_EP_ClrStall
 .text.PCD_WriteEmptyTxFifo
                0x0000000008007dae      0x11a ./Drivers/STM32F4xx_HAL_Driver/Src/stm32f4xx_hal_pcd.o
 .text.PCD_EP_OutXfrComplete_int
                0x0000000008007ec8      0x218 ./Drivers/STM32F4xx_HAL_Driver/Src/stm32f4xx_hal_pcd.o
 .text.PCD_EP_OutSetupPacket_int
                0x00000000080080e0       0x8c ./Drivers/STM32F4xx_HAL_Driver/Src/stm32f4xx_hal_pcd.o
 .text.HAL_PCDEx_SetTxFiFo
                0x000000000800816c       0x8e ./Drivers/STM32F4xx_HAL_Driver/Src/stm32f4xx_hal_pcd_ex.o
                0x000000000800816c                HAL_PCDEx_SetTxFiFo
 .text.HAL_PCDEx_SetRxFiFo
                0x00000000080081fa       0x22 ./Drivers/STM32F4xx_HAL_Driver/Src/stm32f4xx_hal_pcd_ex.o
                0x00000000080081fa                HAL_PCDEx_SetRxFiFo
 .text.HAL_PCDEx_LPM_Callback
                0x000000000800821c       0x18 ./Drivers/STM32F4xx_HAL_Driver/Src/stm32f4xx_hal_pcd_ex.o
                0x000000000800821c                HAL_PCDEx_LPM_Callback
 .text.HAL_RCC_OscConfig
                0x0000000008008234      0x4f0 ./Drivers/STM32F4xx_HAL_Driver/Src/stm32f4xx_hal_rcc.o
                0x0000000008008234                HAL_RCC_OscConfig
 .text.HAL_RCC_ClockConfig
                0x0000000008008724      0x1cc ./Drivers/STM32F4xx_HAL_Driver/Src/stm32f4xx_hal_rcc.o
                0x0000000008008724                HAL_RCC_ClockConfig
 .text.HAL_RCC_GetSysClockFreq
                0x00000000080088f0      0x1c4 ./Drivers/STM32F4xx_HAL_Driver/Src/stm32f4xx_hal_rcc.o
                0x00000000080088f0                HAL_RCC_GetSysClockFreq
 .text.HAL_RCC_GetHCLKFreq
                0x0000000008008ab4       0x18 ./Drivers/STM32F4xx_HAL_Driver/Src/stm32f4xx_hal_rcc.o
                0x0000000008008ab4                HAL_RCC_GetHCLKFreq
 .text.HAL_RCC_GetPCLK1Freq
                0x0000000008008acc       0x28 ./Drivers/STM32F4xx_HAL_Driver/Src/stm32f4xx_hal_rcc.o
                0x0000000008008acc                HAL_RCC_GetPCLK1Freq
 .text.HAL_RCC_GetPCLK2Freq
                0x0000000008008af4       0x28 ./Drivers/STM32F4xx_HAL_Driver/Src/stm32f4xx_hal_rcc.o
                0x0000000008008af4                HAL_RCC_GetPCLK2Freq
 .text.HAL_RCC_GetClockConfig
                0x0000000008008b1c       0x64 ./Drivers/STM32F4xx_HAL_Driver/Src/stm32f4xx_hal_rcc.o
                0x0000000008008b1c                HAL_RCC_GetClockConfig
 .text.HAL_SPI_Init
                0x0000000008008b80      0x112 ./Drivers/STM32F4xx_HAL_Driver/Src/stm32f4xx_hal_spi.o
                0x0000000008008b80                HAL_SPI_Init
 .text.HAL_SPI_Transmit
                0x0000000008008c92      0x278 ./Drivers/STM32F4xx_HAL_Driver/Src/stm32f4xx_hal_spi.o
                0x0000000008008c92                HAL_SPI_Transmit
 .text.HAL_SPI_Receive
                0x0000000008008f0a      0x222 ./Drivers/STM32F4xx_HAL_Driver/Src/stm32f4xx_hal_spi.o
                0x0000000008008f0a                HAL_SPI_Receive
 .text.HAL_SPI_TransmitReceive
                0x000000000800912c      0x344 ./Drivers/STM32F4xx_HAL_Driver/Src/stm32f4xx_hal_spi.o
                0x000000000800912c                HAL_SPI_TransmitReceive
 .text.SPI_WaitFlagStateUntilTimeout
                0x0000000008009470      0x110 ./Drivers/STM32F4xx_HAL_Driver/Src/stm32f4xx_hal_spi.o
 .text.SPI_EndRxTransaction
                0x0000000008009580       0xca ./Drivers/STM32F4xx_HAL_Driver/Src/stm32f4xx_hal_spi.o
 *fill*         0x000000000800964a        0x2 
 .text.SPI_EndRxTxTransaction
                0x000000000800964c       0x84 ./Drivers/STM32F4xx_HAL_Driver/Src/stm32f4xx_hal_spi.o
 .text.HAL_TIM_Base_Init
                0x00000000080096d0       0x9e ./Drivers/STM32F4xx_HAL_Driver/Src/stm32f4xx_hal_tim.o
                0x00000000080096d0                HAL_TIM_Base_Init
 *fill*         0x000000000800976e        0x2 
 .text.HAL_TIM_Base_Start
                0x0000000008009770       0xb4 ./Drivers/STM32F4xx_HAL_Driver/Src/stm32f4xx_hal_tim.o
                0x0000000008009770                HAL_TIM_Base_Start
 .text.HAL_TIM_Base_Start_IT
                0x0000000008009824       0xc4 ./Drivers/STM32F4xx_HAL_Driver/Src/stm32f4xx_hal_tim.o
                0x0000000008009824                HAL_TIM_Base_Start_IT
 .text.HAL_TIM_PWM_Init
                0x00000000080098e8       0x9e ./Drivers/STM32F4xx_HAL_Driver/Src/stm32f4xx_hal_tim.o
                0x00000000080098e8                HAL_TIM_PWM_Init
 .text.HAL_TIM_PWM_MspInit
                0x0000000008009986       0x14 ./Drivers/STM32F4xx_HAL_Driver/Src/stm32f4xx_hal_tim.o
                0x0000000008009986                HAL_TIM_PWM_MspInit
 *fill*         0x000000000800999a        0x2 
 .text.HAL_TIM_PWM_Start
                0x000000000800999c      0x160 ./Drivers/STM32F4xx_HAL_Driver/Src/stm32f4xx_hal_tim.o
                0x000000000800999c                HAL_TIM_PWM_Start
 .text.HAL_TIM_IRQHandler
                0x0000000008009afc      0x210 ./Drivers/STM32F4xx_HAL_Driver/Src/stm32f4xx_hal_tim.o
                0x0000000008009afc                HAL_TIM_IRQHandler
 .text.HAL_TIM_PWM_ConfigChannel
                0x0000000008009d0c      0x184 ./Drivers/STM32F4xx_HAL_Driver/Src/stm32f4xx_hal_tim.o
                0x0000000008009d0c                HAL_TIM_PWM_ConfigChannel
 .text.HAL_TIM_ConfigClockSource
                0x0000000008009e90      0x18e ./Drivers/STM32F4xx_HAL_Driver/Src/stm32f4xx_hal_tim.o
                0x0000000008009e90                HAL_TIM_ConfigClockSource
 .text.HAL_TIM_OC_DelayElapsedCallback
                0x000000000800a01e       0x14 ./Drivers/STM32F4xx_HAL_Driver/Src/stm32f4xx_hal_tim.o
                0x000000000800a01e                HAL_TIM_OC_DelayElapsedCallback
 .text.HAL_TIM_IC_CaptureCallback
                0x000000000800a032       0x14 ./Drivers/STM32F4xx_HAL_Driver/Src/stm32f4xx_hal_tim.o
                0x000000000800a032                HAL_TIM_IC_CaptureCallback
 .text.HAL_TIM_PWM_PulseFinishedCallback
                0x000000000800a046       0x14 ./Drivers/STM32F4xx_HAL_Driver/Src/stm32f4xx_hal_tim.o
                0x000000000800a046                HAL_TIM_PWM_PulseFinishedCallback
 .text.HAL_TIM_TriggerCallback
                0x000000000800a05a       0x14 ./Drivers/STM32F4xx_HAL_Driver/Src/stm32f4xx_hal_tim.o
                0x000000000800a05a                HAL_TIM_TriggerCallback
 *fill*         0x000000000800a06e        0x2 
 .text.TIM_Base_SetConfig
                0x000000000800a070      0x100 ./Drivers/STM32F4xx_HAL_Driver/Src/stm32f4xx_hal_tim.o
                0x000000000800a070                TIM_Base_SetConfig
 .text.TIM_OC1_SetConfig
                0x000000000800a170       0xcc ./Drivers/STM32F4xx_HAL_Driver/Src/stm32f4xx_hal_tim.o
 .text.TIM_OC2_SetConfig
                0x000000000800a23c       0xd8 ./Drivers/STM32F4xx_HAL_Driver/Src/stm32f4xx_hal_tim.o
                0x000000000800a23c                TIM_OC2_SetConfig
 .text.TIM_OC3_SetConfig
                0x000000000800a314       0xd4 ./Drivers/STM32F4xx_HAL_Driver/Src/stm32f4xx_hal_tim.o
 .text.TIM_OC4_SetConfig
                0x000000000800a3e8       0xa0 ./Drivers/STM32F4xx_HAL_Driver/Src/stm32f4xx_hal_tim.o
 .text.TIM_TI1_ConfigInputStage
                0x000000000800a488       0x5e ./Drivers/STM32F4xx_HAL_Driver/Src/stm32f4xx_hal_tim.o
 .text.TIM_TI2_ConfigInputStage
                0x000000000800a4e6       0x60 ./Drivers/STM32F4xx_HAL_Driver/Src/stm32f4xx_hal_tim.o
 .text.TIM_ITRx_SetConfig
                0x000000000800a546       0x36 ./Drivers/STM32F4xx_HAL_Driver/Src/stm32f4xx_hal_tim.o
 .text.TIM_ETR_SetConfig
                0x000000000800a57c       0x40 ./Drivers/STM32F4xx_HAL_Driver/Src/stm32f4xx_hal_tim.o
                0x000000000800a57c                TIM_ETR_SetConfig
 .text.TIM_CCxChannelCmd
                0x000000000800a5bc       0x4a ./Drivers/STM32F4xx_HAL_Driver/Src/stm32f4xx_hal_tim.o
                0x000000000800a5bc                TIM_CCxChannelCmd
 *fill*         0x000000000800a606        0x2 
 .text.HAL_TIMEx_MasterConfigSynchronization
                0x000000000800a608       0xdc ./Drivers/STM32F4xx_HAL_Driver/Src/stm32f4xx_hal_tim_ex.o
                0x000000000800a608                HAL_TIMEx_MasterConfigSynchronization
 .text.HAL_TIMEx_CommutCallback
                0x000000000800a6e4       0x14 ./Drivers/STM32F4xx_HAL_Driver/Src/stm32f4xx_hal_tim_ex.o
                0x000000000800a6e4                HAL_TIMEx_CommutCallback
 .text.HAL_TIMEx_BreakCallback
                0x000000000800a6f8       0x14 ./Drivers/STM32F4xx_HAL_Driver/Src/stm32f4xx_hal_tim_ex.o
                0x000000000800a6f8                HAL_TIMEx_BreakCallback
 .text.USB_CoreInit
                0x000000000800a70c       0xc2 ./Drivers/STM32F4xx_HAL_Driver/Src/stm32f4xx_ll_usb.o
                0x000000000800a70c                USB_CoreInit
 *fill*         0x000000000800a7ce        0x2 
 .text.USB_SetTurnaroundTime
                0x000000000800a7d0      0x144 ./Drivers/STM32F4xx_HAL_Driver/Src/stm32f4xx_ll_usb.o
                0x000000000800a7d0                USB_SetTurnaroundTime
 .text.USB_EnableGlobalInt
                0x000000000800a914       0x22 ./Drivers/STM32F4xx_HAL_Driver/Src/stm32f4xx_ll_usb.o
                0x000000000800a914                USB_EnableGlobalInt
 .text.USB_DisableGlobalInt
                0x000000000800a936       0x22 ./Drivers/STM32F4xx_HAL_Driver/Src/stm32f4xx_ll_usb.o
                0x000000000800a936                USB_DisableGlobalInt
 .text.USB_SetCurrentMode
                0x000000000800a958       0x98 ./Drivers/STM32F4xx_HAL_Driver/Src/stm32f4xx_ll_usb.o
                0x000000000800a958                USB_SetCurrentMode
 .text.USB_DevInit
                0x000000000800a9f0      0x2c8 ./Drivers/STM32F4xx_HAL_Driver/Src/stm32f4xx_ll_usb.o
                0x000000000800a9f0                USB_DevInit
 .text.USB_FlushTxFifo
                0x000000000800acb8       0x48 ./Drivers/STM32F4xx_HAL_Driver/Src/stm32f4xx_ll_usb.o
                0x000000000800acb8                USB_FlushTxFifo
 .text.USB_FlushRxFifo
                0x000000000800ad00       0x40 ./Drivers/STM32F4xx_HAL_Driver/Src/stm32f4xx_ll_usb.o
                0x000000000800ad00                USB_FlushRxFifo
 .text.USB_SetDevSpeed
                0x000000000800ad40       0x32 ./Drivers/STM32F4xx_HAL_Driver/Src/stm32f4xx_ll_usb.o
                0x000000000800ad40                USB_SetDevSpeed
 .text.USB_GetDevSpeed
                0x000000000800ad72       0x4a ./Drivers/STM32F4xx_HAL_Driver/Src/stm32f4xx_ll_usb.o
                0x000000000800ad72                USB_GetDevSpeed
 .text.USB_ActivateEndpoint
                0x000000000800adbc      0x10e ./Drivers/STM32F4xx_HAL_Driver/Src/stm32f4xx_ll_usb.o
                0x000000000800adbc                USB_ActivateEndpoint
 *fill*         0x000000000800aeca        0x2 
 .text.USB_DeactivateEndpoint
                0x000000000800aecc      0x1b8 ./Drivers/STM32F4xx_HAL_Driver/Src/stm32f4xx_ll_usb.o
                0x000000000800aecc                USB_DeactivateEndpoint
 .text.USB_EPStartXfer
                0x000000000800b084      0x488 ./Drivers/STM32F4xx_HAL_Driver/Src/stm32f4xx_ll_usb.o
                0x000000000800b084                USB_EPStartXfer
 .text.USB_EP0StartXfer
                0x000000000800b50c      0x2a6 ./Drivers/STM32F4xx_HAL_Driver/Src/stm32f4xx_ll_usb.o
                0x000000000800b50c                USB_EP0StartXfer
 .text.USB_WritePacket
                0x000000000800b7b2       0x7c ./Drivers/STM32F4xx_HAL_Driver/Src/stm32f4xx_ll_usb.o
                0x000000000800b7b2                USB_WritePacket
 .text.USB_ReadPacket
                0x000000000800b82e       0xb0 ./Drivers/STM32F4xx_HAL_Driver/Src/stm32f4xx_ll_usb.o
                0x000000000800b82e                USB_ReadPacket
 .text.USB_EPSetStall
                0x000000000800b8de       0xdc ./Drivers/STM32F4xx_HAL_Driver/Src/stm32f4xx_ll_usb.o
                0x000000000800b8de                USB_EPSetStall
 .text.USB_EPClearStall
                0x000000000800b9ba       0xcc ./Drivers/STM32F4xx_HAL_Driver/Src/stm32f4xx_ll_usb.o
                0x000000000800b9ba                USB_EPClearStall
 .text.USB_SetDevAddress
                0x000000000800ba86       0x4c ./Drivers/STM32F4xx_HAL_Driver/Src/stm32f4xx_ll_usb.o
                0x000000000800ba86                USB_SetDevAddress
 .text.USB_DevConnect
                0x000000000800bad2       0x42 ./Drivers/STM32F4xx_HAL_Driver/Src/stm32f4xx_ll_usb.o
                0x000000000800bad2                USB_DevConnect
 .text.USB_DevDisconnect
                0x000000000800bb14       0x42 ./Drivers/STM32F4xx_HAL_Driver/Src/stm32f4xx_ll_usb.o
                0x000000000800bb14                USB_DevDisconnect
 .text.USB_ReadInterrupts
                0x000000000800bb56       0x26 ./Drivers/STM32F4xx_HAL_Driver/Src/stm32f4xx_ll_usb.o
                0x000000000800bb56                USB_ReadInterrupts
 .text.USB_ReadDevAllOutEpInterrupt
                0x000000000800bb7c       0x34 ./Drivers/STM32F4xx_HAL_Driver/Src/stm32f4xx_ll_usb.o
                0x000000000800bb7c                USB_ReadDevAllOutEpInterrupt
 .text.USB_ReadDevAllInEpInterrupt
                0x000000000800bbb0       0x34 ./Drivers/STM32F4xx_HAL_Driver/Src/stm32f4xx_ll_usb.o
                0x000000000800bbb0                USB_ReadDevAllInEpInterrupt
 .text.USB_ReadDevOutEPInterrupt
                0x000000000800bbe4       0x3c ./Drivers/STM32F4xx_HAL_Driver/Src/stm32f4xx_ll_usb.o
                0x000000000800bbe4                USB_ReadDevOutEPInterrupt
 .text.USB_ReadDevInEPInterrupt
                0x000000000800bc20       0x5c ./Drivers/STM32F4xx_HAL_Driver/Src/stm32f4xx_ll_usb.o
                0x000000000800bc20                USB_ReadDevInEPInterrupt
 .text.USB_GetMode
                0x000000000800bc7c       0x1c ./Drivers/STM32F4xx_HAL_Driver/Src/stm32f4xx_ll_usb.o
                0x000000000800bc7c                USB_GetMode
 .text.USB_ActivateSetup
                0x000000000800bc98       0x46 ./Drivers/STM32F4xx_HAL_Driver/Src/stm32f4xx_ll_usb.o
                0x000000000800bc98                USB_ActivateSetup
 *fill*         0x000000000800bcde        0x2 
 .text.USB_EP0_OutStart
                0x000000000800bce0       0xbc ./Drivers/STM32F4xx_HAL_Driver/Src/stm32f4xx_ll_usb.o
                0x000000000800bce0                USB_EP0_OutStart
 .text.USB_CoreReset
                0x000000000800bd9c       0x64 ./Drivers/STM32F4xx_HAL_Driver/Src/stm32f4xx_ll_usb.o
 .text.vListInitialise
                0x000000000800be00       0x40 ./FreeRTOS/Source/list.o
                0x000000000800be00                vListInitialise
 .text.vListInitialiseItem
                0x000000000800be40       0x1a ./FreeRTOS/Source/list.o
                0x000000000800be40                vListInitialiseItem
 .text.vListInsert
                0x000000000800be5a       0x72 ./FreeRTOS/Source/list.o
                0x000000000800be5a                vListInsert
 .text.uxListRemove
                0x000000000800becc       0x54 ./FreeRTOS/Source/list.o
                0x000000000800becc                uxListRemove
 .text.xQueueGenericReset
                0x000000000800bf20      0x120 ./FreeRTOS/Source/queue.o
                0x000000000800bf20                xQueueGenericReset
 .text.xQueueGenericCreate
                0x000000000800c040       0x9c ./FreeRTOS/Source/queue.o
                0x000000000800c040                xQueueGenericCreate
 .text.prvInitialiseNewQueue
                0x000000000800c0dc       0x46 ./FreeRTOS/Source/queue.o
 *fill*         0x000000000800c122        0x2 
 .text.xQueueGenericSend
                0x000000000800c124      0x1fc ./FreeRTOS/Source/queue.o
                0x000000000800c124                xQueueGenericSend
 .text.xQueueReceive
                0x000000000800c320      0x1c0 ./FreeRTOS/Source/queue.o
                0x000000000800c320                xQueueReceive
 .text.prvCopyDataToQueue
                0x000000000800c4e0       0xd4 ./FreeRTOS/Source/queue.o
 .text.prvCopyDataFromQueue
                0x000000000800c5b4       0x4c ./FreeRTOS/Source/queue.o
 .text.prvUnlockQueue
                0x000000000800c600       0xa4 ./FreeRTOS/Source/queue.o
 .text.prvIsQueueEmpty
                0x000000000800c6a4       0x2c ./FreeRTOS/Source/queue.o
 .text.prvIsQueueFull
                0x000000000800c6d0       0x30 ./FreeRTOS/Source/queue.o
 .text.vQueueAddToRegistry
                0x000000000800c700       0x9c ./FreeRTOS/Source/queue.o
                0x000000000800c700                vQueueAddToRegistry
 .text.vQueueWaitForMessageRestricted
                0x000000000800c79c       0x68 ./FreeRTOS/Source/queue.o
                0x000000000800c79c                vQueueWaitForMessageRestricted
 .text.xTaskCreate
                0x000000000800c804       0x82 ./FreeRTOS/Source/tasks.o
                0x000000000800c804                xTaskCreate
 .text.prvInitialiseNewTask
                0x000000000800c886      0x148 ./FreeRTOS/Source/tasks.o
 *fill*         0x000000000800c9ce        0x2 
 .text.prvAddNewTaskToReadyList
                0x000000000800c9d0      0x12c ./FreeRTOS/Source/tasks.o
 .text.vTaskDelay
                0x000000000800cafc       0x68 ./FreeRTOS/Source/tasks.o
                0x000000000800cafc                vTaskDelay
 .text.vTaskStartScheduler
                0x000000000800cb64       0xa4 ./FreeRTOS/Source/tasks.o
                0x000000000800cb64                vTaskStartScheduler
 .text.vTaskSuspendAll
                0x000000000800cc08       0x1c ./FreeRTOS/Source/tasks.o
                0x000000000800cc08                vTaskSuspendAll
 .text.xTaskResumeAll
                0x000000000800cc24      0x1f8 ./FreeRTOS/Source/tasks.o
                0x000000000800cc24                xTaskResumeAll
 .text.xTaskGetTickCount
                0x000000000800ce1c       0x20 ./FreeRTOS/Source/tasks.o
                0x000000000800ce1c                xTaskGetTickCount
 .text.xTaskIncrementTick
                0x000000000800ce3c      0x22c ./FreeRTOS/Source/tasks.o
                0x000000000800ce3c                xTaskIncrementTick
 .text.vTaskSwitchContext
                0x000000000800d068       0xb8 ./FreeRTOS/Source/tasks.o
                0x000000000800d068                vTaskSwitchContext
 .text.vTaskPlaceOnEventList
                0x000000000800d120       0x48 ./FreeRTOS/Source/tasks.o
                0x000000000800d120                vTaskPlaceOnEventList
 .text.vTaskPlaceOnEventListRestricted
                0x000000000800d168       0x8c ./FreeRTOS/Source/tasks.o
                0x000000000800d168                vTaskPlaceOnEventListRestricted
 .text.xTaskRemoveFromEventList
                0x000000000800d1f4      0x1ac ./FreeRTOS/Source/tasks.o
                0x000000000800d1f4                xTaskRemoveFromEventList
 .text.vTaskInternalSetTimeOutState
                0x000000000800d3a0       0x2c ./FreeRTOS/Source/tasks.o
                0x000000000800d3a0                vTaskInternalSetTimeOutState
 .text.xTaskCheckForTimeOut
                0x000000000800d3cc       0xcc ./FreeRTOS/Source/tasks.o
                0x000000000800d3cc                xTaskCheckForTimeOut
 .text.vTaskMissedYield
                0x000000000800d498       0x18 ./FreeRTOS/Source/tasks.o
                0x000000000800d498                vTaskMissedYield
 .text.prvIdleTask
                0x000000000800d4b0       0x30 ./FreeRTOS/Source/tasks.o
 .text.prvInitialiseTaskLists
                0x000000000800d4e0       0x80 ./FreeRTOS/Source/tasks.o
 .text.prvCheckTasksWaitingTermination
                0x000000000800d560       0x5c ./FreeRTOS/Source/tasks.o
 .text.prvDeleteTCB
                0x000000000800d5bc       0x20 ./FreeRTOS/Source/tasks.o
 .text.prvResetNextTaskUnblockTime
                0x000000000800d5dc       0x38 ./FreeRTOS/Source/tasks.o
 .text.xTaskGetSchedulerState
                0x000000000800d614       0x3c ./FreeRTOS/Source/tasks.o
                0x000000000800d614                xTaskGetSchedulerState
 .text.xTaskPriorityDisinherit
                0x000000000800d650      0x148 ./FreeRTOS/Source/tasks.o
                0x000000000800d650                xTaskPriorityDisinherit
 .text.xTaskGenericNotifyWait
                0x000000000800d798      0x100 ./FreeRTOS/Source/tasks.o
                0x000000000800d798                xTaskGenericNotifyWait
 .text.xTaskGenericNotifyFromISR
                0x000000000800d898      0x2b8 ./FreeRTOS/Source/tasks.o
                0x000000000800d898                xTaskGenericNotifyFromISR
 .text.prvAddCurrentTaskToDelayedList
                0x000000000800db50      0x100 ./FreeRTOS/Source/tasks.o
 .text.xTimerCreateTimerTask
                0x000000000800dc50       0x64 ./FreeRTOS/Source/timers.o
                0x000000000800dc50                xTimerCreateTimerTask
 .text.prvReloadTimer
                0x000000000800dcb4       0x42 ./FreeRTOS/Source/timers.o
 *fill*         0x000000000800dcf6        0x2 
 .text.prvProcessExpiredTimer
                0x000000000800dcf8       0x60 ./FreeRTOS/Source/timers.o
 .text.prvTimerTask
                0x000000000800dd58       0x24 ./FreeRTOS/Source/timers.o
 .text.prvProcessTimerOrBlockTask
                0x000000000800dd7c       0x9c ./FreeRTOS/Source/timers.o
 .text.prvGetNextExpireTime
                0x000000000800de18       0x48 ./FreeRTOS/Source/timers.o
 .text.prvSampleTimeNow
                0x000000000800de60       0x40 ./FreeRTOS/Source/timers.o
 .text.prvInsertTimerInActiveList
                0x000000000800dea0       0x84 ./FreeRTOS/Source/timers.o
 .text.prvProcessReceivedCommands
                0x000000000800df24      0x17c ./FreeRTOS/Source/timers.o
 .text.prvSwitchTimerLists
                0x000000000800e0a0       0x4c ./FreeRTOS/Source/timers.o
 .text.prvCheckForValidListAndQueue
                0x000000000800e0ec       0x6c ./FreeRTOS/Source/timers.o
 .text.pxPortInitialiseStack
                0x000000000800e158       0x68 ./FreeRTOS/Source/portable/GCC/ARM_CM4F/port.o
                0x000000000800e158                pxPortInitialiseStack
 .text.prvTaskExitError
                0x000000000800e1c0       0x58 ./FreeRTOS/Source/portable/GCC/ARM_CM4F/port.o
 *fill*         0x000000000800e218        0x8 
 .text.SVC_Handler
                0x000000000800e220       0x28 ./FreeRTOS/Source/portable/GCC/ARM_CM4F/port.o
                0x000000000800e220                SVC_Handler
 .text.prvPortStartFirstTask
                0x000000000800e248       0x2c ./FreeRTOS/Source/portable/GCC/ARM_CM4F/port.o
 .text.xPortStartScheduler
                0x000000000800e274      0x144 ./FreeRTOS/Source/portable/GCC/ARM_CM4F/port.o
                0x000000000800e274                xPortStartScheduler
 .text.vPortEnterCritical
                0x000000000800e3b8       0x60 ./FreeRTOS/Source/portable/GCC/ARM_CM4F/port.o
                0x000000000800e3b8                vPortEnterCritical
 .text.vPortExitCritical
                0x000000000800e418       0x54 ./FreeRTOS/Source/portable/GCC/ARM_CM4F/port.o
                0x000000000800e418                vPortExitCritical
 *fill*         0x000000000800e46c        0x4 
 .text.PendSV_Handler
                0x000000000800e470       0x68 ./FreeRTOS/Source/portable/GCC/ARM_CM4F/port.o
                0x000000000800e470                PendSV_Handler
 .text.SysTick_Handler
                0x000000000800e4d8       0x44 ./FreeRTOS/Source/portable/GCC/ARM_CM4F/port.o
                0x000000000800e4d8                SysTick_Handler
 .text.vPortSetupTimerInterrupt
                0x000000000800e51c       0x48 ./FreeRTOS/Source/portable/GCC/ARM_CM4F/port.o
                0x000000000800e51c                vPortSetupTimerInterrupt
 .text.vPortEnableVFP
                0x000000000800e564       0x18 ./FreeRTOS/Source/portable/GCC/ARM_CM4F/port.o
 .text.vPortValidateInterruptPriority
                0x000000000800e57c       0x80 ./FreeRTOS/Source/portable/GCC/ARM_CM4F/port.o
                0x000000000800e57c                vPortValidateInterruptPriority
 .text.pvPortMalloc
                0x000000000800e5fc      0x1c0 ./FreeRTOS/Source/portable/MemMang/heap_4.o
                0x000000000800e5fc                pvPortMalloc
 .text.vPortFree
                0x000000000800e7bc       0xc4 ./FreeRTOS/Source/portable/MemMang/heap_4.o
                0x000000000800e7bc                vPortFree
 .text.prvHeapInit
                0x000000000800e880       0xc4 ./FreeRTOS/Source/portable/MemMang/heap_4.o
 .text.prvInsertBlockIntoFreeList
                0x000000000800e944       0xb4 ./FreeRTOS/Source/portable/MemMang/heap_4.o
 .text.USBD_CDC_Init
                0x000000000800e9f8       0xfe ./Middlewares/ST/STM32_USB_Device_Library/Class/CDC/Src/usbd_cdc.o
 .text.USBD_CDC_DeInit
                0x000000000800eaf6       0x74 ./Middlewares/ST/STM32_USB_Device_Library/Class/CDC/Src/usbd_cdc.o
 *fill*         0x000000000800eb6a        0x2 
 .text.USBD_CDC_Setup
                0x000000000800eb6c      0x190 ./Middlewares/ST/STM32_USB_Device_Library/Class/CDC/Src/usbd_cdc.o
 .text.USBD_CDC_DataIn
                0x000000000800ecfc       0xca ./Middlewares/ST/STM32_USB_Device_Library/Class/CDC/Src/usbd_cdc.o
 .text.USBD_CDC_DataOut
                0x000000000800edc6       0x56 ./Middlewares/ST/STM32_USB_Device_Library/Class/CDC/Src/usbd_cdc.o
 .text.USBD_CDC_EP0_RxReady
                0x000000000800ee1c       0x5a ./Middlewares/ST/STM32_USB_Device_Library/Class/CDC/Src/usbd_cdc.o
 *fill*         0x000000000800ee76        0x2 
 .text.USBD_CDC_GetFSCfgDesc
                0x000000000800ee78       0x20 ./Middlewares/ST/STM32_USB_Device_Library/Class/CDC/Src/usbd_cdc.o
 .text.USBD_CDC_GetHSCfgDesc
                0x000000000800ee98       0x20 ./Middlewares/ST/STM32_USB_Device_Library/Class/CDC/Src/usbd_cdc.o
 .text.USBD_CDC_GetOtherSpeedCfgDesc
                0x000000000800eeb8       0x20 ./Middlewares/ST/STM32_USB_Device_Library/Class/CDC/Src/usbd_cdc.o
 .text.USBD_CDC_GetDeviceQualifierDescriptor
                0x000000000800eed8       0x20 ./Middlewares/ST/STM32_USB_Device_Library/Class/CDC/Src/usbd_cdc.o
                0x000000000800eed8                USBD_CDC_GetDeviceQualifierDescriptor
 .text.USBD_CDC_RegisterInterface
                0x000000000800eef8       0x2a ./Middlewares/ST/STM32_USB_Device_Library/Class/CDC/Src/usbd_cdc.o
                0x000000000800eef8                USBD_CDC_RegisterInterface
 .text.USBD_CDC_SetTxBuffer
                0x000000000800ef22       0x3c ./Middlewares/ST/STM32_USB_Device_Library/Class/CDC/Src/usbd_cdc.o
                0x000000000800ef22                USBD_CDC_SetTxBuffer
 .text.USBD_CDC_SetRxBuffer
                0x000000000800ef5e       0x32 ./Middlewares/ST/STM32_USB_Device_Library/Class/CDC/Src/usbd_cdc.o
                0x000000000800ef5e                USBD_CDC_SetRxBuffer
 .text.USBD_CDC_TransmitPacket
                0x000000000800ef90       0x60 ./Middlewares/ST/STM32_USB_Device_Library/Class/CDC/Src/usbd_cdc.o
                0x000000000800ef90                USBD_CDC_TransmitPacket
 .text.USBD_CDC_ReceivePacket
                0x000000000800eff0       0x54 ./Middlewares/ST/STM32_USB_Device_Library/Class/CDC/Src/usbd_cdc.o
                0x000000000800eff0                USBD_CDC_ReceivePacket
 .text.USBD_Init
                0x000000000800f044       0x60 ./Middlewares/ST/STM32_USB_Device_Library/Core/Src/usbd_core.o
                0x000000000800f044                USBD_Init
 .text.USBD_RegisterClass
                0x000000000800f0a4       0x4e ./Middlewares/ST/STM32_USB_Device_Library/Core/Src/usbd_core.o
                0x000000000800f0a4                USBD_RegisterClass
 .text.USBD_Start
                0x000000000800f0f2       0x18 ./Middlewares/ST/STM32_USB_Device_Library/Core/Src/usbd_core.o
                0x000000000800f0f2                USBD_Start
 .text.USBD_RunTestMode
                0x000000000800f10a       0x16 ./Middlewares/ST/STM32_USB_Device_Library/Core/Src/usbd_core.o
                0x000000000800f10a                USBD_RunTestMode
 .text.USBD_SetClassConfig
                0x000000000800f120       0x38 ./Middlewares/ST/STM32_USB_Device_Library/Core/Src/usbd_core.o
                0x000000000800f120                USBD_SetClassConfig
 .text.USBD_ClrClassConfig
                0x000000000800f158       0x30 ./Middlewares/ST/STM32_USB_Device_Library/Core/Src/usbd_core.o
                0x000000000800f158                USBD_ClrClassConfig
 .text.USBD_LL_SetupStage
                0x000000000800f188       0xaa ./Middlewares/ST/STM32_USB_Device_Library/Core/Src/usbd_core.o
                0x000000000800f188                USBD_LL_SetupStage
 .text.USBD_LL_DataOutStage
                0x000000000800f232       0xc6 ./Middlewares/ST/STM32_USB_Device_Library/Core/Src/usbd_core.o
                0x000000000800f232                USBD_LL_DataOutStage
 .text.USBD_LL_DataInStage
                0x000000000800f2f8      0x12c ./Middlewares/ST/STM32_USB_Device_Library/Core/Src/usbd_core.o
                0x000000000800f2f8                USBD_LL_DataInStage
 .text.USBD_LL_Reset
                0x000000000800f424       0x9c ./Middlewares/ST/STM32_USB_Device_Library/Core/Src/usbd_core.o
                0x000000000800f424                USBD_LL_Reset
 .text.USBD_LL_SetSpeed
                0x000000000800f4c0       0x20 ./Middlewares/ST/STM32_USB_Device_Library/Core/Src/usbd_core.o
                0x000000000800f4c0                USBD_LL_SetSpeed
 .text.USBD_LL_Suspend
                0x000000000800f4e0       0x2c ./Middlewares/ST/STM32_USB_Device_Library/Core/Src/usbd_core.o
                0x000000000800f4e0                USBD_LL_Suspend
 .text.USBD_LL_Resume
                0x000000000800f50c       0x30 ./Middlewares/ST/STM32_USB_Device_Library/Core/Src/usbd_core.o
                0x000000000800f50c                USBD_LL_Resume
 .text.USBD_LL_SOF
                0x000000000800f53c       0x44 ./Middlewares/ST/STM32_USB_Device_Library/Core/Src/usbd_core.o
                0x000000000800f53c                USBD_LL_SOF
 .text.USBD_LL_IsoINIncomplete
                0x000000000800f580       0x4c ./Middlewares/ST/STM32_USB_Device_Library/Core/Src/usbd_core.o
                0x000000000800f580                USBD_LL_IsoINIncomplete
 .text.USBD_LL_IsoOUTIncomplete
                0x000000000800f5cc       0x4c ./Middlewares/ST/STM32_USB_Device_Library/Core/Src/usbd_core.o
                0x000000000800f5cc                USBD_LL_IsoOUTIncomplete
 .text.USBD_LL_DevConnected
                0x000000000800f618       0x16 ./Middlewares/ST/STM32_USB_Device_Library/Core/Src/usbd_core.o
                0x000000000800f618                USBD_LL_DevConnected
 .text.USBD_LL_DevDisconnected
                0x000000000800f62e       0x38 ./Middlewares/ST/STM32_USB_Device_Library/Core/Src/usbd_core.o
                0x000000000800f62e                USBD_LL_DevDisconnected
 .text.SWAPBYTE
                0x000000000800f666       0x3c ./Middlewares/ST/STM32_USB_Device_Library/Core/Src/usbd_ctlreq.o
 *fill*         0x000000000800f6a2        0x2 
 .text.USBD_StdDevReq
                0x000000000800f6a4       0xdc ./Middlewares/ST/STM32_USB_Device_Library/Core/Src/usbd_ctlreq.o
                0x000000000800f6a4                USBD_StdDevReq
 .text.USBD_StdItfReq
                0x000000000800f780       0x92 ./Middlewares/ST/STM32_USB_Device_Library/Core/Src/usbd_ctlreq.o
                0x000000000800f780                USBD_StdItfReq
 .text.USBD_StdEPReq
                0x000000000800f812      0x2c4 ./Middlewares/ST/STM32_USB_Device_Library/Core/Src/usbd_ctlreq.o
                0x000000000800f812                USBD_StdEPReq
 *fill*         0x000000000800fad6        0x2 
 .text.USBD_GetDescriptor
                0x000000000800fad8      0x2d4 ./Middlewares/ST/STM32_USB_Device_Library/Core/Src/usbd_ctlreq.o
 .text.USBD_SetAddress
                0x000000000800fdac       0x88 ./Middlewares/ST/STM32_USB_Device_Library/Core/Src/usbd_ctlreq.o
 .text.USBD_SetConfig
                0x000000000800fe34      0x14c ./Middlewares/ST/STM32_USB_Device_Library/Core/Src/usbd_ctlreq.o
 .text.USBD_GetConfig
                0x000000000800ff80       0x6c ./Middlewares/ST/STM32_USB_Device_Library/Core/Src/usbd_ctlreq.o
 .text.USBD_GetStatus
                0x000000000800ffec       0x68 ./Middlewares/ST/STM32_USB_Device_Library/Core/Src/usbd_ctlreq.o
 .text.USBD_SetFeature
                0x0000000008010054       0x28 ./Middlewares/ST/STM32_USB_Device_Library/Core/Src/usbd_ctlreq.o
 .text.USBD_ClrFeature
                0x000000000801007c       0x44 ./Middlewares/ST/STM32_USB_Device_Library/Core/Src/usbd_ctlreq.o
 .text.USBD_ParseSetupRequest
                0x00000000080100c0       0x74 ./Middlewares/ST/STM32_USB_Device_Library/Core/Src/usbd_ctlreq.o
                0x00000000080100c0                USBD_ParseSetupRequest
 .text.USBD_CtlError
                0x0000000008010134       0x22 ./Middlewares/ST/STM32_USB_Device_Library/Core/Src/usbd_ctlreq.o
                0x0000000008010134                USBD_CtlError
 .text.USBD_GetString
                0x0000000008010156       0x8c ./Middlewares/ST/STM32_USB_Device_Library/Core/Src/usbd_ctlreq.o
                0x0000000008010156                USBD_GetString
 .text.USBD_GetLen
                0x00000000080101e2       0x34 ./Middlewares/ST/STM32_USB_Device_Library/Core/Src/usbd_ctlreq.o
 .text.USBD_CtlSendData
                0x0000000008010216       0x36 ./Middlewares/ST/STM32_USB_Device_Library/Core/Src/usbd_ioreq.o
                0x0000000008010216                USBD_CtlSendData
 .text.USBD_CtlContinueSendData
                0x000000000801024c       0x22 ./Middlewares/ST/STM32_USB_Device_Library/Core/Src/usbd_ioreq.o
                0x000000000801024c                USBD_CtlContinueSendData
 .text.USBD_CtlPrepareRx
                0x000000000801026e       0x3a ./Middlewares/ST/STM32_USB_Device_Library/Core/Src/usbd_ioreq.o
                0x000000000801026e                USBD_CtlPrepareRx
 .text.USBD_CtlContinueRx
                0x00000000080102a8       0x22 ./Middlewares/ST/STM32_USB_Device_Library/Core/Src/usbd_ioreq.o
                0x00000000080102a8                USBD_CtlContinueRx
 .text.USBD_CtlSendStatus
                0x00000000080102ca       0x26 ./Middlewares/ST/STM32_USB_Device_Library/Core/Src/usbd_ioreq.o
                0x00000000080102ca                USBD_CtlSendStatus
 .text.USBD_CtlReceiveStatus
                0x00000000080102f0       0x26 ./Middlewares/ST/STM32_USB_Device_Library/Core/Src/usbd_ioreq.o
                0x00000000080102f0                USBD_CtlReceiveStatus
 *fill*         0x0000000008010316        0x2 
 .text.MX_USB_DEVICE_Init
                0x0000000008010318       0x60 ./USB_DEVICE/App/usb_device.o
                0x0000000008010318                MX_USB_DEVICE_Init
 .text.CDC_Init_FS
                0x0000000008010378       0x28 ./USB_DEVICE/App/usbd_cdc_if.o
 .text.CDC_DeInit_FS
                0x00000000080103a0       0x10 ./USB_DEVICE/App/usbd_cdc_if.o
 .text.CDC_Control_FS
                0x00000000080103b0       0xbc ./USB_DEVICE/App/usbd_cdc_if.o
 .text.CDC_Receive_FS
                0x000000000801046c       0x28 ./USB_DEVICE/App/usbd_cdc_if.o
 .text.CDC_Transmit_FS
                0x0000000008010494       0x4c ./USB_DEVICE/App/usbd_cdc_if.o
                0x0000000008010494                CDC_Transmit_FS
 .text.CDC_TransmitCplt_FS
                0x00000000080104e0       0x22 ./USB_DEVICE/App/usbd_cdc_if.o
 *fill*         0x0000000008010502        0x2 
 .text.USBD_FS_DeviceDescriptor
                0x0000000008010504       0x24 ./USB_DEVICE/App/usbd_desc.o
                0x0000000008010504                USBD_FS_DeviceDescriptor
 .text.USBD_FS_LangIDStrDescriptor
                0x0000000008010528       0x24 ./USB_DEVICE/App/usbd_desc.o
                0x0000000008010528                USBD_FS_LangIDStrDescriptor
 .text.USBD_FS_ProductStrDescriptor
                0x000000000801054c       0x3c ./USB_DEVICE/App/usbd_desc.o
                0x000000000801054c                USBD_FS_ProductStrDescriptor
 .text.USBD_FS_ManufacturerStrDescriptor
                0x0000000008010588       0x28 ./USB_DEVICE/App/usbd_desc.o
                0x0000000008010588                USBD_FS_ManufacturerStrDescriptor
 .text.USBD_FS_SerialStrDescriptor
                0x00000000080105b0       0x24 ./USB_DEVICE/App/usbd_desc.o
                0x00000000080105b0                USBD_FS_SerialStrDescriptor
 .text.USBD_FS_ConfigStrDescriptor
                0x00000000080105d4       0x3c ./USB_DEVICE/App/usbd_desc.o
                0x00000000080105d4                USBD_FS_ConfigStrDescriptor
 .text.USBD_FS_InterfaceStrDescriptor
                0x0000000008010610       0x3c ./USB_DEVICE/App/usbd_desc.o
                0x0000000008010610                USBD_FS_InterfaceStrDescriptor
 .text.Get_SerialNum
                0x000000000801064c       0x58 ./USB_DEVICE/App/usbd_desc.o
 .text.IntToUnicode
                0x00000000080106a4       0x7e ./USB_DEVICE/App/usbd_desc.o
 *fill*         0x0000000008010722        0x2 
 .text.HAL_PCD_MspInit
                0x0000000008010724       0xc4 ./USB_DEVICE/Target/usbd_conf.o
                0x0000000008010724                HAL_PCD_MspInit
 .text.HAL_PCD_SetupStageCallback
                0x00000000080107e8       0x24 ./USB_DEVICE/Target/usbd_conf.o
                0x00000000080107e8                HAL_PCD_SetupStageCallback
 .text.HAL_PCD_DataOutStageCallback
                0x000000000801080c       0x36 ./USB_DEVICE/Target/usbd_conf.o
                0x000000000801080c                HAL_PCD_DataOutStageCallback
 .text.HAL_PCD_DataInStageCallback
                0x0000000008010842       0x34 ./USB_DEVICE/Target/usbd_conf.o
                0x0000000008010842                HAL_PCD_DataInStageCallback
 .text.HAL_PCD_SOFCallback
                0x0000000008010876       0x1c ./USB_DEVICE/Target/usbd_conf.o
                0x0000000008010876                HAL_PCD_SOFCallback
 .text.HAL_PCD_ResetCallback
                0x0000000008010892       0x3c ./USB_DEVICE/Target/usbd_conf.o
                0x0000000008010892                HAL_PCD_ResetCallback
 *fill*         0x00000000080108ce        0x2 
 .text.HAL_PCD_SuspendCallback
                0x00000000080108d0       0x4c ./USB_DEVICE/Target/usbd_conf.o
                0x00000000080108d0                HAL_PCD_SuspendCallback
 .text.HAL_PCD_ResumeCallback
                0x000000000801091c       0x1c ./USB_DEVICE/Target/usbd_conf.o
                0x000000000801091c                HAL_PCD_ResumeCallback
 .text.HAL_PCD_ISOOUTIncompleteCallback
                0x0000000008010938       0x24 ./USB_DEVICE/Target/usbd_conf.o
                0x0000000008010938                HAL_PCD_ISOOUTIncompleteCallback
 .text.HAL_PCD_ISOINIncompleteCallback
                0x000000000801095c       0x24 ./USB_DEVICE/Target/usbd_conf.o
                0x000000000801095c                HAL_PCD_ISOINIncompleteCallback
 .text.HAL_PCD_ConnectCallback
                0x0000000008010980       0x1c ./USB_DEVICE/Target/usbd_conf.o
                0x0000000008010980                HAL_PCD_ConnectCallback
 .text.HAL_PCD_DisconnectCallback
                0x000000000801099c       0x1c ./USB_DEVICE/Target/usbd_conf.o
                0x000000000801099c                HAL_PCD_DisconnectCallback
 .text.USBD_LL_Init
                0x00000000080109b8       0x98 ./USB_DEVICE/Target/usbd_conf.o
                0x00000000080109b8                USBD_LL_Init
 .text.USBD_LL_Start
                0x0000000008010a50       0x36 ./USB_DEVICE/Target/usbd_conf.o
                0x0000000008010a50                USBD_LL_Start
 .text.USBD_LL_OpenEP
                0x0000000008010a86       0x4c ./USB_DEVICE/Target/usbd_conf.o
                0x0000000008010a86                USBD_LL_OpenEP
 .text.USBD_LL_CloseEP
                0x0000000008010ad2       0x3e ./USB_DEVICE/Target/usbd_conf.o
                0x0000000008010ad2                USBD_LL_CloseEP
 .text.USBD_LL_StallEP
                0x0000000008010b10       0x3e ./USB_DEVICE/Target/usbd_conf.o
                0x0000000008010b10                USBD_LL_StallEP
 .text.USBD_LL_ClearStallEP
                0x0000000008010b4e       0x3e ./USB_DEVICE/Target/usbd_conf.o
                0x0000000008010b4e                USBD_LL_ClearStallEP
 .text.USBD_LL_IsStallEP
                0x0000000008010b8c       0x58 ./USB_DEVICE/Target/usbd_conf.o
                0x0000000008010b8c                USBD_LL_IsStallEP
 .text.USBD_LL_SetUSBAddress
                0x0000000008010be4       0x3e ./USB_DEVICE/Target/usbd_conf.o
                0x0000000008010be4                USBD_LL_SetUSBAddress
 .text.USBD_LL_Transmit
                0x0000000008010c22       0x42 ./USB_DEVICE/Target/usbd_conf.o
                0x0000000008010c22                USBD_LL_Transmit
 .text.USBD_LL_PrepareReceive
                0x0000000008010c64       0x42 ./USB_DEVICE/Target/usbd_conf.o
                0x0000000008010c64                USBD_LL_PrepareReceive
 .text.USBD_LL_GetRxDataSize
                0x0000000008010ca6       0x26 ./USB_DEVICE/Target/usbd_conf.o
                0x0000000008010ca6                USBD_LL_GetRxDataSize
 .text.USBD_static_malloc
                0x0000000008010ccc       0x1c ./USB_DEVICE/Target/usbd_conf.o
                0x0000000008010ccc                USBD_static_malloc
 .text.USBD_static_free
                0x0000000008010ce8       0x14 ./USB_DEVICE/Target/usbd_conf.o
                0x0000000008010ce8                USBD_static_free
 .text.USBD_Get_USB_Status
                0x0000000008010cfc       0x58 ./USB_DEVICE/Target/usbd_conf.o
                0x0000000008010cfc                USBD_Get_USB_Status
 .text.__errno  0x0000000008010d54        0xc d:/windowsprograms/stm32cube/stm32cubeide_1.7.0/stm32cubeide/plugins/com.st.stm32cube.ide.mcu.externaltools.gnu-tools-for-stm32.9-2020-q2-update.win32_2.0.0.202105311346/tools/bin/../lib/gcc/arm-none-eabi/9.3.1/../../../../arm-none-eabi/lib/thumb/v7e-m+fp/hard\libc_nano.a(lib_a-errno.o)
                0x0000000008010d54                __errno
 .text.__libc_init_array
                0x0000000008010d60       0x48 d:/windowsprograms/stm32cube/stm32cubeide_1.7.0/stm32cubeide/plugins/com.st.stm32cube.ide.mcu.externaltools.gnu-tools-for-stm32.9-2020-q2-update.win32_2.0.0.202105311346/tools/bin/../lib/gcc/arm-none-eabi/9.3.1/../../../../arm-none-eabi/lib/thumb/v7e-m+fp/hard\libc_nano.a(lib_a-init.o)
                0x0000000008010d60                __libc_init_array
 .text.memcpy   0x0000000008010da8       0x1c d:/windowsprograms/stm32cube/stm32cubeide_1.7.0/stm32cubeide/plugins/com.st.stm32cube.ide.mcu.externaltools.gnu-tools-for-stm32.9-2020-q2-update.win32_2.0.0.202105311346/tools/bin/../lib/gcc/arm-none-eabi/9.3.1/../../../../arm-none-eabi/lib/thumb/v7e-m+fp/hard\libc_nano.a(lib_a-memcpy-stub.o)
                0x0000000008010da8                memcpy
 .text.memset   0x0000000008010dc4       0x10 d:/windowsprograms/stm32cube/stm32cubeide_1.7.0/stm32cubeide/plugins/com.st.stm32cube.ide.mcu.externaltools.gnu-tools-for-stm32.9-2020-q2-update.win32_2.0.0.202105311346/tools/bin/../lib/gcc/arm-none-eabi/9.3.1/../../../../arm-none-eabi/lib/thumb/v7e-m+fp/hard\libc_nano.a(lib_a-memset.o)
                0x0000000008010dc4                memset
 *fill*         0x0000000008010dd4        0x4 
 .text.cos      0x0000000008010dd8       0xa0 d:/windowsprograms/stm32cube/stm32cubeide_1.7.0/stm32cubeide/plugins/com.st.stm32cube.ide.mcu.externaltools.gnu-tools-for-stm32.9-2020-q2-update.win32_2.0.0.202105311346/tools/bin/../lib/gcc/arm-none-eabi/9.3.1/../../../../arm-none-eabi/lib/thumb/v7e-m+fp/hard\libm.a(lib_a-s_cos.o)
                0x0000000008010dd8                cos
 .text.sin      0x0000000008010e78       0xa8 d:/windowsprograms/stm32cube/stm32cubeide_1.7.0/stm32cubeide/plugins/com.st.stm32cube.ide.mcu.externaltools.gnu-tools-for-stm32.9-2020-q2-update.win32_2.0.0.202105311346/tools/bin/../lib/gcc/arm-none-eabi/9.3.1/../../../../arm-none-eabi/lib/thumb/v7e-m+fp/hard\libm.a(lib_a-s_sin.o)
                0x0000000008010e78                sin
 .text.asin     0x0000000008010f20       0x74 d:/windowsprograms/stm32cube/stm32cubeide_1.7.0/stm32cubeide/plugins/com.st.stm32cube.ide.mcu.externaltools.gnu-tools-for-stm32.9-2020-q2-update.win32_2.0.0.202105311346/tools/bin/../lib/gcc/arm-none-eabi/9.3.1/../../../../arm-none-eabi/lib/thumb/v7e-m+fp/hard\libm.a(lib_a-w_asin.o)
                0x0000000008010f20                asin
 .text.atan2    0x0000000008010f94        0x4 d:/windowsprograms/stm32cube/stm32cubeide_1.7.0/stm32cubeide/plugins/com.st.stm32cube.ide.mcu.externaltools.gnu-tools-for-stm32.9-2020-q2-update.win32_2.0.0.202105311346/tools/bin/../lib/gcc/arm-none-eabi/9.3.1/../../../../arm-none-eabi/lib/thumb/v7e-m+fp/hard\libm.a(lib_a-w_atan2.o)
                0x0000000008010f94                atan2
 .text.sqrt     0x0000000008010f98       0x68 d:/windowsprograms/stm32cube/stm32cubeide_1.7.0/stm32cubeide/plugins/com.st.stm32cube.ide.mcu.externaltools.gnu-tools-for-stm32.9-2020-q2-update.win32_2.0.0.202105311346/tools/bin/../lib/gcc/arm-none-eabi/9.3.1/../../../../arm-none-eabi/lib/thumb/v7e-m+fp/hard\libm.a(lib_a-w_sqrt.o)
                0x0000000008010f98                sqrt
 .text.__ieee754_asin
                0x0000000008011000      0x428 d:/windowsprograms/stm32cube/stm32cubeide_1.7.0/stm32cubeide/plugins/com.st.stm32cube.ide.mcu.externaltools.gnu-tools-for-stm32.9-2020-q2-update.win32_2.0.0.202105311346/tools/bin/../lib/gcc/arm-none-eabi/9.3.1/../../../../arm-none-eabi/lib/thumb/v7e-m+fp/hard\libm.a(lib_a-e_asin.o)
                0x0000000008011000                __ieee754_asin
 .text.__ieee754_atan2
                0x0000000008011428      0x194 d:/windowsprograms/stm32cube/stm32cubeide_1.7.0/stm32cubeide/plugins/com.st.stm32cube.ide.mcu.externaltools.gnu-tools-for-stm32.9-2020-q2-update.win32_2.0.0.202105311346/tools/bin/../lib/gcc/arm-none-eabi/9.3.1/../../../../arm-none-eabi/lib/thumb/v7e-m+fp/hard\libm.a(lib_a-e_atan2.o)
                0x0000000008011428                __ieee754_atan2
 *fill*         0x00000000080115bc        0x4 
 .text.__ieee754_rem_pio2
                0x00000000080115c0      0x414 d:/windowsprograms/stm32cube/stm32cubeide_1.7.0/stm32cubeide/plugins/com.st.stm32cube.ide.mcu.externaltools.gnu-tools-for-stm32.9-2020-q2-update.win32_2.0.0.202105311346/tools/bin/../lib/gcc/arm-none-eabi/9.3.1/../../../../arm-none-eabi/lib/thumb/v7e-m+fp/hard\libm.a(lib_a-e_rem_pio2.o)
                0x00000000080115c0                __ieee754_rem_pio2
 .text.__ieee754_sqrt
                0x00000000080119d4      0x168 d:/windowsprograms/stm32cube/stm32cubeide_1.7.0/stm32cubeide/plugins/com.st.stm32cube.ide.mcu.externaltools.gnu-tools-for-stm32.9-2020-q2-update.win32_2.0.0.202105311346/tools/bin/../lib/gcc/arm-none-eabi/9.3.1/../../../../arm-none-eabi/lib/thumb/v7e-m+fp/hard\libm.a(lib_a-e_sqrt.o)
                0x00000000080119d4                __ieee754_sqrt
 *fill*         0x0000000008011b3c        0x4 
 .text.__kernel_cos
                0x0000000008011b40      0x18c d:/windowsprograms/stm32cube/stm32cubeide_1.7.0/stm32cubeide/plugins/com.st.stm32cube.ide.mcu.externaltools.gnu-tools-for-stm32.9-2020-q2-update.win32_2.0.0.202105311346/tools/bin/../lib/gcc/arm-none-eabi/9.3.1/../../../../arm-none-eabi/lib/thumb/v7e-m+fp/hard\libm.a(lib_a-k_cos.o)
                0x0000000008011b40                __kernel_cos
 *fill*         0x0000000008011ccc        0x4 
 .text.__kernel_rem_pio2
                0x0000000008011cd0      0x680 d:/windowsprograms/stm32cube/stm32cubeide_1.7.0/stm32cubeide/plugins/com.st.stm32cube.ide.mcu.externaltools.gnu-tools-for-stm32.9-2020-q2-update.win32_2.0.0.202105311346/tools/bin/../lib/gcc/arm-none-eabi/9.3.1/../../../../arm-none-eabi/lib/thumb/v7e-m+fp/hard\libm.a(lib_a-k_rem_pio2.o)
                0x0000000008011cd0                __kernel_rem_pio2
 .text.__kernel_sin
                0x0000000008012350      0x17c d:/windowsprograms/stm32cube/stm32cubeide_1.7.0/stm32cubeide/plugins/com.st.stm32cube.ide.mcu.externaltools.gnu-tools-for-stm32.9-2020-q2-update.win32_2.0.0.202105311346/tools/bin/../lib/gcc/arm-none-eabi/9.3.1/../../../../arm-none-eabi/lib/thumb/v7e-m+fp/hard\libm.a(lib_a-k_sin.o)
                0x0000000008012350                __kernel_sin
 *fill*         0x00000000080124cc        0x4 
 .text.atan     0x00000000080124d0      0x340 d:/windowsprograms/stm32cube/stm32cubeide_1.7.0/stm32cubeide/plugins/com.st.stm32cube.ide.mcu.externaltools.gnu-tools-for-stm32.9-2020-q2-update.win32_2.0.0.202105311346/tools/bin/../lib/gcc/arm-none-eabi/9.3.1/../../../../arm-none-eabi/lib/thumb/v7e-m+fp/hard\libm.a(lib_a-s_atan.o)
                0x00000000080124d0                atan
 .text.fabs     0x0000000008012810       0x12 d:/windowsprograms/stm32cube/stm32cubeide_1.7.0/stm32cubeide/plugins/com.st.stm32cube.ide.mcu.externaltools.gnu-tools-for-stm32.9-2020-q2-update.win32_2.0.0.202105311346/tools/bin/../lib/gcc/arm-none-eabi/9.3.1/../../../../arm-none-eabi/lib/thumb/v7e-m+fp/hard\libm.a(lib_a-s_fabs.o)
                0x0000000008012810                fabs
 *fill*         0x0000000008012822        0x6 
 .text.floor    0x0000000008012828      0x100 d:/windowsprograms/stm32cube/stm32cubeide_1.7.0/stm32cubeide/plugins/com.st.stm32cube.ide.mcu.externaltools.gnu-tools-for-stm32.9-2020-q2-update.win32_2.0.0.202105311346/tools/bin/../lib/gcc/arm-none-eabi/9.3.1/../../../../arm-none-eabi/lib/thumb/v7e-m+fp/hard\libm.a(lib_a-s_floor.o)
                0x0000000008012828                floor
 .text.nan      0x0000000008012928       0x10 d:/windowsprograms/stm32cube/stm32cubeide_1.7.0/stm32cubeide/plugins/com.st.stm32cube.ide.mcu.externaltools.gnu-tools-for-stm32.9-2020-q2-update.win32_2.0.0.202105311346/tools/bin/../lib/gcc/arm-none-eabi/9.3.1/../../../../arm-none-eabi/lib/thumb/v7e-m+fp/hard\libm.a(lib_a-s_nan.o)
                0x0000000008012928                nan
 .text.scalbn   0x0000000008012938      0x10c d:/windowsprograms/stm32cube/stm32cubeide_1.7.0/stm32cubeide/plugins/com.st.stm32cube.ide.mcu.externaltools.gnu-tools-for-stm32.9-2020-q2-update.win32_2.0.0.202105311346/tools/bin/../lib/gcc/arm-none-eabi/9.3.1/../../../../arm-none-eabi/lib/thumb/v7e-m+fp/hard\libm.a(lib_a-s_scalbn.o)
                0x0000000008012938                scalbn
 *(.glue_7)
 .glue_7        0x0000000008012a44        0x0 linker stubs
 *(.glue_7t)
 .glue_7t       0x0000000008012a44        0x0 linker stubs
 *(.eh_frame)
 .eh_frame      0x0000000008012a44        0x0 d:/windowsprograms/stm32cube/stm32cubeide_1.7.0/stm32cubeide/plugins/com.st.stm32cube.ide.mcu.externaltools.gnu-tools-for-stm32.9-2020-q2-update.win32_2.0.0.202105311346/tools/bin/../lib/gcc/arm-none-eabi/9.3.1/thumb/v7e-m+fp/hard/crtbegin.o
 *(.init)
 .init          0x0000000008012a44        0x4 d:/windowsprograms/stm32cube/stm32cubeide_1.7.0/stm32cubeide/plugins/com.st.stm32cube.ide.mcu.externaltools.gnu-tools-for-stm32.9-2020-q2-update.win32_2.0.0.202105311346/tools/bin/../lib/gcc/arm-none-eabi/9.3.1/thumb/v7e-m+fp/hard/crti.o
                0x0000000008012a44                _init
 .init          0x0000000008012a48        0x8 d:/windowsprograms/stm32cube/stm32cubeide_1.7.0/stm32cubeide/plugins/com.st.stm32cube.ide.mcu.externaltools.gnu-tools-for-stm32.9-2020-q2-update.win32_2.0.0.202105311346/tools/bin/../lib/gcc/arm-none-eabi/9.3.1/thumb/v7e-m+fp/hard/crtn.o
 *(.fini)
 .fini          0x0000000008012a50        0x4 d:/windowsprograms/stm32cube/stm32cubeide_1.7.0/stm32cubeide/plugins/com.st.stm32cube.ide.mcu.externaltools.gnu-tools-for-stm32.9-2020-q2-update.win32_2.0.0.202105311346/tools/bin/../lib/gcc/arm-none-eabi/9.3.1/thumb/v7e-m+fp/hard/crti.o
                0x0000000008012a50                _fini
 .fini          0x0000000008012a54        0x8 d:/windowsprograms/stm32cube/stm32cubeide_1.7.0/stm32cubeide/plugins/com.st.stm32cube.ide.mcu.externaltools.gnu-tools-for-stm32.9-2020-q2-update.win32_2.0.0.202105311346/tools/bin/../lib/gcc/arm-none-eabi/9.3.1/thumb/v7e-m+fp/hard/crtn.o
                0x0000000008012a5c                . = ALIGN (0x4)
                0x0000000008012a5c                _etext = .

.vfp11_veneer   0x0000000008012a5c        0x0
 .vfp11_veneer  0x0000000008012a5c        0x0 linker stubs

.v4_bx          0x0000000008012a5c        0x0
 .v4_bx         0x0000000008012a5c        0x0 linker stubs

.iplt           0x0000000008012a5c        0x0
 .iplt          0x0000000008012a5c        0x0 d:/windowsprograms/stm32cube/stm32cubeide_1.7.0/stm32cubeide/plugins/com.st.stm32cube.ide.mcu.externaltools.gnu-tools-for-stm32.9-2020-q2-update.win32_2.0.0.202105311346/tools/bin/../lib/gcc/arm-none-eabi/9.3.1/thumb/v7e-m+fp/hard/crtbegin.o

.rodata         0x0000000008012a60      0x338
                0x0000000008012a60                . = ALIGN (0x4)
 *(.rodata)
 .rodata        0x0000000008012a60       0x51 ./Core/Src/main.o
 *fill*         0x0000000008012ab1        0x3 
 .rodata        0x0000000008012ab4        0x6 ./Core/Src/nrf24.o
 *fill*         0x0000000008012aba        0x2 
 .rodata        0x0000000008012abc        0x5 ./FreeRTOS/Source/tasks.o
 *fill*         0x0000000008012ac1        0x3 
 .rodata        0x0000000008012ac4        0xd ./FreeRTOS/Source/timers.o
 *fill*         0x0000000008012ad1        0x3 
 .rodata        0x0000000008012ad4       0x3e ./USB_DEVICE/App/usbd_desc.o
 *(.rodata*)
 *fill*         0x0000000008012b12        0x2 
 .rodata.nRF24_ADDR.11278
                0x0000000008012b14        0x3 ./Core/Src/main.o
 *fill*         0x0000000008012b17        0x1 
 .rodata.nRF24_RX_PW_PIPE
                0x0000000008012b18        0x6 ./Core/Src/nrf24.o
 *fill*         0x0000000008012b1e        0x2 
 .rodata.nRF24_ADDR_REGS
                0x0000000008012b20        0x7 ./Core/Src/nrf24.o
 *fill*         0x0000000008012b27        0x1 
 .rodata.AHBPrescTable
                0x0000000008012b28       0x10 ./Core/Src/system_stm32f4xx.o
                0x0000000008012b28                AHBPrescTable
 .rodata.APBPrescTable
                0x0000000008012b38        0x8 ./Core/Src/system_stm32f4xx.o
                0x0000000008012b38                APBPrescTable
 .rodata.flagBitshiftOffset.8725
                0x0000000008012b40        0x8 ./Drivers/STM32F4xx_HAL_Driver/Src/stm32f4xx_hal_dma.o
 .rodata.asin.str1.1
                0x0000000008012b48        0x1 d:/windowsprograms/stm32cube/stm32cubeide_1.7.0/stm32cubeide/plugins/com.st.stm32cube.ide.mcu.externaltools.gnu-tools-for-stm32.9-2020-q2-update.win32_2.0.0.202105311346/tools/bin/../lib/gcc/arm-none-eabi/9.3.1/../../../../arm-none-eabi/lib/thumb/v7e-m+fp/hard\libm.a(lib_a-w_asin.o)
 *fill*         0x0000000008012b49        0x7 
 .rodata.CSWTCH.8
                0x0000000008012b50       0x18 d:/windowsprograms/stm32cube/stm32cubeide_1.7.0/stm32cubeide/plugins/com.st.stm32cube.ide.mcu.externaltools.gnu-tools-for-stm32.9-2020-q2-update.win32_2.0.0.202105311346/tools/bin/../lib/gcc/arm-none-eabi/9.3.1/../../../../arm-none-eabi/lib/thumb/v7e-m+fp/hard\libm.a(lib_a-e_atan2.o)
 .rodata.CSWTCH.9
                0x0000000008012b68       0x18 d:/windowsprograms/stm32cube/stm32cubeide_1.7.0/stm32cubeide/plugins/com.st.stm32cube.ide.mcu.externaltools.gnu-tools-for-stm32.9-2020-q2-update.win32_2.0.0.202105311346/tools/bin/../lib/gcc/arm-none-eabi/9.3.1/../../../../arm-none-eabi/lib/thumb/v7e-m+fp/hard\libm.a(lib_a-e_atan2.o)
 .rodata.npio2_hw
                0x0000000008012b80       0x80 d:/windowsprograms/stm32cube/stm32cubeide_1.7.0/stm32cubeide/plugins/com.st.stm32cube.ide.mcu.externaltools.gnu-tools-for-stm32.9-2020-q2-update.win32_2.0.0.202105311346/tools/bin/../lib/gcc/arm-none-eabi/9.3.1/../../../../arm-none-eabi/lib/thumb/v7e-m+fp/hard\libm.a(lib_a-e_rem_pio2.o)
 .rodata.two_over_pi
                0x0000000008012c00      0x108 d:/windowsprograms/stm32cube/stm32cubeide_1.7.0/stm32cubeide/plugins/com.st.stm32cube.ide.mcu.externaltools.gnu-tools-for-stm32.9-2020-q2-update.win32_2.0.0.202105311346/tools/bin/../lib/gcc/arm-none-eabi/9.3.1/../../../../arm-none-eabi/lib/thumb/v7e-m+fp/hard\libm.a(lib_a-e_rem_pio2.o)
 .rodata.PIo2   0x0000000008012d08       0x40 d:/windowsprograms/stm32cube/stm32cubeide_1.7.0/stm32cubeide/plugins/com.st.stm32cube.ide.mcu.externaltools.gnu-tools-for-stm32.9-2020-q2-update.win32_2.0.0.202105311346/tools/bin/../lib/gcc/arm-none-eabi/9.3.1/../../../../arm-none-eabi/lib/thumb/v7e-m+fp/hard\libm.a(lib_a-k_rem_pio2.o)
 .rodata.init_jk
                0x0000000008012d48       0x10 d:/windowsprograms/stm32cube/stm32cubeide_1.7.0/stm32cubeide/plugins/com.st.stm32cube.ide.mcu.externaltools.gnu-tools-for-stm32.9-2020-q2-update.win32_2.0.0.202105311346/tools/bin/../lib/gcc/arm-none-eabi/9.3.1/../../../../arm-none-eabi/lib/thumb/v7e-m+fp/hard\libm.a(lib_a-k_rem_pio2.o)
 .rodata.atanhi
                0x0000000008012d58       0x20 d:/windowsprograms/stm32cube/stm32cubeide_1.7.0/stm32cubeide/plugins/com.st.stm32cube.ide.mcu.externaltools.gnu-tools-for-stm32.9-2020-q2-update.win32_2.0.0.202105311346/tools/bin/../lib/gcc/arm-none-eabi/9.3.1/../../../../arm-none-eabi/lib/thumb/v7e-m+fp/hard\libm.a(lib_a-s_atan.o)
 .rodata.atanlo
                0x0000000008012d78       0x20 d:/windowsprograms/stm32cube/stm32cubeide_1.7.0/stm32cubeide/plugins/com.st.stm32cube.ide.mcu.externaltools.gnu-tools-for-stm32.9-2020-q2-update.win32_2.0.0.202105311346/tools/bin/../lib/gcc/arm-none-eabi/9.3.1/../../../../arm-none-eabi/lib/thumb/v7e-m+fp/hard\libm.a(lib_a-s_atan.o)
                0x0000000008012d98                . = ALIGN (0x4)

.ARM.extab      0x0000000008012d98        0x0
                0x0000000008012d98                . = ALIGN (0x4)
 *(.ARM.extab* .gnu.linkonce.armextab.*)