support.h:17:20:nRF24_CE_H	8	static
main.c:162:6:nRF24SetChip	8	static
main.c:179:6:inicilizirajCipe	8	static
main.c:197:7:normalize_v3f	32	static
main.c:204:6:speedControl	40	static
main.c:249:5:main	8	static
main.c:407:6:SystemClock_Config	88	static
main.c:451:13:MX_I2C1_Init	8	static
main.c:485:13:MX_I2S3_Init	8	static
main.c:519:13:MX_SPI1_Init	8	static
main.c:557:13:MX_SPI2_Init	8	static
main.c:595:13:MX_SPI5_Init	8	static
main.c:632:13:MX_TIM2_Init	64	static
main.c:699:13:MX_TIM3_Init	64	static
main.c:758:13:MX_TIM5_Init	32	static
main.c:801:13:MX_DMA_Init	16	static
main.c:822:13:MX_GPIO_Init	56	static
main.c:983:6:HAL_GPIO_EXTI_Callback	16	static
main.c:1023:6:HAL_SPI_TxRxCpltCallback	16	static
main.c:1043:6:StartCalculatingPoz	72	static
main.c:1145:6:StartRecivingCommandsNRF24	24	static
main.c:1193:6:StartMotorControl	16	static
main.c:1222:6:StartCalculatingPath	32	static
main.c:1251:6:HAL_TIM_PeriodElapsedCallback	16	static
main.c:1268:6:Error_Handler	8	static,ignoring_inline_asm
