support.h:17:20:nRF24_CE_H	8	static
main.c:239:6:nRF24SetChip	8	static
main.c:256:6:inicilizirajCipe	8	static
main.c:272:6:ifButtonPresed	16	static
main.c:295:7:normalize_v3f	32	static
main.c:302:9:zgladiMotor	16	static
main.c:315:6:speedControl	40	static
main.c:361:6:getDrift	40	static
main.c:393:5:main	8	static
main.c:551:6:SystemClock_Config	88	static
main.c:595:13:MX_I2C1_Init	8	static
main.c:629:13:MX_I2S3_Init	8	static
main.c:663:13:MX_SPI1_Init	8	static
main.c:701:13:MX_SPI2_Init	8	static
main.c:739:13:MX_SPI5_Init	8	static
main.c:776:13:MX_TIM2_Init	64	static
main.c:843:13:MX_TIM3_Init	64	static
main.c:902:13:MX_TIM5_Init	32	static
main.c:945:13:MX_DMA_Init	16	static
main.c:966:13:MX_GPIO_Init	56	static
main.c:1121:6:HAL_GPIO_EXTI_Callback	16	static
main.c:1161:6:HAL_SPI_TxRxCpltCallback	16	static
main.c:1181:6:StartCalculatingPoz	72	static
main.c:1283:6:StartRecivingCommandsNRF24	24	static
main.c:1331:6:StartMotorControl	16	static
main.c:1360:6:StartCalculatingPath	32	static
main.c:1385:6:HAL_TIM_PeriodElapsedCallback	16	static
main.c:1402:6:Error_Handler	8	static,ignoring_inline_asm
