support.h:17:20:nRF24_CE_H	8	static
main.c:224:6:nRF24SetChip	8	static
main.c:241:6:inicilizirajCipe	8	static
main.c:257:6:ifButtonPresed	16	static
main.c:280:7:normalize_v3f	32	static
main.c:287:9:zgladiMotor	16	static
main.c:300:6:speedControl	40	static
main.c:345:6:HAL_GPIO_EXTI_Callback	16	static
main.c:383:6:getDrift	40	static
main.c:415:5:main	8	static
main.c:567:6:SystemClock_Config	88	static
main.c:611:13:MX_I2C1_Init	8	static
main.c:645:13:MX_I2S3_Init	8	static
main.c:679:13:MX_SPI1_Init	8	static
main.c:717:13:MX_SPI2_Init	8	static
main.c:755:13:MX_SPI5_Init	8	static
main.c:792:13:MX_TIM2_Init	64	static
main.c:859:13:MX_TIM3_Init	64	static
main.c:918:13:MX_TIM5_Init	32	static
main.c:961:13:MX_DMA_Init	16	static
main.c:982:13:MX_GPIO_Init	56	static
main.c:1137:6:HAL_SPI_TxRxCpltCallback	16	static
main.c:1157:6:StartCalculatingPoz	72	static
main.c:1251:6:StartRecivingCommandsNRF24	24	static
main.c:1299:6:StartMotorControl	16	static
main.c:1329:6:HAL_TIM_PeriodElapsedCallback	16	static
main.c:1346:6:Error_Handler	8	static,ignoring_inline_asm
