stm32f4xx_it.c:74:6:NMI_Handler	4	static
stm32f4xx_it.c:89:6:HardFault_Handler	4	static
stm32f4xx_it.c:104:6:MemManage_Handler	4	static
stm32f4xx_it.c:119:6:BusFault_Handler	4	static
stm32f4xx_it.c:134:6:UsageFault_Handler	4	static
stm32f4xx_it.c:149:6:DebugMon_Handler	4	static
stm32f4xx_it.c:169:6:EXTI1_IRQHandler	8	static
stm32f4xx_it.c:183:6:EXTI2_IRQHandler	8	static
stm32f4xx_it.c:197:6:EXTI3_IRQHandler	8	static
stm32f4xx_it.c:211:6:EXTI4_IRQHandler	8	static
stm32f4xx_it.c:225:6:EXTI9_5_IRQHandler	8	static
stm32f4xx_it.c:241:6:TIM1_TRG_COM_TIM11_IRQHandler	8	static
stm32f4xx_it.c:255:6:TIM2_IRQHandler	8	static
stm32f4xx_it.c:269:6:EXTI15_10_IRQHandler	8	static
stm32f4xx_it.c:284:6:OTG_FS_IRQHandler	8	static
stm32f4xx_it.c:298:6:I2C3_EV_IRQHandler	8	static
