19:40:50 **** Clean-only build of configuration Debug for project IMU_debug ****
make -j12 clean 
rm -rf  IMU_debug.hex  default.size.stdout  IMU_debug.list  IMU_debug.elf  ./USB_DEVICE/Target/usbd_conf.o  ./USB_DEVICE/App/usb_device.o ./USB_DEVICE/App/usbd_cdc_if.o ./USB_DEVICE/App/usbd_desc.o  ./Middlewares/ST/STM32_USB_Device_Library/Core/Src/usbd_core.o ./Middlewares/ST/STM32_USB_Device_Library/Core/Src/usbd_ctlreq.o ./Middlewares/ST/STM32_USB_Device_Library/Core/Src/usbd_ioreq.o  ./Middlewares/ST/STM32_USB_Device_Library/Class/CDC/Src/usbd_cdc.o  ./Drivers/STM32F4xx_HAL_Driver/Src/stm32f4xx_hal.o ./Drivers/STM32F4xx_HAL_Driver/Src/stm32f4xx_hal_cortex.o ./Drivers/STM32F4xx_HAL_Driver/Src/stm32f4xx_hal_dma.o ./Drivers/STM32F4xx_HAL_Driver/Src/stm32f4xx_hal_dma_ex.o ./Drivers/STM32F4xx_HAL_Driver/Src/stm32f4xx_hal_exti.o ./Drivers/STM32F4xx_HAL_Driver/Src/stm32f4xx_hal_flash.o ./Drivers/STM32F4xx_HAL_Driver/Src/stm32f4xx_hal_flash_ex.o ./Drivers/STM32F4xx_HAL_Driver/Src/stm32f4xx_hal_flash_ramfunc.o ./Drivers/STM32F4xx_HAL_Driver/Src/stm32f4xx_hal_gpio.o ./Drivers/STM32F4xx_HAL_Driver/Src/stm32f4xx_hal_i2c.o ./Drivers/STM32F4xx_HAL_Driver/Src/stm32f4xx_hal_i2c_ex.o ./Drivers/STM32F4xx_HAL_Driver/Src/stm32f4xx_hal_pcd.o ./Drivers/STM32F4xx_HAL_Driver/Src/stm32f4xx_hal_pcd_ex.o ./Drivers/STM32F4xx_HAL_Driver/Src/stm32f4xx_hal_pwr.o ./Drivers/STM32F4xx_HAL_Driver/Src/stm32f4xx_hal_pwr_ex.o ./Drivers/STM32F4xx_HAL_Driver/Src/stm32f4xx_hal_rcc.o ./Drivers/STM32F4xx_HAL_Driver/Src/stm32f4xx_hal_rcc_ex.o ./Drivers/STM32F4xx_HAL_Driver/Src/stm32f4xx_hal_spi.o ./Drivers/STM32F4xx_HAL_Driver/Src/stm32f4xx_hal_tim.o ./Drivers/STM32F4xx_HAL_Driver/Src/stm32f4xx_hal_tim_ex.o ./Drivers/STM32F4xx_HAL_Driver/Src/stm32f4xx_ll_usb.o  ./Core/Startup/startup_stm32f411vetx.o  ./Core/Src/MadgwickAHRS.o ./Core/Src/main.o ./Core/Src/stm32f4xx_hal_msp.o ./Core/Src/stm32f4xx_it.o ./Core/Src/syscalls.o ./Core/Src/sysmem.o ./Core/Src/system_stm32f4xx.o  ./Core/Startup/startup_stm32f411vetx.d  ./USB_DEVICE/Target/usbd_conf.d  ./USB_DEVICE/App/usb_device.d ./USB_DEVICE/App/usbd_cdc_if.d ./USB_DEVICE/App/usbd_desc.d  ./Middlewares/ST/STM32_USB_Device_Library/Core/Src/usbd_core.d ./Middlewares/ST/STM32_USB_Device_Library/Core/Src/usbd_ctlreq.d ./Middlewares/ST/STM32_USB_Device_Library/Core/Src/usbd_ioreq.d  ./Middlewares/ST/STM32_USB_Device_Library/Class/CDC/Src/usbd_cdc.d  ./Drivers/STM32F4xx_HAL_Driver/Src/stm32f4xx_hal.d ./Drivers/STM32F4xx_HAL_Driver/Src/stm32f4xx_hal_cortex.d ./Drivers/STM32F4xx_HAL_Driver/Src/stm32f4xx_hal_dma.d ./Drivers/STM32F4xx_HAL_Driver/Src/stm32f4xx_hal_dma_ex.d ./Drivers/STM32F4xx_HAL_Driver/Src/stm32f4xx_hal_exti.d ./Drivers/STM32F4xx_HAL_Driver/Src/stm32f4xx_hal_flash.d ./Drivers/STM32F4xx_HAL_Driver/Src/stm32f4xx_hal_flash_ex.d ./Drivers/STM32F4xx_HAL_Driver/Src/stm32f4xx_hal_flash_ramfunc.d ./Drivers/STM32F4xx_HAL_Driver/Src/stm32f4xx_hal_gpio.d ./Drivers/STM32F4xx_HAL_Driver/Src/stm32f4xx_hal_i2c.d ./Drivers/STM32F4xx_HAL_Driver/Src/stm32f4xx_hal_i2c_ex.d ./Drivers/STM32F4xx_HAL_Driver/Src/stm32f4xx_hal_pcd.d ./Drivers/STM32F4xx_HAL_Driver/Src/stm32f4xx_hal_pcd_ex.d ./Drivers/STM32F4xx_HAL_Driver/Src/stm32f4xx_hal_pwr.d ./Drivers/STM32F4xx_HAL_Driver/Src/stm32f4xx_hal_pwr_ex.d ./Drivers/STM32F4xx_HAL_Driver/Src/stm32f4xx_hal_rcc.d ./Drivers/STM32F4xx_HAL_Driver/Src/stm32f4xx_hal_rcc_ex.d ./Drivers/STM32F4xx_HAL_Driver/Src/stm32f4xx_hal_spi.d ./Drivers/STM32F4xx_HAL_Driver/Src/stm32f4xx_hal_tim.d ./Drivers/STM32F4xx_HAL_Driver/Src/stm32f4xx_hal_tim_ex.d ./Drivers/STM32F4xx_HAL_Driver/Src/stm32f4xx_ll_usb.d  ./Core/Src/MadgwickAHRS.d ./Core/Src/main.d ./Core/Src/stm32f4xx_hal_msp.d ./Core/Src/stm32f4xx_it.d ./Core/Src/syscalls.d ./Core/Src/sysmem.d ./Core/Src/system_stm32f4xx.d  IMU_debug.bin  IMU_debug.elf
 
19:40:51 **** Build of configuration Debug for project IMU_debug ****
make -j12 all 
arm-none-eabi-gcc "../USB_DEVICE/Target/usbd_conf.c" -mcpu=cortex-m4 -std=gnu11 -g3 -DDEBUG -DUSE_HAL_DRIVER -DSTM32F411xE -c -I../USB_DEVICE/App -I../USB_DEVICE/Target -I../Core/Inc -I../Drivers/STM32F4xx_HAL_Driver/Inc -I../Drivers/STM32F4xx_HAL_Driver/Inc/Legacy -I../Middlewares/ST/STM32_USB_Device_Library/Core/Inc -I../Middlewares/ST/STM32_USB_Device_Library/Class/CDC/Inc -I../Drivers/CMSIS/Device/ST/STM32F4xx/Include -I../Drivers/CMSIS/Include -O0 -ffunction-sections -fdata-sections -Wall -fstack-usage -MMD -MP -MF"USB_DEVICE/Target/usbd_conf.d" -MT"USB_DEVICE/Target/usbd_conf.o" --specs=nano.specs -mfpu=fpv4-sp-d16 -mfloat-abi=hard -mthumb -o "USB_DEVICE/Target/usbd_conf.o"
arm-none-eabi-gcc "../USB_DEVICE/App/usb_device.c" -mcpu=cortex-m4 -std=gnu11 -g3 -DDEBUG -DUSE_HAL_DRIVER -DSTM32F411xE -c -I../USB_DEVICE/App -I../USB_DEVICE/Target -I../Core/Inc -I../Drivers/STM32F4xx_HAL_Driver/Inc -I../Drivers/STM32F4xx_HAL_Driver/Inc/Legacy -I../Middlewares/ST/STM32_USB_Device_Library/Core/Inc -I../Middlewares/ST/STM32_USB_Device_Library/Class/CDC/Inc -I../Drivers/CMSIS/Device/ST/STM32F4xx/Include -I../Drivers/CMSIS/Include -O0 -ffunction-sections -fdata-sections -Wall -fstack-usage -MMD -MP -MF"USB_DEVICE/App/usb_device.d" -MT"USB_DEVICE/App/usb_device.o" --specs=nano.specs -mfpu=fpv4-sp-d16 -mfloat-abi=hard -mthumb -o "USB_DEVICE/App/usb_device.o"
arm-none-eabi-gcc "../USB_DEVICE/App/usbd_cdc_if.c" -mcpu=cortex-m4 -std=gnu11 -g3 -DDEBUG -DUSE_HAL_DRIVER -DSTM32F411xE -c -I../USB_DEVICE/App -I../USB_DEVICE/Target -I../Core/Inc -I../Drivers/STM32F4xx_HAL_Driver/Inc -I../Drivers/STM32F4xx_HAL_Driver/Inc/Legacy -I../Middlewares/ST/STM32_USB_Device_Library/Core/Inc -I../Middlewares/ST/STM32_USB_Device_Library/Class/CDC/Inc -I../Drivers/CMSIS/Device/ST/STM32F4xx/Include -I../Drivers/CMSIS/Include -O0 -ffunction-sections -fdata-sections -Wall -fstack-usage -MMD -MP -MF"USB_DEVICE/App/usbd_cdc_if.d" -MT"USB_DEVICE/App/usbd_cdc_if.o" --specs=nano.specs -mfpu=fpv4-sp-d16 -mfloat-abi=hard -mthumb -o "USB_DEVICE/App/usbd_cdc_if.o"
arm-none-eabi-gcc "../USB_DEVICE/App/usbd_desc.c" -mcpu=cortex-m4 -std=gnu11 -g3 -DDEBUG -DUSE_HAL_DRIVER -DSTM32F411xE -c -I../USB_DEVICE/App -I../USB_DEVICE/Target -I../Core/Inc -I../Drivers/STM32F4xx_HAL_Driver/Inc -I../Drivers/STM32F4xx_HAL_Driver/Inc/Legacy -I../Middlewares/ST/STM32_USB_Device_Library/Core/Inc -I../Middlewares/ST/STM32_USB_Device_Library/Class/CDC/Inc -I../Drivers/CMSIS/Device/ST/STM32F4xx/Include -I../Drivers/CMSIS/Include -O0 -ffunction-sections -fdata-sections -Wall -fstack-usage -MMD -MP -MF"USB_DEVICE/App/usbd_desc.d" -MT"USB_DEVICE/App/usbd_desc.o" --specs=nano.specs -mfpu=fpv4-sp-d16 -mfloat-abi=hard -mthumb -o "USB_DEVICE/App/usbd_desc.o"
arm-none-eabi-gcc "../Middlewares/ST/STM32_USB_Device_Library/Core/Src/usbd_core.c" -mcpu=cortex-m4 -std=gnu11 -g3 -DDEBUG -DUSE_HAL_DRIVER -DSTM32F411xE -c -I../USB_DEVICE/App -I../USB_DEVICE/Target -I../Core/Inc -I../Drivers/STM32F4xx_HAL_Driver/Inc -I../Drivers/STM32F4xx_HAL_Driver/Inc/Legacy -I../Middlewares/ST/STM32_USB_Device_Library/Core/Inc -I../Middlewares/ST/STM32_USB_Device_Library/Class/CDC/Inc -I../Drivers/CMSIS/Device/ST/STM32F4xx/Include -I../Drivers/CMSIS/Include -O0 -ffunction-sections -fdata-sections -Wall -fstack-usage -MMD -MP -MF"Middlewares/ST/STM32_USB_Device_Library/Core/Src/usbd_core.d" -MT"Middlewares/ST/STM32_USB_Device_Library/Core/Src/usbd_core.o" --specs=nano.specs -mfpu=fpv4-sp-d16 -mfloat-abi=hard -mthumb -o "Middlewares/ST/STM32_USB_Device_Library/Core/Src/usbd_core.o"
arm-none-eabi-gcc "../Middlewares/ST/STM32_USB_Device_Library/Core/Src/usbd_ctlreq.c" -mcpu=cortex-m4 -std=gnu11 -g3 -DDEBUG -DUSE_HAL_DRIVER -DSTM32F411xE -c -I../USB_DEVICE/App -I../USB_DEVICE/Target -I../Core/Inc -I../Drivers/STM32F4xx_HAL_Driver/Inc -I../Drivers/STM32F4xx_HAL_Driver/Inc/Legacy -I../Middlewares/ST/STM32_USB_Device_Library/Core/Inc -I../Middlewares/ST/STM32_USB_Device_Library/Class/CDC/Inc -I../Drivers/CMSIS/Device/ST/STM32F4xx/Include -I../Drivers/CMSIS/Include -O0 -ffunction-sections -fdata-sections -Wall -fstack-usage -MMD -MP -MF"Middlewares/ST/STM32_USB_Device_Library/Core/Src/usbd_ctlreq.d" -MT"Middlewares/ST/STM32_USB_Device_Library/Core/Src/usbd_ctlreq.o" --specs=nano.specs -mfpu=fpv4-sp-d16 -mfloat-abi=hard -mthumb -o "Middlewares/ST/STM32_USB_Device_Library/Core/Src/usbd_ctlreq.o"
arm-none-eabi-gcc "../Middlewares/ST/STM32_USB_Device_Library/Core/Src/usbd_ioreq.c" -mcpu=cortex-m4 -std=gnu11 -g3 -DDEBUG -DUSE_HAL_DRIVER -DSTM32F411xE -c -I../USB_DEVICE/App -I../USB_DEVICE/Target -I../Core/Inc -I../Drivers/STM32F4xx_HAL_Driver/Inc -I../Drivers/STM32F4xx_HAL_Driver/Inc/Legacy -I../Middlewares/ST/STM32_USB_Device_Library/Core/Inc -I../Middlewares/ST/STM32_USB_Device_Library/Class/CDC/Inc -I../Drivers/CMSIS/Device/ST/STM32F4xx/Include -I../Drivers/CMSIS/Include -O0 -ffunction-sections -fdata-sections -Wall -fstack-usage -MMD -MP -MF"Middlewares/ST/STM32_USB_Device_Library/Core/Src/usbd_ioreq.d" -MT"Middlewares/ST/STM32_USB_Device_Library/Core/Src/usbd_ioreq.o" --specs=nano.specs -mfpu=fpv4-sp-d16 -mfloat-abi=hard -mthumb -o "Middlewares/ST/STM32_USB_Device_Library/Core/Src/usbd_ioreq.o"
arm-none-eabi-gcc "../Middlewares/ST/STM32_USB_Device_Library/Class/CDC/Src/usbd_cdc.c" -mcpu=cortex-m4 -std=gnu11 -g3 -DDEBUG -DUSE_HAL_DRIVER -DSTM32F411xE -c -I../USB_DEVICE/App -I../USB_DEVICE/Target -I../Core/Inc -I../Drivers/STM32F4xx_HAL_Driver/Inc -I../Drivers/STM32F4xx_HAL_Driver/Inc/Legacy -I../Middlewares/ST/STM32_USB_Device_Library/Core/Inc -I../Middlewares/ST/STM32_USB_Device_Library/Class/CDC/Inc -I../Drivers/CMSIS/Device/ST/STM32F4xx/Include -I../Drivers/CMSIS/Include -O0 -ffunction-sections -fdata-sections -Wall -fstack-usage -MMD -MP -MF"Middlewares/ST/STM32_USB_Device_Library/Class/CDC/Src/usbd_cdc.d" -MT"Middlewares/ST/STM32_USB_Device_Library/Class/CDC/Src/usbd_cdc.o" --specs=nano.specs -mfpu=fpv4-sp-d16 -mfloat-abi=hard -mthumb -o "Middlewares/ST/STM32_USB_Device_Library/Class/CDC/Src/usbd_cdc.o"
arm-none-eabi-gcc "../Drivers/STM32F4xx_HAL_Driver/Src/stm32f4xx_hal.c" -mcpu=cortex-m4 -std=gnu11 -g3 -DDEBUG -DUSE_HAL_DRIVER -DSTM32F411xE -c -I../USB_DEVICE/App -I../USB_DEVICE/Target -I../Core/Inc -I../Drivers/STM32F4xx_HAL_Driver/Inc -I../Drivers/STM32F4xx_HAL_Driver/Inc/Legacy -I../Middlewares/ST/STM32_USB_Device_Library/Core/Inc -I../Middlewares/ST/STM32_USB_Device_Library/Class/CDC/Inc -I../Drivers/CMSIS/Device/ST/STM32F4xx/Include -I../Drivers/CMSIS/Include -O0 -ffunction-sections -fdata-sections -Wall -fstack-usage -MMD -MP -MF"Drivers/STM32F4xx_HAL_Driver/Src/stm32f4xx_hal.d" -MT"Drivers/STM32F4xx_HAL_Driver/Src/stm32f4xx_hal.o" --specs=nano.specs -mfpu=fpv4-sp-d16 -mfloat-abi=hard -mthumb -o "Drivers/STM32F4xx_HAL_Driver/Src/stm32f4xx_hal.o"
arm-none-eabi-gcc "../Drivers/STM32F4xx_HAL_Driver/Src/stm32f4xx_hal_cortex.c" -mcpu=cortex-m4 -std=gnu11 -g3 -DDEBUG -DUSE_HAL_DRIVER -DSTM32F411xE -c -I../USB_DEVICE/App -I../USB_DEVICE/Target -I../Core/Inc -I../Drivers/STM32F4xx_HAL_Driver/Inc -I../Drivers/STM32F4xx_HAL_Driver/Inc/Legacy -I../Middlewares/ST/STM32_USB_Device_Library/Core/Inc -I../Middlewares/ST/STM32_USB_Device_Library/Class/CDC/Inc -I../Drivers/CMSIS/Device/ST/STM32F4xx/Include -I../Drivers/CMSIS/Include -O0 -ffunction-sections -fdata-sections -Wall -fstack-usage -MMD -MP -MF"Drivers/STM32F4xx_HAL_Driver/Src/stm32f4xx_hal_cortex.d" -MT"Drivers/STM32F4xx_HAL_Driver/Src/stm32f4xx_hal_cortex.o" --specs=nano.specs -mfpu=fpv4-sp-d16 -mfloat-abi=hard -mthumb -o "Drivers/STM32F4xx_HAL_Driver/Src/stm32f4xx_hal_cortex.o"
arm-none-eabi-gcc "../Drivers/STM32F4xx_HAL_Driver/Src/stm32f4xx_hal_dma.c" -mcpu=cortex-m4 -std=gnu11 -g3 -DDEBUG -DUSE_HAL_DRIVER -DSTM32F411xE -c -I../USB_DEVICE/App -I../USB_DEVICE/Target -I../Core/Inc -I../Drivers/STM32F4xx_HAL_Driver/Inc -I../Drivers/STM32F4xx_HAL_Driver/Inc/Legacy -I../Middlewares/ST/STM32_USB_Device_Library/Core/Inc -I../Middlewares/ST/STM32_USB_Device_Library/Class/CDC/Inc -I../Drivers/CMSIS/Device/ST/STM32F4xx/Include -I../Drivers/CMSIS/Include -O0 -ffunction-sections -fdata-sections -Wall -fstack-usage -MMD -MP -MF"Drivers/STM32F4xx_HAL_Driver/Src/stm32f4xx_hal_dma.d" -MT"Drivers/STM32F4xx_HAL_Driver/Src/stm32f4xx_hal_dma.o" --specs=nano.specs -mfpu=fpv4-sp-d16 -mfloat-abi=hard -mthumb -o "Drivers/STM32F4xx_HAL_Driver/Src/stm32f4xx_hal_dma.o"
arm-none-eabi-gcc "../Drivers/STM32F4xx_HAL_Driver/Src/stm32f4xx_hal_dma_ex.c" -mcpu=cortex-m4 -std=gnu11 -g3 -DDEBUG -DUSE_HAL_DRIVER -DSTM32F411xE -c -I../USB_DEVICE/App -I../USB_DEVICE/Target -I../Core/Inc -I../Drivers/STM32F4xx_HAL_Driver/Inc -I../Drivers/STM32F4xx_HAL_Driver/Inc/Legacy -I../Middlewares/ST/STM32_USB_Device_Library/Core/Inc -I../Middlewares/ST/STM32_USB_Device_Library/Class/CDC/Inc -I../Drivers/CMSIS/Device/ST/STM32F4xx/Include -I../Drivers/CMSIS/Include -O0 -ffunction-sections -fdata-sections -Wall -fstack-usage -MMD -MP -MF"Drivers/STM32F4xx_HAL_Driver/Src/stm32f4xx_hal_dma_ex.d" -MT"Drivers/STM32F4xx_HAL_Driver/Src/stm32f4xx_hal_dma_ex.o" --specs=nano.specs -mfpu=fpv4-sp-d16 -mfloat-abi=hard -mthumb -o "Drivers/STM32F4xx_HAL_Driver/Src/stm32f4xx_hal_dma_ex.o"
arm-none-eabi-gcc "../Drivers/STM32F4xx_HAL_Driver/Src/stm32f4xx_hal_exti.c" -mcpu=cortex-m4 -std=gnu11 -g3 -DDEBUG -DUSE_HAL_DRIVER -DSTM32F411xE -c -I../USB_DEVICE/App -I../USB_DEVICE/Target -I../Core/Inc -I../Drivers/STM32F4xx_HAL_Driver/Inc -I../Drivers/STM32F4xx_HAL_Driver/Inc/Legacy -I../Middlewares/ST/STM32_USB_Device_Library/Core/Inc -I../Middlewares/ST/STM32_USB_Device_Library/Class/CDC/Inc -I../Drivers/CMSIS/Device/ST/STM32F4xx/Include -I../Drivers/CMSIS/Include -O0 -ffunction-sections -fdata-sections -Wall -fstack-usage -MMD -MP -MF"Drivers/STM32F4xx_HAL_Driver/Src/stm32f4xx_hal_exti.d" -MT"Drivers/STM32F4xx_HAL_Driver/Src/stm32f4xx_hal_exti.o" --specs=nano.specs -mfpu=fpv4-sp-d16 -mfloat-abi=hard -mthumb -o "Drivers/STM32F4xx_HAL_Driver/Src/stm32f4xx_hal_exti.o"
arm-none-eabi-gcc "../Drivers/STM32F4xx_HAL_Driver/Src/stm32f4xx_hal_flash.c" -mcpu=cortex-m4 -std=gnu11 -g3 -DDEBUG -DUSE_HAL_DRIVER -DSTM32F411xE -c -I../USB_DEVICE/App -I../USB_DEVICE/Target -I../Core/Inc -I../Drivers/STM32F4xx_HAL_Driver/Inc -I../Drivers/STM32F4xx_HAL_Driver/Inc/Legacy -I../Middlewares/ST/STM32_USB_Device_Library/Core/Inc -I../Middlewares/ST/STM32_USB_Device_Library/Class/CDC/Inc -I../Drivers/CMSIS/Device/ST/STM32F4xx/Include -I../Drivers/CMSIS/Include -O0 -ffunction-sections -fdata-sections -Wall -fstack-usage -MMD -MP -MF"Drivers/STM32F4xx_HAL_Driver/Src/stm32f4xx_hal_flash.d" -MT"Drivers/STM32F4xx_HAL_Driver/Src/stm32f4xx_hal_flash.o" --specs=nano.specs -mfpu=fpv4-sp-d16 -mfloat-abi=hard -mthumb -o "Drivers/STM32F4xx_HAL_Driver/Src/stm32f4xx_hal_flash.o"
arm-none-eabi-gcc "../Drivers/STM32F4xx_HAL_Driver/Src/stm32f4xx_hal_flash_ex.c" -mcpu=cortex-m4 -std=gnu11 -g3 -DDEBUG -DUSE_HAL_DRIVER -DSTM32F411xE -c -I../USB_DEVICE/App -I../USB_DEVICE/Target -I../Core/Inc -I../Drivers/STM32F4xx_HAL_Driver/Inc -I../Drivers/STM32F4xx_HAL_Driver/Inc/Legacy -I../Middlewares/ST/STM32_USB_Device_Library/Core/Inc -I../Middlewares/ST/STM32_USB_Device_Library/Class/CDC/Inc -I../Drivers/CMSIS/Device/ST/STM32F4xx/Include -I../Drivers/CMSIS/Include -O0 -ffunction-sections -fdata-sections -Wall -fstack-usage -MMD -MP -MF"Drivers/STM32F4xx_HAL_Driver/Src/stm32f4xx_hal_flash_ex.d" -MT"Drivers/STM32F4xx_HAL_Driver/Src/stm32f4xx_hal_flash_ex.o" --specs=nano.specs -mfpu=fpv4-sp-d16 -mfloat-abi=hard -mthumb -o "Drivers/STM32F4xx_HAL_Driver/Src/stm32f4xx_hal_flash_ex.o"
arm-none-eabi-gcc "../Drivers/STM32F4xx_HAL_Driver/Src/stm32f4xx_hal_flash_ramfunc.c" -mcpu=cortex-m4 -std=gnu11 -g3 -DDEBUG -DUSE_HAL_DRIVER -DSTM32F411xE -c -I../USB_DEVICE/App -I../USB_DEVICE/Target -I../Core/Inc -I../Drivers/STM32F4xx_HAL_Driver/Inc -I../Drivers/STM32F4xx_HAL_Driver/Inc/Legacy -I../Middlewares/ST/STM32_USB_Device_Library/Core/Inc -I../Middlewares/ST/STM32_USB_Device_Library/Class/CDC/Inc -I../Drivers/CMSIS/Device/ST/STM32F4xx/Include -I../Drivers/CMSIS/Include -O0 -ffunction-sections -fdata-sections -Wall -fstack-usage -MMD -MP -MF"Drivers/STM32F4xx_HAL_Driver/Src/stm32f4xx_hal_flash_ramfunc.d" -MT"Drivers/STM32F4xx_HAL_Driver/Src/stm32f4xx_hal_flash_ramfunc.o" --specs=nano.specs -mfpu=fpv4-sp-d16 -mfloat-abi=hard -mthumb -o "Drivers/STM32F4xx_HAL_Driver/Src/stm32f4xx_hal_flash_ramfunc.o"
arm-none-eabi-gcc "../Drivers/STM32F4xx_HAL_Driver/Src/stm32f4xx_hal_gpio.c" -mcpu=cortex-m4 -std=gnu11 -g3 -DDEBUG -DUSE_HAL_DRIVER -DSTM32F411xE -c -I../USB_DEVICE/App -I../USB_DEVICE/Target -I../Core/Inc -I../Drivers/STM32F4xx_HAL_Driver/Inc -I../Drivers/STM32F4xx_HAL_Driver/Inc/Legacy -I../Middlewares/ST/STM32_USB_Device_Library/Core/Inc -I../Middlewares/ST/STM32_USB_Device_Library/Class/CDC/Inc -I../Drivers/CMSIS/Device/ST/STM32F4xx/Include -I../Drivers/CMSIS/Include -O0 -ffunction-sections -fdata-sections -Wall -fstack-usage -MMD -MP -MF"Drivers/STM32F4xx_HAL_Driver/Src/stm32f4xx_hal_gpio.d" -MT"Drivers/STM32F4xx_HAL_Driver/Src/stm32f4xx_hal_gpio.o" --specs=nano.specs -mfpu=fpv4-sp-d16 -mfloat-abi=hard -mthumb -o "Drivers/STM32F4xx_HAL_Driver/Src/stm32f4xx_hal_gpio.o"
arm-none-eabi-gcc "../Drivers/STM32F4xx_HAL_Driver/Src/stm32f4xx_hal_i2c.c" -mcpu=cortex-m4 -std=gnu11 -g3 -DDEBUG -DUSE_HAL_DRIVER -DSTM32F411xE -c -I../USB_DEVICE/App -I../USB_DEVICE/Target -I../Core/Inc -I../Drivers/STM32F4xx_HAL_Driver/Inc -I../Drivers/STM32F4xx_HAL_Driver/Inc/Legacy -I../Middlewares/ST/STM32_USB_Device_Library/Core/Inc -I../Middlewares/ST/STM32_USB_Device_Library/Class/CDC/Inc -I../Drivers/CMSIS/Device/ST/STM32F4xx/Include -I../Drivers/CMSIS/Include -O0 -ffunction-sections -fdata-sections -Wall -fstack-usage -MMD -MP -MF"Drivers/STM32F4xx_HAL_Driver/Src/stm32f4xx_hal_i2c.d" -MT"Drivers/STM32F4xx_HAL_Driver/Src/stm32f4xx_hal_i2c.o" --specs=nano.specs -mfpu=fpv4-sp-d16 -mfloat-abi=hard -mthumb -o "Drivers/STM32F4xx_HAL_Driver/Src/stm32f4xx_hal_i2c.o"
arm-none-eabi-gcc "../Drivers/STM32F4xx_HAL_Driver/Src/stm32f4xx_hal_i2c_ex.c" -mcpu=cortex-m4 -std=gnu11 -g3 -DDEBUG -DUSE_HAL_DRIVER -DSTM32F411xE -c -I../USB_DEVICE/App -I../USB_DEVICE/Target -I../Core/Inc -I../Drivers/STM32F4xx_HAL_Driver/Inc -I../Drivers/STM32F4xx_HAL_Driver/Inc/Legacy -I../Middlewares/ST/STM32_USB_Device_Library/Core/Inc -I../Middlewares/ST/STM32_USB_Device_Library/Class/CDC/Inc -I../Drivers/CMSIS/Device/ST/STM32F4xx/Include -I../Drivers/CMSIS/Include -O0 -ffunction-sections -fdata-sections -Wall -fstack-usage -MMD -MP -MF"Drivers/STM32F4xx_HAL_Driver/Src/stm32f4xx_hal_i2c_ex.d" -MT"Drivers/STM32F4xx_HAL_Driver/Src/stm32f4xx_hal_i2c_ex.o" --specs=nano.specs -mfpu=fpv4-sp-d16 -mfloat-abi=hard -mthumb -o "Drivers/STM32F4xx_HAL_Driver/Src/stm32f4xx_hal_i2c_ex.o"
arm-none-eabi-gcc "../Drivers/STM32F4xx_HAL_Driver/Src/stm32f4xx_hal_pcd.c" -mcpu=cortex-m4 -std=gnu11 -g3 -DDEBUG -DUSE_HAL_DRIVER -DSTM32F411xE -c -I../USB_DEVICE/App -I../USB_DEVICE/Target -I../Core/Inc -I../Drivers/STM32F4xx_HAL_Driver/Inc -I../Drivers/STM32F4xx_HAL_Driver/Inc/Legacy -I../Middlewares/ST/STM32_USB_Device_Library/Core/Inc -I../Middlewares/ST/STM32_USB_Device_Library/Class/CDC/Inc -I../Drivers/CMSIS/Device/ST/STM32F4xx/Include -I../Drivers/CMSIS/Include -O0 -ffunction-sections -fdata-sections -Wall -fstack-usage -MMD -MP -MF"Drivers/STM32F4xx_HAL_Driver/Src/stm32f4xx_hal_pcd.d" -MT"Drivers/STM32F4xx_HAL_Driver/Src/stm32f4xx_hal_pcd.o" --specs=nano.specs -mfpu=fpv4-sp-d16 -mfloat-abi=hard -mthumb -o "Drivers/STM32F4xx_HAL_Driver/Src/stm32f4xx_hal_pcd.o"
arm-none-eabi-gcc "../Drivers/STM32F4xx_HAL_Driver/Src/stm32f4xx_hal_pcd_ex.c" -mcpu=cortex-m4 -std=gnu11 -g3 -DDEBUG -DUSE_HAL_DRIVER -DSTM32F411xE -c -I../USB_DEVICE/App -I../USB_DEVICE/Target -I../Core/Inc -I../Drivers/STM32F4xx_HAL_Driver/Inc -I../Drivers/STM32F4xx_HAL_Driver/Inc/Legacy -I../Middlewares/ST/STM32_USB_Device_Library/Core/Inc -I../Middlewares/ST/STM32_USB_Device_Library/Class/CDC/Inc -I../Drivers/CMSIS/Device/ST/STM32F4xx/Include -I../Drivers/CMSIS/Include -O0 -ffunction-sections -fdata-sections -Wall -fstack-usage -MMD -MP -MF"Drivers/STM32F4xx_HAL_Driver/Src/stm32f4xx_hal_pcd_ex.d" -MT"Drivers/STM32F4xx_HAL_Driver/Src/stm32f4xx_hal_pcd_ex.o" --specs=nano.specs -mfpu=fpv4-sp-d16 -mfloat-abi=hard -mthumb -o "Drivers/STM32F4xx_HAL_Driver/Src/stm32f4xx_hal_pcd_ex.o"
arm-none-eabi-gcc "../Drivers/STM32F4xx_HAL_Driver/Src/stm32f4xx_hal_pwr.c" -mcpu=cortex-m4 -std=gnu11 -g3 -DDEBUG -DUSE_HAL_DRIVER -DSTM32F411xE -c -I../USB_DEVICE/App -I../USB_DEVICE/Target -I../Core/Inc -I../Drivers/STM32F4xx_HAL_Driver/Inc -I../Drivers/STM32F4xx_HAL_Driver/Inc/Legacy -I../Middlewares/ST/STM32_USB_Device_Library/Core/Inc -I../Middlewares/ST/STM32_USB_Device_Library/Class/CDC/Inc -I../Drivers/CMSIS/Device/ST/STM32F4xx/Include -I../Drivers/CMSIS/Include -O0 -ffunction-sections -fdata-sections -Wall -fstack-usage -MMD -MP -MF"Drivers/STM32F4xx_HAL_Driver/Src/stm32f4xx_hal_pwr.d" -MT"Drivers/STM32F4xx_HAL_Driver/Src/stm32f4xx_hal_pwr.o" --specs=nano.specs -mfpu=fpv4-sp-d16 -mfloat-abi=hard -mthumb -o "Drivers/STM32F4xx_HAL_Driver/Src/stm32f4xx_hal_pwr.o"
arm-none-eabi-gcc "../Drivers/STM32F4xx_HAL_Driver/Src/stm32f4xx_hal_pwr_ex.c" -mcpu=cortex-m4 -std=gnu11 -g3 -DDEBUG -DUSE_HAL_DRIVER -DSTM32F411xE -c -I../USB_DEVICE/App -I../USB_DEVICE/Target -I../Core/Inc -I../Drivers/STM32F4xx_HAL_Driver/Inc -I../Drivers/STM32F4xx_HAL_Driver/Inc/Legacy -I../Middlewares/ST/STM32_USB_Device_Library/Core/Inc -I../Middlewares/ST/STM32_USB_Device_Library/Class/CDC/Inc -I../Drivers/CMSIS/Device/ST/STM32F4xx/Include -I../Drivers/CMSIS/Include -O0 -ffunction-sections -fdata-sections -Wall -fstack-usage -MMD -MP -MF"Drivers/STM32F4xx_HAL_Driver/Src/stm32f4xx_hal_pwr_ex.d" -MT"Drivers/STM32F4xx_HAL_Driver/Src/stm32f4xx_hal_pwr_ex.o" --specs=nano.specs -mfpu=fpv4-sp-d16 -mfloat-abi=hard -mthumb -o "Drivers/STM32F4xx_HAL_Driver/Src/stm32f4xx_hal_pwr_ex.o"
arm-none-eabi-gcc "../Drivers/STM32F4xx_HAL_Driver/Src/stm32f4xx_hal_rcc.c" -mcpu=cortex-m4 -std=gnu11 -g3 -DDEBUG -DUSE_HAL_DRIVER -DSTM32F411xE -c -I../USB_DEVICE/App -I../USB_DEVICE/Target -I../Core/Inc -I../Drivers/STM32F4xx_HAL_Driver/Inc -I../Drivers/STM32F4xx_HAL_Driver/Inc/Legacy -I../Middlewares/ST/STM32_USB_Device_Library/Core/Inc -I../Middlewares/ST/STM32_USB_Device_Library/Class/CDC/Inc -I../Drivers/CMSIS/Device/ST/STM32F4xx/Include -I../Drivers/CMSIS/Include -O0 -ffunction-sections -fdata-sections -Wall -fstack-usage -MMD -MP -MF"Drivers/STM32F4xx_HAL_Driver/Src/stm32f4xx_hal_rcc.d" -MT"Drivers/STM32F4xx_HAL_Driver/Src/stm32f4xx_hal_rcc.o" --specs=nano.specs -mfpu=fpv4-sp-d16 -mfloat-abi=hard -mthumb -o "Drivers/STM32F4xx_HAL_Driver/Src/stm32f4xx_hal_rcc.o"
arm-none-eabi-gcc "../Drivers/STM32F4xx_HAL_Driver/Src/stm32f4xx_hal_rcc_ex.c" -mcpu=cortex-m4 -std=gnu11 -g3 -DDEBUG -DUSE_HAL_DRIVER -DSTM32F411xE -c -I../USB_DEVICE/App -I../USB_DEVICE/Target -I../Core/Inc -I../Drivers/STM32F4xx_HAL_Driver/Inc -I../Drivers/STM32F4xx_HAL_Driver/Inc/Legacy -I../Middlewares/ST/STM32_USB_Device_Library/Core/Inc -I../Middlewares/ST/STM32_USB_Device_Library/Class/CDC/Inc -I../Drivers/CMSIS/Device/ST/STM32F4xx/Include -I../Drivers/CMSIS/Include -O0 -ffunction-sections -fdata-sections -Wall -fstack-usage -MMD -MP -MF"Drivers/STM32F4xx_HAL_Driver/Src/stm32f4xx_hal_rcc_ex.d" -MT"Drivers/STM32F4xx_HAL_Driver/Src/stm32f4xx_hal_rcc_ex.o" --specs=nano.specs -mfpu=fpv4-sp-d16 -mfloat-abi=hard -mthumb -o "Drivers/STM32F4xx_HAL_Driver/Src/stm32f4xx_hal_rcc_ex.o"
arm-none-eabi-gcc "../Drivers/STM32F4xx_HAL_Driver/Src/stm32f4xx_hal_spi.c" -mcpu=cortex-m4 -std=gnu11 -g3 -DDEBUG -DUSE_HAL_DRIVER -DSTM32F411xE -c -I../USB_DEVICE/App -I../USB_DEVICE/Target -I../Core/Inc -I../Drivers/STM32F4xx_HAL_Driver/Inc -I../Drivers/STM32F4xx_HAL_Driver/Inc/Legacy -I../Middlewares/ST/STM32_USB_Device_Library/Core/Inc -I../Middlewares/ST/STM32_USB_Device_Library/Class/CDC/Inc -I../Drivers/CMSIS/Device/ST/STM32F4xx/Include -I../Drivers/CMSIS/Include -O0 -ffunction-sections -fdata-sections -Wall -fstack-usage -MMD -MP -MF"Drivers/STM32F4xx_HAL_Driver/Src/stm32f4xx_hal_spi.d" -MT"Drivers/STM32F4xx_HAL_Driver/Src/stm32f4xx_hal_spi.o" --specs=nano.specs -mfpu=fpv4-sp-d16 -mfloat-abi=hard -mthumb -o "Drivers/STM32F4xx_HAL_Driver/Src/stm32f4xx_hal_spi.o"
arm-none-eabi-gcc "../Drivers/STM32F4xx_HAL_Driver/Src/stm32f4xx_hal_tim.c" -mcpu=cortex-m4 -std=gnu11 -g3 -DDEBUG -DUSE_HAL_DRIVER -DSTM32F411xE -c -I../USB_DEVICE/App -I../USB_DEVICE/Target -I../Core/Inc -I../Drivers/STM32F4xx_HAL_Driver/Inc -I../Drivers/STM32F4xx_HAL_Driver/Inc/Legacy -I../Middlewares/ST/STM32_USB_Device_Library/Core/Inc -I../Middlewares/ST/STM32_USB_Device_Library/Class/CDC/Inc -I../Drivers/CMSIS/Device/ST/STM32F4xx/Include -I../Drivers/CMSIS/Include -O0 -ffunction-sections -fdata-sections -Wall -fstack-usage -MMD -MP -MF"Drivers/STM32F4xx_HAL_Driver/Src/stm32f4xx_hal_tim.d" -MT"Drivers/STM32F4xx_HAL_Driver/Src/stm32f4xx_hal_tim.o" --specs=nano.specs -mfpu=fpv4-sp-d16 -mfloat-abi=hard -mthumb -o "Drivers/STM32F4xx_HAL_Driver/Src/stm32f4xx_hal_tim.o"
arm-none-eabi-gcc "../Drivers/STM32F4xx_HAL_Driver/Src/stm32f4xx_hal_tim_ex.c" -mcpu=cortex-m4 -std=gnu11 -g3 -DDEBUG -DUSE_HAL_DRIVER -DSTM32F411xE -c -I../USB_DEVICE/App -I../USB_DEVICE/Target -I../Core/Inc -I../Drivers/STM32F4xx_HAL_Driver/Inc -I../Drivers/STM32F4xx_HAL_Driver/Inc/Legacy -I../Middlewares/ST/STM32_USB_Device_Library/Core/Inc -I../Middlewares/ST/STM32_USB_Device_Library/Class/CDC/Inc -I../Drivers/CMSIS/Device/ST/STM32F4xx/Include -I../Drivers/CMSIS/Include -O0 -ffunction-sections -fdata-sections -Wall -fstack-usage -MMD -MP -MF"Drivers/STM32F4xx_HAL_Driver/Src/stm32f4xx_hal_tim_ex.d" -MT"Drivers/STM32F4xx_HAL_Driver/Src/stm32f4xx_hal_tim_ex.o" --specs=nano.specs -mfpu=fpv4-sp-d16 -mfloat-abi=hard -mthumb -o "Drivers/STM32F4xx_HAL_Driver/Src/stm32f4xx_hal_tim_ex.o"
arm-none-eabi-gcc "../Drivers/STM32F4xx_HAL_Driver/Src/stm32f4xx_ll_usb.c" -mcpu=cortex-m4 -std=gnu11 -g3 -DDEBUG -DUSE_HAL_DRIVER -DSTM32F411xE -c -I../USB_DEVICE/App -I../USB_DEVICE/Target -I../Core/Inc -I../Drivers/STM32F4xx_HAL_Driver/Inc -I../Drivers/STM32F4xx_HAL_Driver/Inc/Legacy -I../Middlewares/ST/STM32_USB_Device_Library/Core/Inc -I../Middlewares/ST/STM32_USB_Device_Library/Class/CDC/Inc -I../Drivers/CMSIS/Device/ST/STM32F4xx/Include -I../Drivers/CMSIS/Include -O0 -ffunction-sections -fdata-sections -Wall -fstack-usage -MMD -MP -MF"Drivers/STM32F4xx_HAL_Driver/Src/stm32f4xx_ll_usb.d" -MT"Drivers/STM32F4xx_HAL_Driver/Src/stm32f4xx_ll_usb.o" --specs=nano.specs -mfpu=fpv4-sp-d16 -mfloat-abi=hard -mthumb -o "Drivers/STM32F4xx_HAL_Driver/Src/stm32f4xx_ll_usb.o"
arm-none-eabi-gcc -mcpu=cortex-m4 -g3 -DDEBUG -c -x assembler-with-cpp -MMD -MP -MF"Core/Startup/startup_stm32f411vetx.d" -MT"Core/Startup/startup_stm32f411vetx.o" --specs=nano.specs -mfpu=fpv4-sp-d16 -mfloat-abi=hard -mthumb -o "Core/Startup/startup_stm32f411vetx.o" "../Core/Startup/startup_stm32f411vetx.s"
arm-none-eabi-gcc "../Core/Src/MadgwickAHRS.c" -mcpu=cortex-m4 -std=gnu11 -g3 -DDEBUG -DUSE_HAL_DRIVER -DSTM32F411xE -c -I../USB_DEVICE/App -I../USB_DEVICE/Target -I../Core/Inc -I../Drivers/STM32F4xx_HAL_Driver/Inc -I../Drivers/STM32F4xx_HAL_Driver/Inc/Legacy -I../Middlewares/ST/STM32_USB_Device_Library/Core/Inc -I../Middlewares/ST/STM32_USB_Device_Library/Class/CDC/Inc -I../Drivers/CMSIS/Device/ST/STM32F4xx/Include -I../Drivers/CMSIS/Include -O0 -ffunction-sections -fdata-sections -Wall -fstack-usage -MMD -MP -MF"Core/Src/MadgwickAHRS.d" -MT"Core/Src/MadgwickAHRS.o" --specs=nano.specs -mfpu=fpv4-sp-d16 -mfloat-abi=hard -mthumb -o "Core/Src/MadgwickAHRS.o"
arm-none-eabi-gcc "../Core/Src/main.c" -mcpu=cortex-m4 -std=gnu11 -g3 -DDEBUG -DUSE_HAL_DRIVER -DSTM32F411xE -c -I../USB_DEVICE/App -I../USB_DEVICE/Target -I../Core/Inc -I../Drivers/STM32F4xx_HAL_Driver/Inc -I../Drivers/STM32F4xx_HAL_Driver/Inc/Legacy -I../Middlewares/ST/STM32_USB_Device_Library/Core/Inc -I../Middlewares/ST/STM32_USB_Device_Library/Class/CDC/Inc -I../Drivers/CMSIS/Device/ST/STM32F4xx/Include -I../Drivers/CMSIS/Include -O0 -ffunction-sections -fdata-sections -Wall -fstack-usage -MMD -MP -MF"Core/Src/main.d" -MT"Core/Src/main.o" --specs=nano.specs -mfpu=fpv4-sp-d16 -mfloat-abi=hard -mthumb -o "Core/Src/main.o"
arm-none-eabi-gcc "../Core/Src/stm32f4xx_hal_msp.c" -mcpu=cortex-m4 -std=gnu11 -g3 -DDEBUG -DUSE_HAL_DRIVER -DSTM32F411xE -c -I../USB_DEVICE/App -I../USB_DEVICE/Target -I../Core/Inc -I../Drivers/STM32F4xx_HAL_Driver/Inc -I../Drivers/STM32F4xx_HAL_Driver/Inc/Legacy -I../Middlewares/ST/STM32_USB_Device_Library/Core/Inc -I../Middlewares/ST/STM32_USB_Device_Library/Class/CDC/Inc -I../Drivers/CMSIS/Device/ST/STM32F4xx/Include -I../Drivers/CMSIS/Include -O0 -ffunction-sections -fdata-sections -Wall -fstack-usage -MMD -MP -MF"Core/Src/stm32f4xx_hal_msp.d" -MT"Core/Src/stm32f4xx_hal_msp.o" --specs=nano.specs -mfpu=fpv4-sp-d16 -mfloat-abi=hard -mthumb -o "Core/Src/stm32f4xx_hal_msp.o"
arm-none-eabi-gcc "../Core/Src/stm32f4xx_it.c" -mcpu=cortex-m4 -std=gnu11 -g3 -DDEBUG -DUSE_HAL_DRIVER -DSTM32F411xE -c -I../USB_DEVICE/App -I../USB_DEVICE/Target -I../Core/Inc -I../Drivers/STM32F4xx_HAL_Driver/Inc -I../Drivers/STM32F4xx_HAL_Driver/Inc/Legacy -I../Middlewares/ST/STM32_USB_Device_Library/Core/Inc -I../Middlewares/ST/STM32_USB_Device_Library/Class/CDC/Inc -I../Drivers/CMSIS/Device/ST/STM32F4xx/Include -I../Drivers/CMSIS/Include -O0 -ffunction-sections -fdata-sections -Wall -fstack-usage -MMD -MP -MF"Core/Src/stm32f4xx_it.d" -MT"Core/Src/stm32f4xx_it.o" --specs=nano.specs -mfpu=fpv4-sp-d16 -mfloat-abi=hard -mthumb -o "Core/Src/stm32f4xx_it.o"
arm-none-eabi-gcc "../Core/Src/syscalls.c" -mcpu=cortex-m4 -std=gnu11 -g3 -DDEBUG -DUSE_HAL_DRIVER -DSTM32F411xE -c -I../USB_DEVICE/App -I../USB_DEVICE/Target -I../Core/Inc -I../Drivers/STM32F4xx_HAL_Driver/Inc -I../Drivers/STM32F4xx_HAL_Driver/Inc/Legacy -I../Middlewares/ST/STM32_USB_Device_Library/Core/Inc -I../Middlewares/ST/STM32_USB_Device_Library/Class/CDC/Inc -I../Drivers/CMSIS/Device/ST/STM32F4xx/Include -I../Drivers/CMSIS/Include -O0 -ffunction-sections -fdata-sections -Wall -fstack-usage -MMD -MP -MF"Core/Src/syscalls.d" -MT"Core/Src/syscalls.o" --specs=nano.specs -mfpu=fpv4-sp-d16 -mfloat-abi=hard -mthumb -o "Core/Src/syscalls.o"
arm-none-eabi-gcc "../Core/Src/sysmem.c" -mcpu=cortex-m4 -std=gnu11 -g3 -DDEBUG -DUSE_HAL_DRIVER -DSTM32F411xE -c -I../USB_DEVICE/App -I../USB_DEVICE/Target -I../Core/Inc -I../Drivers/STM32F4xx_HAL_Driver/Inc -I../Drivers/STM32F4xx_HAL_Driver/Inc/Legacy -I../Middlewares/ST/STM32_USB_Device_Library/Core/Inc -I../Middlewares/ST/STM32_USB_Device_Library/Class/CDC/Inc -I../Drivers/CMSIS/Device/ST/STM32F4xx/Include -I../Drivers/CMSIS/Include -O0 -ffunction-sections -fdata-sections -Wall -fstack-usage -MMD -MP -MF"Core/Src/sysmem.d" -MT"Core/Src/sysmem.o" --specs=nano.specs -mfpu=fpv4-sp-d16 -mfloat-abi=hard -mthumb -o "Core/Src/sysmem.o"
arm-none-eabi-gcc "../Core/Src/system_stm32f4xx.c" -mcpu=cortex-m4 -std=gnu11 -g3 -DDEBUG -DUSE_HAL_DRIVER -DSTM32F411xE -c -I../USB_DEVICE/App -I../USB_DEVICE/Target -I../Core/Inc -I../Drivers/STM32F4xx_HAL_Driver/Inc -I../Drivers/STM32F4xx_HAL_Driver/Inc/Legacy -I../Middlewares/ST/STM32_USB_Device_Library/Core/Inc -I../Middlewares/ST/STM32_USB_Device_Library/Class/CDC/Inc -I../Drivers/CMSIS/Device/ST/STM32F4xx/Include -I../Drivers/CMSIS/Include -O0 -ffunction-sections -fdata-sections -Wall -fstack-usage -MMD -MP -MF"Core/Src/system_stm32f4xx.d" -MT"Core/Src/system_stm32f4xx.o" --specs=nano.specs -mfpu=fpv4-sp-d16 -mfloat-abi=hard -mthumb -o "Core/Src/system_stm32f4xx.o"
../Core/Src/main.c: In function 'normalize_v3f':
../Core/Src/main.c:232:1: warning: control reaches end of non-void function [-Wreturn-type]
  232 | }
      | ^
arm-none-eabi-gcc -o "IMU_debug.elf" @"objects.list"   -mcpu=cortex-m4 -T"G:\ROBORACER\RoboRacerCode\IMU_debug\STM32F411VETX_FLASH.ld" --specs=nosys.specs -Wl,-Map="IMU_debug.map" -Wl,--gc-sections -static --specs=nano.specs -mfpu=fpv4-sp-d16 -mfloat-abi=hard -mthumb -Wl,--start-group -lc -lm -Wl,--end-group
Finished building target: IMU_debug.elf
 
arm-none-eabi-size   IMU_debug.elf 
arm-none-eabi-objdump -h -S  IMU_debug.elf  > "IMU_debug.list"
arm-none-eabi-objcopy  -O ihex  IMU_debug.elf  "IMU_debug.hex"
   text	   data	    bss	    dec	    hex	filename
  50112	    504	  10328	  60944	   ee10	IMU_debug.elf
arm-none-eabi-objcopy  -O binary  IMU_debug.elf  "IMU_debug.bin"
Finished building: default.size.stdout
 
Finished building: IMU_debug.bin
Finished building: IMU_debug.hex
 
 
Finished building: IMU_debug.list
 
19:49:09 **** Incremental Build of configuration Debug for project IMU_debug ****
make -j12 all 
arm-none-eabi-gcc "../Core/Src/main.c" -mcpu=cortex-m4 -std=gnu11 -g3 -DDEBUG -DUSE_HAL_DRIVER -DSTM32F411xE -c -I../USB_DEVICE/App -I../USB_DEVICE/Target -I../Core/Inc -I../Drivers/STM32F4xx_HAL_Driver/Inc -I../Drivers/STM32F4xx_HAL_Driver/Inc/Legacy -I../Middlewares/ST/STM32_USB_Device_Library/Core/Inc -I../Middlewares/ST/STM32_USB_Device_Library/Class/CDC/Inc -I../Drivers/CMSIS/Device/ST/STM32F4xx/Include -I../Drivers/CMSIS/Include -O0 -ffunction-sections -fdata-sections -Wall -fstack-usage -MMD -MP -MF"Core/Src/main.d" -MT"Core/Src/main.o" --specs=nano.specs -mfpu=fpv4-sp-d16 -mfloat-abi=hard -mthumb -o "Core/Src/main.o"
../Core/Src/main.c: In function 'normalize_v3f':
../Core/Src/main.c:232:1: warning: control reaches end of non-void function [-Wreturn-type]
  232 | }
      | ^
arm-none-eabi-gcc -o "IMU_debug.elf" @"objects.list"   -mcpu=cortex-m4 -T"G:\ROBORACER\RoboRacerCode\IMU_debug\STM32F411VETX_FLASH.ld" --specs=nosys.specs -Wl,-Map="IMU_debug.map" -Wl,--gc-sections -static --specs=nano.specs -mfpu=fpv4-sp-d16 -mfloat-abi=hard -mthumb -Wl,--start-group -lc -lm -Wl,--end-group
Finished building target: IMU_debug.elf
 
arm-none-eabi-size   IMU_debug.elf 
arm-none-eabi-objdump -h -S  IMU_debug.elf  > "IMU_debug.list"
arm-none-eabi-objcopy  -O ihex  IMU_debug.elf  "IMU_debug.hex"
   text	   data	    bss	    dec	    hex	filename
  50120	    504	  10328	  60952	   ee18	IMU_debug.elf
arm-none-eabi-objcopy  -O binary  IMU_debug.elf  "IMU_debug.bin"
Finished building: default.size.stdout
 
Finished building: IMU_debug.hex
Finished building: IMU_debug.bin
 
 
Finished building: IMU_debug.list
 
19:51:14 **** Incremental Build of configuration Debug for project IMU_debug ****
make -j12 all 
arm-none-eabi-gcc "../Core/Src/main.c" -mcpu=cortex-m4 -std=gnu11 -g3 -DDEBUG -DUSE_HAL_DRIVER -DSTM32F411xE -c -I../USB_DEVICE/App -I../USB_DEVICE/Target -I../Core/Inc -I../Drivers/STM32F4xx_HAL_Driver/Inc -I../Drivers/STM32F4xx_HAL_Driver/Inc/Legacy -I../Middlewares/ST/STM32_USB_Device_Library/Core/Inc -I../Middlewares/ST/STM32_USB_Device_Library/Class/CDC/Inc -I../Drivers/CMSIS/Device/ST/STM32F4xx/Include -I../Drivers/CMSIS/Include -O0 -ffunction-sections -fdata-sections -Wall -fstack-usage -MMD -MP -MF"Core/Src/main.d" -MT"Core/Src/main.o" --specs=nano.specs -mfpu=fpv4-sp-d16 -mfloat-abi=hard -mthumb -o "Core/Src/main.o"
../Core/Src/main.c: In function 'normalize_v3f':
../Core/Src/main.c:232:1: warning: control reaches end of non-void function [-Wreturn-type]
  232 | }
      | ^
arm-none-eabi-gcc -o "IMU_debug.elf" @"objects.list"   -mcpu=cortex-m4 -T"G:\ROBORACER\RoboRacerCode\IMU_debug\STM32F411VETX_FLASH.ld" --specs=nosys.specs -Wl,-Map="IMU_debug.map" -Wl,--gc-sections -static --specs=nano.specs -mfpu=fpv4-sp-d16 -mfloat-abi=hard -mthumb -Wl,--start-group -lc -lm -Wl,--end-group
Finished building target: IMU_debug.elf
 
arm-none-eabi-size   IMU_debug.elf 
arm-none-eabi-objdump -h -S  IMU_debug.elf  > "IMU_debug.list"
   text	   data	    bss	    dec	    hex	filename
  50136	    504	  10328	  60968	   ee28	IMU_debug.elf
arm-none-eabi-objcopy  -O ihex  IMU_debug.elf  "IMU_debug.hex"
Finished building: default.size.stdout
arm-none-eabi-objcopy  -O binary  IMU_debug.elf  "IMU_debug.bin"
 
Finished building: IMU_debug.hex
Finished building: IMU_debug.bin
 
 
Finished building: IMU_debug.list
 
20:00:52 **** Incremental Build of configuration Debug for project IMU_debug ****
make -j12 all 
arm-none-eabi-gcc "../Core/Src/main.c" -mcpu=cortex-m4 -std=gnu11 -g3 -DDEBUG -DUSE_HAL_DRIVER -DSTM32F411xE -c -I../USB_DEVICE/App -I../USB_DEVICE/Target -I../Core/Inc -I../Drivers/STM32F4xx_HAL_Driver/Inc -I../Drivers/STM32F4xx_HAL_Driver/Inc/Legacy -I../Middlewares/ST/STM32_USB_Device_Library/Core/Inc -I../Middlewares/ST/STM32_USB_Device_Library/Class/CDC/Inc -I../Drivers/CMSIS/Device/ST/STM32F4xx/Include -I../Drivers/CMSIS/Include -O0 -ffunction-sections -fdata-sections -Wall -fstack-usage -MMD -MP -MF"Core/Src/main.d" -MT"Core/Src/main.o" --specs=nano.specs -mfpu=fpv4-sp-d16 -mfloat-abi=hard -mthumb -o "Core/Src/main.o"
../Core/Src/main.c: In function 'normalize_v3f':
../Core/Src/main.c:232:1: warning: control reaches end of non-void function [-Wreturn-type]
  232 | }
      | ^
arm-none-eabi-gcc -o "IMU_debug.elf" @"objects.list"   -mcpu=cortex-m4 -T"G:\ROBORACER\RoboRacerCode\IMU_debug\STM32F411VETX_FLASH.ld" --specs=nosys.specs -Wl,-Map="IMU_debug.map" -Wl,--gc-sections -static --specs=nano.specs -mfpu=fpv4-sp-d16 -mfloat-abi=hard -mthumb -Wl,--start-group -lc -lm -Wl,--end-group
Finished building target: IMU_debug.elf
 
arm-none-eabi-size   IMU_debug.elf 
arm-none-eabi-objdump -h -S  IMU_debug.elf  > "IMU_debug.list"
arm-none-eabi-objcopy  -O ihex  IMU_debug.elf  "IMU_debug.hex"
   text	   data	    bss	    dec	    hex	filename
  50120	    504	  10328	  60952	   ee18	IMU_debug.elf
arm-none-eabi-objcopy  -O binary  IMU_debug.elf  "IMU_debug.bin"
Finished building: default.size.stdout
 
Finished building: IMU_debug.hex
Finished building: IMU_debug.bin
 
 
Finished building: IMU_debug.list
 
20:04:15 **** Incremental Build of configuration Debug for project IMU_debug ****
make -j12 all 
arm-none-eabi-gcc "../Core/Src/main.c" -mcpu=cortex-m4 -std=gnu11 -g3 -DDEBUG -DUSE_HAL_DRIVER -DSTM32F411xE -c -I../USB_DEVICE/App -I../USB_DEVICE/Target -I../Core/Inc -I../Drivers/STM32F4xx_HAL_Driver/Inc -I../Drivers/STM32F4xx_HAL_Driver/Inc/Legacy -I../Middlewares/ST/STM32_USB_Device_Library/Core/Inc -I../Middlewares/ST/STM32_USB_Device_Library/Class/CDC/Inc -I../Drivers/CMSIS/Device/ST/STM32F4xx/Include -I../Drivers/CMSIS/Include -O0 -ffunction-sections -fdata-sections -Wall -fstack-usage -MMD -MP -MF"Core/Src/main.d" -MT"Core/Src/main.o" --specs=nano.specs -mfpu=fpv4-sp-d16 -mfloat-abi=hard -mthumb -o "Core/Src/main.o"
../Core/Src/main.c: In function 'normalize_v3f':
../Core/Src/main.c:232:1: warning: control reaches end of non-void function [-Wreturn-type]
  232 | }
      | ^
arm-none-eabi-gcc -o "IMU_debug.elf" @"objects.list"   -mcpu=cortex-m4 -T"G:\ROBORACER\RoboRacerCode\IMU_debug\STM32F411VETX_FLASH.ld" --specs=nosys.specs -Wl,-Map="IMU_debug.map" -Wl,--gc-sections -static --specs=nano.specs -mfpu=fpv4-sp-d16 -mfloat-abi=hard -mthumb -Wl,--start-group -lc -lm -Wl,--end-group
Finished building target: IMU_debug.elf
 
arm-none-eabi-size   IMU_debug.elf 
arm-none-eabi-objdump -h -S  IMU_debug.elf  > "IMU_debug.list"
   text	   data	    bss	    dec	    hex	filename
  50096	    504	  10328	  60928	   ee00	IMU_debug.elf
arm-none-eabi-objcopy  -O ihex  IMU_debug.elf  "IMU_debug.hex"
Finished building: default.size.stdout
arm-none-eabi-objcopy  -O binary  IMU_debug.elf  "IMU_debug.bin"
 
Finished building: IMU_debug.hex
 
Finished building: IMU_debug.bin
 
Finished building: IMU_debug.list
 
20:06:11 **** Incremental Build of configuration Debug for project IMU_debug ****
make -j12 all 
arm-none-eabi-gcc "../Core/Src/main.c" -mcpu=cortex-m4 -std=gnu11 -g3 -DDEBUG -DUSE_HAL_DRIVER -DSTM32F411xE -c -I../USB_DEVICE/App -I../USB_DEVICE/Target -I../Core/Inc -I../Drivers/STM32F4xx_HAL_Driver/Inc -I../Drivers/STM32F4xx_HAL_Driver/Inc/Legacy -I../Middlewares/ST/STM32_USB_Device_Library/Core/Inc -I../Middlewares/ST/STM32_USB_Device_Library/Class/CDC/Inc -I../Drivers/CMSIS/Device/ST/STM32F4xx/Include -I../Drivers/CMSIS/Include -O0 -ffunction-sections -fdata-sections -Wall -fstack-usage -MMD -MP -MF"Core/Src/main.d" -MT"Core/Src/main.o" --specs=nano.specs -mfpu=fpv4-sp-d16 -mfloat-abi=hard -mthumb -o "Core/Src/main.o"
../Core/Src/main.c: In function 'normalize_v3f':
../Core/Src/main.c:232:1: warning: control reaches end of non-void function [-Wreturn-type]
  232 | }
      | ^
arm-none-eabi-gcc -o "IMU_debug.elf" @"objects.list"   -mcpu=cortex-m4 -T"G:\ROBORACER\RoboRacerCode\IMU_debug\STM32F411VETX_FLASH.ld" --specs=nosys.specs -Wl,-Map="IMU_debug.map" -Wl,--gc-sections -static --specs=nano.specs -mfpu=fpv4-sp-d16 -mfloat-abi=hard -mthumb -Wl,--start-group -lc -lm -Wl,--end-group
Finished building target: IMU_debug.elf
 
arm-none-eabi-size   IMU_debug.elf 
arm-none-eabi-objdump -h -S  IMU_debug.elf  > "IMU_debug.list"
   text	   data	    bss	    dec	    hex	filename
  50096	    504	  10328	  60928	   ee00	IMU_debug.elf
arm-none-eabi-objcopy  -O ihex  IMU_debug.elf  "IMU_debug.hex"
Finished building: default.size.stdout
arm-none-eabi-objcopy  -O binary  IMU_debug.elf  "IMU_debug.bin"
 
Finished building: IMU_debug.hex
Finished building: IMU_debug.bin
 
 
Finished building: IMU_debug.list
 
20:07:55 **** Incremental Build of configuration Debug for project IMU_debug ****
make -j12 all 
arm-none-eabi-gcc "../Core/Src/main.c" -mcpu=cortex-m4 -std=gnu11 -g3 -DDEBUG -DUSE_HAL_DRIVER -DSTM32F411xE -c -I../USB_DEVICE/App -I../USB_DEVICE/Target -I../Core/Inc -I../Drivers/STM32F4xx_HAL_Driver/Inc -I../Drivers/STM32F4xx_HAL_Driver/Inc/Legacy -I../Middlewares/ST/STM32_USB_Device_Library/Core/Inc -I../Middlewares/ST/STM32_USB_Device_Library/Class/CDC/Inc -I../Drivers/CMSIS/Device/ST/STM32F4xx/Include -I../Drivers/CMSIS/Include -O0 -ffunction-sections -fdata-sections -Wall -fstack-usage -MMD -MP -MF"Core/Src/main.d" -MT"Core/Src/main.o" --specs=nano.specs -mfpu=fpv4-sp-d16 -mfloat-abi=hard -mthumb -o "Core/Src/main.o"
../Core/Src/main.c: In function 'normalize_v3f':
../Core/Src/main.c:232:1: warning: control reaches end of non-void function [-Wreturn-type]
  232 | }
      | ^
arm-none-eabi-gcc -o "IMU_debug.elf" @"objects.list"   -mcpu=cortex-m4 -T"G:\ROBORACER\RoboRacerCode\IMU_debug\STM32F411VETX_FLASH.ld" --specs=nosys.specs -Wl,-Map="IMU_debug.map" -Wl,--gc-sections -static --specs=nano.specs -mfpu=fpv4-sp-d16 -mfloat-abi=hard -mthumb -Wl,--start-group -lc -lm -Wl,--end-group
Finished building target: IMU_debug.elf
 
arm-none-eabi-size   IMU_debug.elf 
arm-none-eabi-objdump -h -S  IMU_debug.elf  > "IMU_debug.list"
   text	   data	    bss	    dec	    hex	filename
  50096	    504	  10328	  60928	   ee00	IMU_debug.elf
arm-none-eabi-objcopy  -O ihex  IMU_debug.elf  "IMU_debug.hex"
Finished building: default.size.stdout
arm-none-eabi-objcopy  -O binary  IMU_debug.elf  "IMU_debug.bin"
 
Finished building: IMU_debug.hex
 
Finished building: IMU_debug.bin
 
Finished building: IMU_debug.list
 
20:10:14 **** Incremental Build of configuration Debug for project IMU_debug ****
make -j12 all 
arm-none-eabi-gcc "../Core/Src/main.c" -mcpu=cortex-m4 -std=gnu11 -g3 -DDEBUG -DUSE_HAL_DRIVER -DSTM32F411xE -c -I../USB_DEVICE/App -I../USB_DEVICE/Target -I../Core/Inc -I../Drivers/STM32F4xx_HAL_Driver/Inc -I../Drivers/STM32F4xx_HAL_Driver/Inc/Legacy -I../Middlewares/ST/STM32_USB_Device_Library/Core/Inc -I../Middlewares/ST/STM32_USB_Device_Library/Class/CDC/Inc -I../Drivers/CMSIS/Device/ST/STM32F4xx/Include -I../Drivers/CMSIS/Include -O0 -ffunction-sections -fdata-sections -Wall -fstack-usage -MMD -MP -MF"Core/Src/main.d" -MT"Core/Src/main.o" --specs=nano.specs -mfpu=fpv4-sp-d16 -mfloat-abi=hard -mthumb -o "Core/Src/main.o"
../Core/Src/main.c: In function 'normalize_v3f':
../Core/Src/main.c:232:1: warning: control reaches end of non-void function [-Wreturn-type]
  232 | }
      | ^
arm-none-eabi-gcc -o "IMU_debug.elf" @"objects.list"   -mcpu=cortex-m4 -T"G:\ROBORACER\RoboRacerCode\IMU_debug\STM32F411VETX_FLASH.ld" --specs=nosys.specs -Wl,-Map="IMU_debug.map" -Wl,--gc-sections -static --specs=nano.specs -mfpu=fpv4-sp-d16 -mfloat-abi=hard -mthumb -Wl,--start-group -lc -lm -Wl,--end-group
Finished building target: IMU_debug.elf
 
arm-none-eabi-size   IMU_debug.elf 
arm-none-eabi-objdump -h -S  IMU_debug.elf  > "IMU_debug.list"
   text	   data	    bss	    dec	    hex	filename
  50088	    504	  10328	  60920	   edf8	IMU_debug.elf
arm-none-eabi-objcopy  -O ihex  IMU_debug.elf  "IMU_debug.hex"
Finished building: default.size.stdout
arm-none-eabi-objcopy  -O binary  IMU_debug.elf  "IMU_debug.bin"
 
Finished building: IMU_debug.hex
 
Finished building: IMU_debug.bin
Finished building: IMU_debug.list
 
 
20:35:03 **** Incremental Build of configuration Debug for project IMU_debug ****
make -j12 all 
arm-none-eabi-gcc "../Core/Src/main.c" -mcpu=cortex-m4 -std=gnu11 -g3 -DDEBUG -DUSE_HAL_DRIVER -DSTM32F411xE -c -I../USB_DEVICE/App -I../USB_DEVICE/Target -I../Core/Inc -I../Drivers/STM32F4xx_HAL_Driver/Inc -I../Drivers/STM32F4xx_HAL_Driver/Inc/Legacy -I../Middlewares/ST/STM32_USB_Device_Library/Core/Inc -I../Middlewares/ST/STM32_USB_Device_Library/Class/CDC/Inc -I../Drivers/CMSIS/Device/ST/STM32F4xx/Include -I../Drivers/CMSIS/Include -O0 -ffunction-sections -fdata-sections -Wall -fstack-usage -MMD -MP -MF"Core/Src/main.d" -MT"Core/Src/main.o" --specs=nano.specs -mfpu=fpv4-sp-d16 -mfloat-abi=hard -mthumb -o "Core/Src/main.o"
../Core/Src/main.c: In function 'main':
../Core/Src/main.c:432:5: error: 'prevAx' undeclared (first use in this function)
  432 |     prevAx = ax;
      |     ^~~~~~
../Core/Src/main.c:432:5: note: each undeclared identifier is reported only once for each function it appears in
../Core/Src/main.c:433:5: error: 'prevAy' undeclared (first use in this function)
  433 |     prevAy = ay;
      |     ^~~~~~
../Core/Src/main.c: In function 'normalize_v3f':
../Core/Src/main.c:232:1: warning: control reaches end of non-void function [-Wreturn-type]
  232 | }
      | ^
make: *** [Core/Src/subdir.mk:37: Core/Src/main.o] Error 1
"make -j12 all" terminated with exit code 2. Build might be incomplete.
20:35:33 **** Incremental Build of configuration Debug for project IMU_debug ****
make -j12 all 
arm-none-eabi-gcc "../Core/Src/main.c" -mcpu=cortex-m4 -std=gnu11 -g3 -DDEBUG -DUSE_HAL_DRIVER -DSTM32F411xE -c -I../USB_DEVICE/App -I../USB_DEVICE/Target -I../Core/Inc -I../Drivers/STM32F4xx_HAL_Driver/Inc -I../Drivers/STM32F4xx_HAL_Driver/Inc/Legacy -I../Middlewares/ST/STM32_USB_Device_Library/Core/Inc -I../Middlewares/ST/STM32_USB_Device_Library/Class/CDC/Inc -I../Drivers/CMSIS/Device/ST/STM32F4xx/Include -I../Drivers/CMSIS/Include -O0 -ffunction-sections -fdata-sections -Wall -fstack-usage -MMD -MP -MF"Core/Src/main.d" -MT"Core/Src/main.o" --specs=nano.specs -mfpu=fpv4-sp-d16 -mfloat-abi=hard -mthumb -o "Core/Src/main.o"
../Core/Src/main.c: In function 'normalize_v3f':
../Core/Src/main.c:232:1: warning: control reaches end of non-void function [-Wreturn-type]
  232 | }
      | ^
arm-none-eabi-gcc -o "IMU_debug.elf" @"objects.list"   -mcpu=cortex-m4 -T"G:\ROBORACER\RoboRacerCode\IMU_debug\STM32F411VETX_FLASH.ld" --specs=nosys.specs -Wl,-Map="IMU_debug.map" -Wl,--gc-sections -static --specs=nano.specs -mfpu=fpv4-sp-d16 -mfloat-abi=hard -mthumb -Wl,--start-group -lc -lm -Wl,--end-group
Finished building target: IMU_debug.elf
 
arm-none-eabi-size   IMU_debug.elf 
arm-none-eabi-objdump -h -S  IMU_debug.elf  > "IMU_debug.list"
arm-none-eabi-objcopy  -O ihex  IMU_debug.elf  "IMU_debug.hex"
   text	   data	    bss	    dec	    hex	filename
  50216	    504	  10328	  61048	   ee78	IMU_debug.elf
arm-none-eabi-objcopy  -O binary  IMU_debug.elf  "IMU_debug.bin"
Finished building: default.size.stdout
 
Finished building: IMU_debug.hex
Finished building: IMU_debug.bin
 
 
Finished building: IMU_debug.list
 
20:35:44 **** Incremental Build of configuration Debug for project IMU_debug ****
make -j12 all 
arm-none-eabi-size   IMU_debug.elf 
   text	   data	    bss	    dec	    hex	filename
  50216	    504	  10328	  61048	   ee78	IMU_debug.elf
Finished building: default.size.stdout
 
20:38:26 **** Incremental Build of configuration Debug for project IMU_debug ****
make -j12 all 
arm-none-eabi-gcc "../Core/Src/main.c" -mcpu=cortex-m4 -std=gnu11 -g3 -DDEBUG -DUSE_HAL_DRIVER -DSTM32F411xE -c -I../USB_DEVICE/App -I../USB_DEVICE/Target -I../Core/Inc -I../Drivers/STM32F4xx_HAL_Driver/Inc -I../Drivers/STM32F4xx_HAL_Driver/Inc/Legacy -I../Middlewares/ST/STM32_USB_Device_Library/Core/Inc -I../Middlewares/ST/STM32_USB_Device_Library/Class/CDC/Inc -I../Drivers/CMSIS/Device/ST/STM32F4xx/Include -I../Drivers/CMSIS/Include -O0 -ffunction-sections -fdata-sections -Wall -fstack-usage -MMD -MP -MF"Core/Src/main.d" -MT"Core/Src/main.o" --specs=nano.specs -mfpu=fpv4-sp-d16 -mfloat-abi=hard -mthumb -o "Core/Src/main.o"
../Core/Src/main.c: In function 'normalize_v3f':
../Core/Src/main.c:232:1: warning: control reaches end of non-void function [-Wreturn-type]
  232 | }
      | ^
arm-none-eabi-gcc -o "IMU_debug.elf" @"objects.list"   -mcpu=cortex-m4 -T"G:\ROBORACER\RoboRacerCode\IMU_debug\STM32F411VETX_FLASH.ld" --specs=nosys.specs -Wl,-Map="IMU_debug.map" -Wl,--gc-sections -static --specs=nano.specs -mfpu=fpv4-sp-d16 -mfloat-abi=hard -mthumb -Wl,--start-group -lc -lm -Wl,--end-group
Finished building target: IMU_debug.elf
 
arm-none-eabi-size   IMU_debug.elf 
arm-none-eabi-objdump -h -S  IMU_debug.elf  > "IMU_debug.list"
   text	   data	    bss	    dec	    hex	filename
  50176	    504	  10328	  61008	   ee50	IMU_debug.elf
arm-none-eabi-objcopy  -O ihex  IMU_debug.elf  "IMU_debug.hex"
Finished building: default.size.stdout
arm-none-eabi-objcopy  -O binary  IMU_debug.elf  "IMU_debug.bin"
 
Finished building: IMU_debug.hex
Finished building: IMU_debug.bin
 
 
Finished building: IMU_debug.list
 
20:45:10 **** Incremental Build of configuration Debug for project IMU_debug ****
make -j12 all 
arm-none-eabi-gcc "../Core/Src/main.c" -mcpu=cortex-m4 -std=gnu11 -g3 -DDEBUG -DUSE_HAL_DRIVER -DSTM32F411xE -c -I../USB_DEVICE/App -I../USB_DEVICE/Target -I../Core/Inc -I../Drivers/STM32F4xx_HAL_Driver/Inc -I../Drivers/STM32F4xx_HAL_Driver/Inc/Legacy -I../Middlewares/ST/STM32_USB_Device_Library/Core/Inc -I../Middlewares/ST/STM32_USB_Device_Library/Class/CDC/Inc -I../Drivers/CMSIS/Device/ST/STM32F4xx/Include -I../Drivers/CMSIS/Include -O0 -ffunction-sections -fdata-sections -Wall -fstack-usage -MMD -MP -MF"Core/Src/main.d" -MT"Core/Src/main.o" --specs=nano.specs -mfpu=fpv4-sp-d16 -mfloat-abi=hard -mthumb -o "Core/Src/main.o"
../Core/Src/main.c: In function 'normalize_v3f':
../Core/Src/main.c:232:1: warning: control reaches end of non-void function [-Wreturn-type]
  232 | }
      | ^
arm-none-eabi-gcc -o "IMU_debug.elf" @"objects.list"   -mcpu=cortex-m4 -T"G:\ROBORACER\RoboRacerCode\IMU_debug\STM32F411VETX_FLASH.ld" --specs=nosys.specs -Wl,-Map="IMU_debug.map" -Wl,--gc-sections -static --specs=nano.specs -mfpu=fpv4-sp-d16 -mfloat-abi=hard -mthumb -Wl,--start-group -lc -lm -Wl,--end-group
Finished building target: IMU_debug.elf
 
arm-none-eabi-size   IMU_debug.elf 
arm-none-eabi-objdump -h -S  IMU_debug.elf  > "IMU_debug.list"
arm-none-eabi-objcopy  -O ihex  IMU_debug.elf  "IMU_debug.hex"
   text	   data	    bss	    dec	    hex	filename
  50176	    504	  10328	  61008	   ee50	IMU_debug.elf
arm-none-eabi-objcopy  -O binary  IMU_debug.elf  "IMU_debug.bin"
Finished building: default.size.stdout
 
Finished building: IMU_debug.hex
Finished building: IMU_debug.bin
 
 
Finished building: IMU_debug.list
 
20:49:48 **** Incremental Build of configuration Debug for project IMU_debug ****
make -j12 all 
arm-none-eabi-gcc "../Core/Src/main.c" -mcpu=cortex-m4 -std=gnu11 -g3 -DDEBUG -DUSE_HAL_DRIVER -DSTM32F411xE -c -I../USB_DEVICE/App -I../USB_DEVICE/Target -I../Core/Inc -I../Drivers/STM32F4xx_HAL_Driver/Inc -I../Drivers/STM32F4xx_HAL_Driver/Inc/Legacy -I../Middlewares/ST/STM32_USB_Device_Library/Core/Inc -I../Middlewares/ST/STM32_USB_Device_Library/Class/CDC/Inc -I../Drivers/CMSIS/Device/ST/STM32F4xx/Include -I../Drivers/CMSIS/Include -O0 -ffunction-sections -fdata-sections -Wall -fstack-usage -MMD -MP -MF"Core/Src/main.d" -MT"Core/Src/main.o" --specs=nano.specs -mfpu=fpv4-sp-d16 -mfloat-abi=hard -mthumb -o "Core/Src/main.o"
../Core/Src/main.c: In function 'normalize_v3f':
../Core/Src/main.c:232:1: warning: control reaches end of non-void function [-Wreturn-type]
  232 | }
      | ^
arm-none-eabi-gcc -o "IMU_debug.elf" @"objects.list"   -mcpu=cortex-m4 -T"G:\ROBORACER\RoboRacerCode\IMU_debug\STM32F411VETX_FLASH.ld" --specs=nosys.specs -Wl,-Map="IMU_debug.map" -Wl,--gc-sections -static --specs=nano.specs -mfpu=fpv4-sp-d16 -mfloat-abi=hard -mthumb -Wl,--start-group -lc -lm -Wl,--end-group
Finished building target: IMU_debug.elf
 
arm-none-eabi-size   IMU_debug.elf 
arm-none-eabi-objdump -h -S  IMU_debug.elf  > "IMU_debug.list"
   text	   data	    bss	    dec	    hex	filename
  50216	    504	  10328	  61048	   ee78	IMU_debug.elf
arm-none-eabi-objcopy  -O ihex  IMU_debug.elf  "IMU_debug.hex"
Finished building: default.size.stdout
arm-none-eabi-objcopy  -O binary  IMU_debug.elf  "IMU_debug.bin"
 
Finished building: IMU_debug.hex
 
Finished building: IMU_debug.bin
 
Finished building: IMU_debug.list
 
21:37:52 **** Incremental Build of configuration Debug for project IMU_debug ****
make -j12 all 
arm-none-eabi-gcc "../Core/Src/main.c" -mcpu=cortex-m4 -std=gnu11 -g3 -DDEBUG -DUSE_HAL_DRIVER -DSTM32F411xE -c -I../USB_DEVICE/App -I../USB_DEVICE/Target -I../Core/Inc -I../Drivers/STM32F4xx_HAL_Driver/Inc -I../Drivers/STM32F4xx_HAL_Driver/Inc/Legacy -I../Middlewares/ST/STM32_USB_Device_Library/Core/Inc -I../Middlewares/ST/STM32_USB_Device_Library/Class/CDC/Inc -I../Drivers/CMSIS/Device/ST/STM32F4xx/Include -I../Drivers/CMSIS/Include -O0 -ffunction-sections -fdata-sections -Wall -fstack-usage -MMD -MP -MF"Core/Src/main.d" -MT"Core/Src/main.o" --specs=nano.specs -mfpu=fpv4-sp-d16 -mfloat-abi=hard -mthumb -o "Core/Src/main.o"
../Core/Src/main.c: In function 'normalize_v3f':
../Core/Src/main.c:232:1: warning: control reaches end of non-void function [-Wreturn-type]
  232 | }
      | ^
arm-none-eabi-gcc -o "IMU_debug.elf" @"objects.list"   -mcpu=cortex-m4 -T"G:\ROBORACER\RoboRacerCode\IMU_debug\STM32F411VETX_FLASH.ld" --specs=nosys.specs -Wl,-Map="IMU_debug.map" -Wl,--gc-sections -static --specs=nano.specs -mfpu=fpv4-sp-d16 -mfloat-abi=hard -mthumb -Wl,--start-group -lc -lm -Wl,--end-group
Finished building target: IMU_debug.elf
 
arm-none-eabi-size   IMU_debug.elf 
arm-none-eabi-objdump -h -S  IMU_debug.elf  > "IMU_debug.list"
arm-none-eabi-objcopy  -O ihex  IMU_debug.elf  "IMU_debug.hex"
   text	   data	    bss	    dec	    hex	filename
  55636	    504	  10328	  66468	  103a4	IMU_debug.elf
arm-none-eabi-objcopy  -O binary  IMU_debug.elf  "IMU_debug.bin"
Finished building: default.size.stdout
 
Finished building: IMU_debug.hex
Finished building: IMU_debug.bin
 
 
Finished building: IMU_debug.list
 
21:39:04 **** Incremental Build of configuration Debug for project IMU_debug ****
make -j12 all 
arm-none-eabi-gcc "../Core/Src/main.c" -mcpu=cortex-m4 -std=gnu11 -g3 -DDEBUG -DUSE_HAL_DRIVER -DSTM32F411xE -c -I../USB_DEVICE/App -I../USB_DEVICE/Target -I../Core/Inc -I../Drivers/STM32F4xx_HAL_Driver/Inc -I../Drivers/STM32F4xx_HAL_Driver/Inc/Legacy -I../Middlewares/ST/STM32_USB_Device_Library/Core/Inc -I../Middlewares/ST/STM32_USB_Device_Library/Class/CDC/Inc -I../Drivers/CMSIS/Device/ST/STM32F4xx/Include -I../Drivers/CMSIS/Include -O0 -ffunction-sections -fdata-sections -Wall -fstack-usage -MMD -MP -MF"Core/Src/main.d" -MT"Core/Src/main.o" --specs=nano.specs -mfpu=fpv4-sp-d16 -mfloat-abi=hard -mthumb -o "Core/Src/main.o"
../Core/Src/main.c: In function 'normalize_v3f':
../Core/Src/main.c:232:1: warning: control reaches end of non-void function [-Wreturn-type]
  232 | }
      | ^
arm-none-eabi-gcc -o "IMU_debug.elf" @"objects.list"   -mcpu=cortex-m4 -T"G:\ROBORACER\RoboRacerCode\IMU_debug\STM32F411VETX_FLASH.ld" --specs=nosys.specs -Wl,-Map="IMU_debug.map" -Wl,--gc-sections -static --specs=nano.specs -mfpu=fpv4-sp-d16 -mfloat-abi=hard -mthumb -Wl,--start-group -lc -lm -Wl,--end-group
Finished building target: IMU_debug.elf
 
arm-none-eabi-size   IMU_debug.elf 
arm-none-eabi-objdump -h -S  IMU_debug.elf  > "IMU_debug.list"
   text	   data	    bss	    dec	    hex	filename
  55588	    504	  10328	  66420	  10374	IMU_debug.elf
arm-none-eabi-objcopy  -O ihex  IMU_debug.elf  "IMU_debug.hex"
Finished building: default.size.stdout
arm-none-eabi-objcopy  -O binary  IMU_debug.elf  "IMU_debug.bin"
 
Finished building: IMU_debug.hex
 
Finished building: IMU_debug.bin
Finished building: IMU_debug.list
 
 
21:41:05 **** Incremental Build of configuration Debug for project IMU_debug ****
make -j12 all 
arm-none-eabi-gcc "../Core/Src/main.c" -mcpu=cortex-m4 -std=gnu11 -g3 -DDEBUG -DUSE_HAL_DRIVER -DSTM32F411xE -c -I../USB_DEVICE/App -I../USB_DEVICE/Target -I../Core/Inc -I../Drivers/STM32F4xx_HAL_Driver/Inc -I../Drivers/STM32F4xx_HAL_Driver/Inc/Legacy -I../Middlewares/ST/STM32_USB_Device_Library/Core/Inc -I../Middlewares/ST/STM32_USB_Device_Library/Class/CDC/Inc -I../Drivers/CMSIS/Device/ST/STM32F4xx/Include -I../Drivers/CMSIS/Include -O0 -ffunction-sections -fdata-sections -Wall -fstack-usage -MMD -MP -MF"Core/Src/main.d" -MT"Core/Src/main.o" --specs=nano.specs -mfpu=fpv4-sp-d16 -mfloat-abi=hard -mthumb -o "Core/Src/main.o"
../Core/Src/main.c: In function 'normalize_v3f':
../Core/Src/main.c:232:1: warning: control reaches end of non-void function [-Wreturn-type]
  232 | }
      | ^
arm-none-eabi-gcc -o "IMU_debug.elf" @"objects.list"   -mcpu=cortex-m4 -T"G:\ROBORACER\RoboRacerCode\IMU_debug\STM32F411VETX_FLASH.ld" --specs=nosys.specs -Wl,-Map="IMU_debug.map" -Wl,--gc-sections -static --specs=nano.specs -mfpu=fpv4-sp-d16 -mfloat-abi=hard -mthumb -Wl,--start-group -lc -lm -Wl,--end-group
Finished building target: IMU_debug.elf
 
arm-none-eabi-size   IMU_debug.elf 
arm-none-eabi-objdump -h -S  IMU_debug.elf  > "IMU_debug.list"
   text	   data	    bss	    dec	    hex	filename
  55588	    504	  10328	  66420	  10374	IMU_debug.elf
arm-none-eabi-objcopy  -O ihex  IMU_debug.elf  "IMU_debug.hex"
Finished building: default.size.stdout
arm-none-eabi-objcopy  -O binary  IMU_debug.elf  "IMU_debug.bin"
 
Finished building: IMU_debug.hex
 
Finished building: IMU_debug.bin
 
Finished building: IMU_debug.list
 
21:44:46 **** Incremental Build of configuration Debug for project IMU_debug ****
make -j12 all 
arm-none-eabi-gcc "../Core/Src/main.c" -mcpu=cortex-m4 -std=gnu11 -g3 -DDEBUG -DUSE_HAL_DRIVER -DSTM32F411xE -c -I../USB_DEVICE/App -I../USB_DEVICE/Target -I../Core/Inc -I../Drivers/STM32F4xx_HAL_Driver/Inc -I../Drivers/STM32F4xx_HAL_Driver/Inc/Legacy -I../Middlewares/ST/STM32_USB_Device_Library/Core/Inc -I../Middlewares/ST/STM32_USB_Device_Library/Class/CDC/Inc -I../Drivers/CMSIS/Device/ST/STM32F4xx/Include -I../Drivers/CMSIS/Include -O0 -ffunction-sections -fdata-sections -Wall -fstack-usage -MMD -MP -MF"Core/Src/main.d" -MT"Core/Src/main.o" --specs=nano.specs -mfpu=fpv4-sp-d16 -mfloat-abi=hard -mthumb -o "Core/Src/main.o"
../Core/Src/main.c: In function 'normalize_v3f':
../Core/Src/main.c:232:1: warning: control reaches end of non-void function [-Wreturn-type]
  232 | }
      | ^
arm-none-eabi-gcc -o "IMU_debug.elf" @"objects.list"   -mcpu=cortex-m4 -T"G:\ROBORACER\RoboRacerCode\IMU_debug\STM32F411VETX_FLASH.ld" --specs=nosys.specs -Wl,-Map="IMU_debug.map" -Wl,--gc-sections -static --specs=nano.specs -mfpu=fpv4-sp-d16 -mfloat-abi=hard -mthumb -Wl,--start-group -lc -lm -Wl,--end-group
Finished building target: IMU_debug.elf
 
arm-none-eabi-size   IMU_debug.elf 
arm-none-eabi-objdump -h -S  IMU_debug.elf  > "IMU_debug.list"
arm-none-eabi-objcopy  -O ihex  IMU_debug.elf  "IMU_debug.hex"
   text	   data	    bss	    dec	    hex	filename
  55588	    504	  10328	  66420	  10374	IMU_debug.elf
arm-none-eabi-objcopy  -O binary  IMU_debug.elf  "IMU_debug.bin"
Finished building: default.size.stdout
 
Finished building: IMU_debug.hex
Finished building: IMU_debug.bin
 
 
Finished building: IMU_debug.list
 
22:08:15 **** Incremental Build of configuration Debug for project IMU_debug ****
make -j12 all 
arm-none-eabi-gcc "../Core/Src/main.c" -mcpu=cortex-m4 -std=gnu11 -g3 -DDEBUG -DUSE_HAL_DRIVER -DSTM32F411xE -c -I../USB_DEVICE/App -I../USB_DEVICE/Target -I../Core/Inc -I../Drivers/STM32F4xx_HAL_Driver/Inc -I../Drivers/STM32F4xx_HAL_Driver/Inc/Legacy -I../Middlewares/ST/STM32_USB_Device_Library/Core/Inc -I../Middlewares/ST/STM32_USB_Device_Library/Class/CDC/Inc -I../Drivers/CMSIS/Device/ST/STM32F4xx/Include -I../Drivers/CMSIS/Include -O0 -ffunction-sections -fdata-sections -Wall -fstack-usage -MMD -MP -MF"Core/Src/main.d" -MT"Core/Src/main.o" --specs=nano.specs -mfpu=fpv4-sp-d16 -mfloat-abi=hard -mthumb -o "Core/Src/main.o"
../Core/Src/main.c: In function 'normalize_v3f':
../Core/Src/main.c:232:1: warning: control reaches end of non-void function [-Wreturn-type]
  232 | }
      | ^
arm-none-eabi-gcc -o "IMU_debug.elf" @"objects.list"   -mcpu=cortex-m4 -T"G:\ROBORACER\RoboRacerCode\IMU_debug\STM32F411VETX_FLASH.ld" --specs=nosys.specs -Wl,-Map="IMU_debug.map" -Wl,--gc-sections -static --specs=nano.specs -mfpu=fpv4-sp-d16 -mfloat-abi=hard -mthumb -Wl,--start-group -lc -lm -Wl,--end-group
Finished building target: IMU_debug.elf
 
arm-none-eabi-size   IMU_debug.elf 
arm-none-eabi-objdump -h -S  IMU_debug.elf  > "IMU_debug.list"
arm-none-eabi-objcopy  -O ihex  IMU_debug.elf  "IMU_debug.hex"
   text	   data	    bss	    dec	    hex	filename
  55324	    504	  10328	  66156	  1026c	IMU_debug.elf
arm-none-eabi-objcopy  -O binary  IMU_debug.elf  "IMU_debug.bin"
Finished building: default.size.stdout
 
Finished building: IMU_debug.hex
Finished building: IMU_debug.bin
 
 
Finished building: IMU_debug.list
 
22:10:35 **** Incremental Build of configuration Debug for project IMU_debug ****
make -j12 all 
arm-none-eabi-gcc "../Core/Src/main.c" -mcpu=cortex-m4 -std=gnu11 -g3 -DDEBUG -DUSE_HAL_DRIVER -DSTM32F411xE -c -I../USB_DEVICE/App -I../USB_DEVICE/Target -I../Core/Inc -I../Drivers/STM32F4xx_HAL_Driver/Inc -I../Drivers/STM32F4xx_HAL_Driver/Inc/Legacy -I../Middlewares/ST/STM32_USB_Device_Library/Core/Inc -I../Middlewares/ST/STM32_USB_Device_Library/Class/CDC/Inc -I../Drivers/CMSIS/Device/ST/STM32F4xx/Include -I../Drivers/CMSIS/Include -O0 -ffunction-sections -fdata-sections -Wall -fstack-usage -MMD -MP -MF"Core/Src/main.d" -MT"Core/Src/main.o" --specs=nano.specs -mfpu=fpv4-sp-d16 -mfloat-abi=hard -mthumb -o "Core/Src/main.o"
../Core/Src/main.c: In function 'normalize_v3f':
../Core/Src/main.c:232:1: warning: control reaches end of non-void function [-Wreturn-type]
  232 | }
      | ^
arm-none-eabi-gcc -o "IMU_debug.elf" @"objects.list"   -mcpu=cortex-m4 -T"G:\ROBORACER\RoboRacerCode\IMU_debug\STM32F411VETX_FLASH.ld" --specs=nosys.specs -Wl,-Map="IMU_debug.map" -Wl,--gc-sections -static --specs=nano.specs -mfpu=fpv4-sp-d16 -mfloat-abi=hard -mthumb -Wl,--start-group -lc -lm -Wl,--end-group
Finished building target: IMU_debug.elf
 
arm-none-eabi-size   IMU_debug.elf 
arm-none-eabi-objdump -h -S  IMU_debug.elf  > "IMU_debug.list"
   text	   data	    bss	    dec	    hex	filename
  55612	    504	  10328	  66444	  1038c	IMU_debug.elf
arm-none-eabi-objcopy  -O ihex  IMU_debug.elf  "IMU_debug.hex"
Finished building: default.size.stdout
arm-none-eabi-objcopy  -O binary  IMU_debug.elf  "IMU_debug.bin"
 
Finished building: IMU_debug.hex
 
Finished building: IMU_debug.bin
 
Finished building: IMU_debug.list
 
22:20:32 **** Incremental Build of configuration Debug for project IMU_debug ****
make -j12 all 
arm-none-eabi-gcc "../Core/Src/main.c" -mcpu=cortex-m4 -std=gnu11 -g3 -DDEBUG -DUSE_HAL_DRIVER -DSTM32F411xE -c -I../USB_DEVICE/App -I../USB_DEVICE/Target -I../Core/Inc -I../Drivers/STM32F4xx_HAL_Driver/Inc -I../Drivers/STM32F4xx_HAL_Driver/Inc/Legacy -I../Middlewares/ST/STM32_USB_Device_Library/Core/Inc -I../Middlewares/ST/STM32_USB_Device_Library/Class/CDC/Inc -I../Drivers/CMSIS/Device/ST/STM32F4xx/Include -I../Drivers/CMSIS/Include -O0 -ffunction-sections -fdata-sections -Wall -fstack-usage -MMD -MP -MF"Core/Src/main.d" -MT"Core/Src/main.o" --specs=nano.specs -mfpu=fpv4-sp-d16 -mfloat-abi=hard -mthumb -o "Core/Src/main.o"
../Core/Src/main.c: In function 'normalize_v3f':
../Core/Src/main.c:232:1: warning: control reaches end of non-void function [-Wreturn-type]
  232 | }
      | ^
arm-none-eabi-gcc -o "IMU_debug.elf" @"objects.list"   -mcpu=cortex-m4 -T"G:\ROBORACER\RoboRacerCode\IMU_debug\STM32F411VETX_FLASH.ld" --specs=nosys.specs -Wl,-Map="IMU_debug.map" -Wl,--gc-sections -static --specs=nano.specs -mfpu=fpv4-sp-d16 -mfloat-abi=hard -mthumb -Wl,--start-group -lc -lm -Wl,--end-group
Finished building target: IMU_debug.elf
 
arm-none-eabi-size   IMU_debug.elf 
arm-none-eabi-objdump -h -S  IMU_debug.elf  > "IMU_debug.list"
arm-none-eabi-objcopy  -O ihex  IMU_debug.elf  "IMU_debug.hex"
   text	   data	    bss	    dec	    hex	filename
  55612	    504	  10328	  66444	  1038c	IMU_debug.elf
arm-none-eabi-objcopy  -O binary  IMU_debug.elf  "IMU_debug.bin"
Finished building: default.size.stdout
 
Finished building: IMU_debug.hex
Finished building: IMU_debug.bin
 
 
Finished building: IMU_debug.list
 
22:21:19 **** Incremental Build of configuration Debug for project IMU_debug ****
make -j12 all 
arm-none-eabi-gcc "../Core/Src/main.c" -mcpu=cortex-m4 -std=gnu11 -g3 -DDEBUG -DUSE_HAL_DRIVER -DSTM32F411xE -c -I../USB_DEVICE/App -I../USB_DEVICE/Target -I../Core/Inc -I../Drivers/STM32F4xx_HAL_Driver/Inc -I../Drivers/STM32F4xx_HAL_Driver/Inc/Legacy -I../Middlewares/ST/STM32_USB_Device_Library/Core/Inc -I../Middlewares/ST/STM32_USB_Device_Library/Class/CDC/Inc -I../Drivers/CMSIS/Device/ST/STM32F4xx/Include -I../Drivers/CMSIS/Include -O0 -ffunction-sections -fdata-sections -Wall -fstack-usage -MMD -MP -MF"Core/Src/main.d" -MT"Core/Src/main.o" --specs=nano.specs -mfpu=fpv4-sp-d16 -mfloat-abi=hard -mthumb -o "Core/Src/main.o"
../Core/Src/main.c: In function 'normalize_v3f':
../Core/Src/main.c:232:1: warning: control reaches end of non-void function [-Wreturn-type]
  232 | }
      | ^
arm-none-eabi-gcc -o "IMU_debug.elf" @"objects.list"   -mcpu=cortex-m4 -T"G:\ROBORACER\RoboRacerCode\IMU_debug\STM32F411VETX_FLASH.ld" --specs=nosys.specs -Wl,-Map="IMU_debug.map" -Wl,--gc-sections -static --specs=nano.specs -mfpu=fpv4-sp-d16 -mfloat-abi=hard -mthumb -Wl,--start-group -lc -lm -Wl,--end-group
Finished building target: IMU_debug.elf
 
arm-none-eabi-size   IMU_debug.elf 
arm-none-eabi-objdump -h -S  IMU_debug.elf  > "IMU_debug.list"
   text	   data	    bss	    dec	    hex	filename
  55612	    504	  10328	  66444	  1038c	IMU_debug.elf
arm-none-eabi-objcopy  -O ihex  IMU_debug.elf  "IMU_debug.hex"
Finished building: default.size.stdout
arm-none-eabi-objcopy  -O binary  IMU_debug.elf  "IMU_debug.bin"
 
Finished building: IMU_debug.hex
 
Finished building: IMU_debug.bin
 
Finished building: IMU_debug.list
 
22:22:20 **** Incremental Build of configuration Debug for project IMU_debug ****
make -j12 all 
arm-none-eabi-gcc "../Core/Src/main.c" -mcpu=cortex-m4 -std=gnu11 -g3 -DDEBUG -DUSE_HAL_DRIVER -DSTM32F411xE -c -I../USB_DEVICE/App -I../USB_DEVICE/Target -I../Core/Inc -I../Drivers/STM32F4xx_HAL_Driver/Inc -I../Drivers/STM32F4xx_HAL_Driver/Inc/Legacy -I../Middlewares/ST/STM32_USB_Device_Library/Core/Inc -I../Middlewares/ST/STM32_USB_Device_Library/Class/CDC/Inc -I../Drivers/CMSIS/Device/ST/STM32F4xx/Include -I../Drivers/CMSIS/Include -O0 -ffunction-sections -fdata-sections -Wall -fstack-usage -MMD -MP -MF"Core/Src/main.d" -MT"Core/Src/main.o" --specs=nano.specs -mfpu=fpv4-sp-d16 -mfloat-abi=hard -mthumb -o "Core/Src/main.o"
../Core/Src/main.c: In function 'normalize_v3f':
../Core/Src/main.c:232:1: warning: control reaches end of non-void function [-Wreturn-type]
  232 | }
      | ^
arm-none-eabi-gcc -o "IMU_debug.elf" @"objects.list"   -mcpu=cortex-m4 -T"G:\ROBORACER\RoboRacerCode\IMU_debug\STM32F411VETX_FLASH.ld" --specs=nosys.specs -Wl,-Map="IMU_debug.map" -Wl,--gc-sections -static --specs=nano.specs -mfpu=fpv4-sp-d16 -mfloat-abi=hard -mthumb -Wl,--start-group -lc -lm -Wl,--end-group
Finished building target: IMU_debug.elf
 
arm-none-eabi-size   IMU_debug.elf 
arm-none-eabi-objdump -h -S  IMU_debug.elf  > "IMU_debug.list"
   text	   data	    bss	    dec	    hex	filename
  55612	    504	  10328	  66444	  1038c	IMU_debug.elf
arm-none-eabi-objcopy  -O ihex  IMU_debug.elf  "IMU_debug.hex"
Finished building: default.size.stdout
arm-none-eabi-objcopy  -O binary  IMU_debug.elf  "IMU_debug.bin"
 
Finished building: IMU_debug.hex
 
Finished building: IMU_debug.bin
 
Finished building: IMU_debug.list
 
22:24:18 **** Incremental Build of configuration Debug for project IMU_debug ****
make -j12 all 
arm-none-eabi-gcc "../Core/Src/main.c" -mcpu=cortex-m4 -std=gnu11 -g3 -DDEBUG -DUSE_HAL_DRIVER -DSTM32F411xE -c -I../USB_DEVICE/App -I../USB_DEVICE/Target -I../Core/Inc -I../Drivers/STM32F4xx_HAL_Driver/Inc -I../Drivers/STM32F4xx_HAL_Driver/Inc/Legacy -I../Middlewares/ST/STM32_USB_Device_Library/Core/Inc -I../Middlewares/ST/STM32_USB_Device_Library/Class/CDC/Inc -I../Drivers/CMSIS/Device/ST/STM32F4xx/Include -I../Drivers/CMSIS/Include -O0 -ffunction-sections -fdata-sections -Wall -fstack-usage -MMD -MP -MF"Core/Src/main.d" -MT"Core/Src/main.o" --specs=nano.specs -mfpu=fpv4-sp-d16 -mfloat-abi=hard -mthumb -o "Core/Src/main.o"
../Core/Src/main.c: In function 'normalize_v3f':
../Core/Src/main.c:232:1: warning: control reaches end of non-void function [-Wreturn-type]
  232 | }
      | ^
arm-none-eabi-gcc -o "IMU_debug.elf" @"objects.list"   -mcpu=cortex-m4 -T"G:\ROBORACER\RoboRacerCode\IMU_debug\STM32F411VETX_FLASH.ld" --specs=nosys.specs -Wl,-Map="IMU_debug.map" -Wl,--gc-sections -static --specs=nano.specs -mfpu=fpv4-sp-d16 -mfloat-abi=hard -mthumb -Wl,--start-group -lc -lm -Wl,--end-group
Finished building target: IMU_debug.elf
 
arm-none-eabi-size   IMU_debug.elf 
arm-none-eabi-objdump -h -S  IMU_debug.elf  > "IMU_debug.list"
   text	   data	    bss	    dec	    hex	filename
  55612	    504	  10328	  66444	  1038c	IMU_debug.elf
arm-none-eabi-objcopy  -O ihex  IMU_debug.elf  "IMU_debug.hex"
Finished building: default.size.stdout
arm-none-eabi-objcopy  -O binary  IMU_debug.elf  "IMU_debug.bin"
 
Finished building: IMU_debug.hex
Finished building: IMU_debug.bin
 
 
Finished building: IMU_debug.list
 
22:25:48 **** Incremental Build of configuration Debug for project IMU_debug ****
make -j12 all 
arm-none-eabi-size   IMU_debug.elf 
   text	   data	    bss	    dec	    hex	filename
  55612	    504	  10328	  66444	  1038c	IMU_debug.elf
Finished building: default.size.stdout
 
22:27:55 **** Incremental Build of configuration Debug for project IMU_debug ****
make -j12 all 
arm-none-eabi-gcc "../Core/Src/main.c" -mcpu=cortex-m4 -std=gnu11 -g3 -DDEBUG -DUSE_HAL_DRIVER -DSTM32F411xE -c -I../USB_DEVICE/App -I../USB_DEVICE/Target -I../Core/Inc -I../Drivers/STM32F4xx_HAL_Driver/Inc -I../Drivers/STM32F4xx_HAL_Driver/Inc/Legacy -I../Middlewares/ST/STM32_USB_Device_Library/Core/Inc -I../Middlewares/ST/STM32_USB_Device_Library/Class/CDC/Inc -I../Drivers/CMSIS/Device/ST/STM32F4xx/Include -I../Drivers/CMSIS/Include -O0 -ffunction-sections -fdata-sections -Wall -fstack-usage -MMD -MP -MF"Core/Src/main.d" -MT"Core/Src/main.o" --specs=nano.specs -mfpu=fpv4-sp-d16 -mfloat-abi=hard -mthumb -o "Core/Src/main.o"
../Core/Src/main.c: In function 'normalize_v3f':
../Core/Src/main.c:232:1: warning: control reaches end of non-void function [-Wreturn-type]
  232 | }
      | ^
arm-none-eabi-gcc -o "IMU_debug.elf" @"objects.list"   -mcpu=cortex-m4 -T"G:\ROBORACER\RoboRacerCode\IMU_debug\STM32F411VETX_FLASH.ld" --specs=nosys.specs -Wl,-Map="IMU_debug.map" -Wl,--gc-sections -static --specs=nano.specs -mfpu=fpv4-sp-d16 -mfloat-abi=hard -mthumb -Wl,--start-group -lc -lm -Wl,--end-group
Finished building target: IMU_debug.elf
 
arm-none-eabi-size   IMU_debug.elf 
arm-none-eabi-objdump -h -S  IMU_debug.elf  > "IMU_debug.list"
   text	   data	    bss	    dec	    hex	filename
  55612	    504	  10328	  66444	  1038c	IMU_debug.elf
arm-none-eabi-objcopy  -O ihex  IMU_debug.elf  "IMU_debug.hex"
Finished building: default.size.stdout
arm-none-eabi-objcopy  -O binary  IMU_debug.elf  "IMU_debug.bin"
 
Finished building: IMU_debug.hex
Finished building: IMU_debug.bin
 
 
Finished building: IMU_debug.list
 
11:06:06 **** Clean-only build of configuration Debug for project RobotFreeRTOS ****
make -j12 clean 
rm -rf  default.size.stdout  RobotFreeRTOS.list  RobotFreeRTOS.elf  ./USB_DEVICE/Target/usbd_conf.o  ./USB_DEVICE/App/usb_device.o ./USB_DEVICE/App/usbd_cdc_if.o ./USB_DEVICE/App/usbd_desc.o  ./Middlewares/Third_Party/FreeRTOS/Source/portable/MemMang/heap_4.o  ./Middlewares/Third_Party/FreeRTOS/Source/portable/GCC/ARM_CM4F/port.o  ./Middlewares/Third_Party/FreeRTOS/Source/CMSIS_RTOS_V2/cmsis_os2.o  ./Middlewares/Third_Party/FreeRTOS/Source/croutine.o ./Middlewares/Third_Party/FreeRTOS/Source/event_groups.o ./Middlewares/Third_Party/FreeRTOS/Source/list.o ./Middlewares/Third_Party/FreeRTOS/Source/queue.o ./Middlewares/Third_Party/FreeRTOS/Source/stream_buffer.o ./Middlewares/Third_Party/FreeRTOS/Source/tasks.o ./Middlewares/Third_Party/FreeRTOS/Source/timers.o  ./Middlewares/ST/STM32_USB_Device_Library/Core/Src/usbd_core.o ./Middlewares/ST/STM32_USB_Device_Library/Core/Src/usbd_ctlreq.o ./Middlewares/ST/STM32_USB_Device_Library/Core/Src/usbd_ioreq.o  ./Middlewares/ST/STM32_USB_Device_Library/Class/CDC/Src/usbd_cdc.o  ./Drivers/STM32F4xx_HAL_Driver/Src/stm32f4xx_hal.o ./Drivers/STM32F4xx_HAL_Driver/Src/stm32f4xx_hal_cortex.o ./Drivers/STM32F4xx_HAL_Driver/Src/stm32f4xx_hal_dma.o ./Drivers/STM32F4xx_HAL_Driver/Src/stm32f4xx_hal_dma_ex.o ./Drivers/STM32F4xx_HAL_Driver/Src/stm32f4xx_hal_exti.o ./Drivers/STM32F4xx_HAL_Driver/Src/stm32f4xx_hal_flash.o ./Drivers/STM32F4xx_HAL_Driver/Src/stm32f4xx_hal_flash_ex.o ./Drivers/STM32F4xx_HAL_Driver/Src/stm32f4xx_hal_flash_ramfunc.o ./Drivers/STM32F4xx_HAL_Driver/Src/stm32f4xx_hal_gpio.o ./Drivers/STM32F4xx_HAL_Driver/Src/stm32f4xx_hal_i2c.o ./Drivers/STM32F4xx_HAL_Driver/Src/stm32f4xx_hal_i2c_ex.o ./Drivers/STM32F4xx_HAL_Driver/Src/stm32f4xx_hal_i2s.o ./Drivers/STM32F4xx_HAL_Driver/Src/stm32f4xx_hal_i2s_ex.o ./Drivers/STM32F4xx_HAL_Driver/Src/stm32f4xx_hal_pcd.o ./Drivers/STM32F4xx_HAL_Driver/Src/stm32f4xx_hal_pcd_ex.o ./Drivers/STM32F4xx_HAL_Driver/Src/stm32f4xx_hal_pwr.o ./Drivers/STM32F4xx_HAL_Driver/Src/stm32f4xx_hal_pwr_ex.o ./Drivers/STM32F4xx_HAL_Driver/Src/stm32f4xx_hal_rcc.o ./Drivers/STM32F4xx_HAL_Driver/Src/stm32f4xx_hal_rcc_ex.o ./Drivers/STM32F4xx_HAL_Driver/Src/stm32f4xx_hal_spi.o ./Drivers/STM32F4xx_HAL_Driver/Src/stm32f4xx_hal_tim.o ./Drivers/STM32F4xx_HAL_Driver/Src/stm32f4xx_hal_tim_ex.o ./Drivers/STM32F4xx_HAL_Driver/Src/stm32f4xx_ll_usb.o  ./Core/Startup/startup_stm32f411vetx.o  ./Core/Src/MadgwickAHRS.o ./Core/Src/freertos.o ./Core/Src/main.o ./Core/Src/nrf24.o ./Core/Src/setup.o ./Core/Src/stm32f4xx_hal_msp.o ./Core/Src/stm32f4xx_hal_timebase_tim.o ./Core/Src/stm32f4xx_it.o ./Core/Src/syscalls.o ./Core/Src/sysmem.o ./Core/Src/system_stm32f4xx.o  ./Core/Startup/startup_stm32f411vetx.d  ./USB_DEVICE/Target/usbd_conf.d  ./USB_DEVICE/App/usb_device.d ./USB_DEVICE/App/usbd_cdc_if.d ./USB_DEVICE/App/usbd_desc.d  ./Middlewares/Third_Party/FreeRTOS/Source/portable/MemMang/heap_4.d  ./Middlewares/Third_Party/FreeRTOS/Source/portable/GCC/ARM_CM4F/port.d  ./Middlewares/Third_Party/FreeRTOS/Source/CMSIS_RTOS_V2/cmsis_os2.d  ./Middlewares/Third_Party/FreeRTOS/Source/croutine.d ./Middlewares/Third_Party/FreeRTOS/Source/event_groups.d ./Middlewares/Third_Party/FreeRTOS/Source/list.d ./Middlewares/Third_Party/FreeRTOS/Source/queue.d ./Middlewares/Third_Party/FreeRTOS/Source/stream_buffer.d ./Middlewares/Third_Party/FreeRTOS/Source/tasks.d ./Middlewares/Third_Party/FreeRTOS/Source/timers.d  ./Middlewares/ST/STM32_USB_Device_Library/Core/Src/usbd_core.d ./Middlewares/ST/STM32_USB_Device_Library/Core/Src/usbd_ctlreq.d ./Middlewares/ST/STM32_USB_Device_Library/Core/Src/usbd_ioreq.d  ./Middlewares/ST/STM32_USB_Device_Library/Class/CDC/Src/usbd_cdc.d  ./Drivers/STM32F4xx_HAL_Driver/Src/stm32f4xx_hal.d ./Drivers/STM32F4xx_HAL_Driver/Src/stm32f4xx_hal_cortex.d ./Drivers/STM32F4xx_HAL_Driver/Src/stm32f4xx_hal_dma.d ./Drivers/STM32F4xx_HAL_Driver/Src/stm32f4xx_hal_dma_ex.d ./Drivers/STM32F4xx_HAL_Driver/Src/stm32f4xx_hal_exti.d ./Drivers/STM32F4xx_HAL_Driver/Src/stm32f4xx_hal_flash.d ./Drivers/STM32F4xx_HAL_Driver/Src/stm32f4xx_hal_flash_ex.d ./Drivers/STM32F4xx_HAL_Driver/Src/stm32f4xx_hal_flash_ramfunc.d ./Drivers/STM32F4xx_HAL_Driver/Src/stm32f4xx_hal_gpio.d ./Drivers/STM32F4xx_HAL_Driver/Src/stm32f4xx_hal_i2c.d ./Drivers/STM32F4xx_HAL_Driver/Src/stm32f4xx_hal_i2c_ex.d ./Drivers/STM32F4xx_HAL_Driver/Src/stm32f4xx_hal_i2s.d ./Drivers/STM32F4xx_HAL_Driver/Src/stm32f4xx_hal_i2s_ex.d ./Drivers/STM32F4xx_HAL_Driver/Src/stm32f4xx_hal_pcd.d ./Drivers/STM32F4xx_HAL_Driver/Src/stm32f4xx_hal_pcd_ex.d ./Drivers/STM32F4xx_HAL_Driver/Src/stm32f4xx_hal_pwr.d ./Drivers/STM32F4xx_HAL_Driver/Src/stm32f4xx_hal_pwr_ex.d ./Drivers/STM32F4xx_HAL_Driver/Src/stm32f4xx_hal_rcc.d ./Drivers/STM32F4xx_HAL_Driver/Src/stm32f4xx_hal_rcc_ex.d ./Drivers/STM32F4xx_HAL_Driver/Src/stm32f4xx_hal_spi.d ./Drivers/STM32F4xx_HAL_Driver/Src/stm32f4xx_hal_tim.d ./Drivers/STM32F4xx_HAL_Driver/Src/stm32f4xx_hal_tim_ex.d ./Drivers/STM32F4xx_HAL_Driver/Src/stm32f4xx_ll_usb.d  ./Core/Src/MadgwickAHRS.d ./Core/Src/freertos.d ./Core/Src/main.d ./Core/Src/nrf24.d ./Core/Src/setup.d ./Core/Src/stm32f4xx_hal_msp.d ./Core/Src/stm32f4xx_hal_timebase_tim.d ./Core/Src/stm32f4xx_it.d ./Core/Src/syscalls.d ./Core/Src/sysmem.d ./Core/Src/system_stm32f4xx.d  RobotFreeRTOS.bin  RobotFreeRTOS.elf
 
11:06:07 **** Build of configuration Debug for project RobotFreeRTOS ****
make -j12 all 
arm-none-eabi-gcc "../USB_DEVICE/Target/usbd_conf.c" -mcpu=cortex-m4 -std=gnu11 -g3 -DDEBUG -DUSE_HAL_DRIVER -DSTM32F411xE -c -I../Core/Inc -I../Drivers/STM32F4xx_HAL_Driver/Inc -I../Drivers/STM32F4xx_HAL_Driver/Inc/Legacy -I../Drivers/CMSIS/Device/ST/STM32F4xx/Include -I../Drivers/CMSIS/Include -I../Middlewares/Third_Party/FreeRTOS/Source/include -I../Middlewares/Third_Party/FreeRTOS/Source/CMSIS_RTOS_V2 -I../Middlewares/Third_Party/FreeRTOS/Source/portable/GCC/ARM_CM4F -I../USB_DEVICE/App -I../USB_DEVICE/Target -I../Middlewares/ST/STM32_USB_Device_Library/Core/Inc -I../Middlewares/ST/STM32_USB_Device_Library/Class/CDC/Inc -O0 -ffunction-sections -fdata-sections -Wall -fstack-usage -MMD -MP -MF"USB_DEVICE/Target/usbd_conf.d" -MT"USB_DEVICE/Target/usbd_conf.o" --specs=nano.specs -mfpu=fpv4-sp-d16 -mfloat-abi=hard -mthumb -o "USB_DEVICE/Target/usbd_conf.o"
arm-none-eabi-gcc "../USB_DEVICE/App/usb_device.c" -mcpu=cortex-m4 -std=gnu11 -g3 -DDEBUG -DUSE_HAL_DRIVER -DSTM32F411xE -c -I../Core/Inc -I../Drivers/STM32F4xx_HAL_Driver/Inc -I../Drivers/STM32F4xx_HAL_Driver/Inc/Legacy -I../Drivers/CMSIS/Device/ST/STM32F4xx/Include -I../Drivers/CMSIS/Include -I../Middlewares/Third_Party/FreeRTOS/Source/include -I../Middlewares/Third_Party/FreeRTOS/Source/CMSIS_RTOS_V2 -I../Middlewares/Third_Party/FreeRTOS/Source/portable/GCC/ARM_CM4F -I../USB_DEVICE/App -I../USB_DEVICE/Target -I../Middlewares/ST/STM32_USB_Device_Library/Core/Inc -I../Middlewares/ST/STM32_USB_Device_Library/Class/CDC/Inc -O0 -ffunction-sections -fdata-sections -Wall -fstack-usage -MMD -MP -MF"USB_DEVICE/App/usb_device.d" -MT"USB_DEVICE/App/usb_device.o" --specs=nano.specs -mfpu=fpv4-sp-d16 -mfloat-abi=hard -mthumb -o "USB_DEVICE/App/usb_device.o"
[...]
arm-none-eabi-gcc "../Core/Src/stm32f4xx_it.c" -mcpu=cortex-m4 -std=gnu11 -g3 -DDEBUG -DUSE_HAL_DRIVER -DSTM32F411xE -c -I../Core/Inc -I../Drivers/STM32F4xx_HAL_Driver/Inc -I../Drivers/STM32F4xx_HAL_Driver/Inc/Legacy -I../Drivers/CMSIS/Device/ST/STM32F4xx/Include -I../Drivers/CMSIS/Include -I../Middlewares/Third_Party/FreeRTOS/Source/include -I../Middlewares/Third_Party/FreeRTOS/Source/CMSIS_RTOS_V2 -I../Middlewares/Third_Party/FreeRTOS/Source/portable/GCC/ARM_CM4F -I../USB_DEVICE/App -I../USB_DEVICE/Target -I../Middlewares/ST/STM32_USB_Device_Library/Core/Inc -I../Middlewares/ST/STM32_USB_Device_Library/Class/CDC/Inc -O0 -ffunction-sections -fdata-sections -Wall -fstack-usage -MMD -MP -MF"Core/Src/stm32f4xx_it.d" -MT"Core/Src/stm32f4xx_it.o" --specs=nano.specs -mfpu=fpv4-sp-d16 -mfloat-abi=hard -mthumb -o "Core/Src/stm32f4xx_it.o"
arm-none-eabi-gcc "../Core/Src/system_stm32f4xx.c" -mcpu=cortex-m4 -std=gnu11 -g3 -DDEBUG -DUSE_HAL_DRIVER -DSTM32F411xE -c -I../Core/Inc -I../Drivers/STM32F4xx_HAL_Driver/Inc -I../Drivers/STM32F4xx_HAL_Driver/Inc/Legacy -I../Drivers/CMSIS/Device/ST/STM32F4xx/Include -I../Drivers/CMSIS/Include -I../Middlewares/Third_Party/FreeRTOS/Source/include -I../Middlewares/Third_Party/FreeRTOS/Source/CMSIS_RTOS_V2 -I../Middlewares/Third_Party/FreeRTOS/Source/portable/GCC/ARM_CM4F -I../USB_DEVICE/App -I../USB_DEVICE/Target -I../Middlewares/ST/STM32_USB_Device_Library/Core/Inc -I../Middlewares/ST/STM32_USB_Device_Library/Class/CDC/Inc -O0 -ffunction-sections -fdata-sections -Wall -fstack-usage -MMD -MP -MF"Core/Src/system_stm32f4xx.d" -MT"Core/Src/system_stm32f4xx.o" --specs=nano.specs -mfpu=fpv4-sp-d16 -mfloat-abi=hard -mthumb -o "Core/Src/system_stm32f4xx.o"
../Core/Src/main.c: In function 'main':
../Core/Src/main.c:489:39: warning: passing argument 2 of 'HAL_SPI_TransmitReceive_DMA' discards 'volatile' qualifier from pointer target type [-Wdiscarded-qualifiers]
  489 |   HAL_SPI_TransmitReceive_DMA(&hspi5, SpiTxData, SpiRxData, 2); //beremo po dva
      |                                       ^~~~~~~~~
In file included from ../Core/Inc/stm32f4xx_hal_conf.h:398,
                 from ../Drivers/STM32F4xx_HAL_Driver/Inc/stm32f4xx_hal.h:30,
                 from ../Core/Inc/main.h:31,
                 from ../Core/Src/main.c:21:
../Drivers/STM32F4xx_HAL_Driver/Inc/stm32f4xx_hal_spi.h:680:81: note: expected 'uint8_t *' {aka 'unsigned char *'} but argument is of type 'volatile uint8_t *' {aka 'volatile unsigned char *'}
  680 | HAL_StatusTypeDef HAL_SPI_TransmitReceive_DMA(SPI_HandleTypeDef *hspi, uint8_t *pTxData, uint8_t *pRxData,
      |                                                                        ~~~~~~~~~^~~~~~~
../Core/Src/main.c:489:50: warning: passing argument 3 of 'HAL_SPI_TransmitReceive_DMA' discards 'volatile' qualifier from pointer target type [-Wdiscarded-qualifiers]
  489 |   HAL_SPI_TransmitReceive_DMA(&hspi5, SpiTxData, SpiRxData, 2); //beremo po dva
      |                                                  ^~~~~~~~~
In file included from ../Core/Inc/stm32f4xx_hal_conf.h:398,
                 from ../Drivers/STM32F4xx_HAL_Driver/Inc/stm32f4xx_hal.h:30,
                 from ../Core/Inc/main.h:31,
                 from ../Core/Src/main.c:21:
../Drivers/STM32F4xx_HAL_Driver/Inc/stm32f4xx_hal_spi.h:680:99: note: expected 'uint8_t *' {aka 'unsigned char *'} but argument is of type 'volatile uint8_t *' {aka 'volatile unsigned char *'}
  680 | HAL_StatusTypeDef HAL_SPI_TransmitReceive_DMA(SPI_HandleTypeDef *hspi, uint8_t *pTxData, uint8_t *pRxData,
      |                                                                                          ~~~~~~~~~^~~~~~~
../Core/Src/main.c: In function 'StartRecivingCommandsNRF24':
../Core/Src/main.c:1296:54: warning: passing argument 2 of 'nRF24_ReadPayload' from incompatible pointer type [-Wincompatible-pointer-types]
 1296 |      pipe = nRF24_ReadPayload((uint8_t*)(&robotPay), &payload_length);
      |                                                      ^~~~~~~~~~~~~~~
      |                                                      |
      |                                                      volatile int *
In file included from ../Core/Src/main.c:30:
../Core/Inc/nrf24.h:244:58: note: expected 'uint8_t *' {aka 'unsigned char *'} but argument is of type 'volatile int *'
  244 | nRF24_RXResult nRF24_ReadPayload(uint8_t *pBuf, uint8_t *length);
      |                                                 ~~~~~~~~~^~~~~~
../Core/Src/main.c: In function 'normalize_v3f':
../Core/Src/main.c:300:1: warning: control reaches end of non-void function [-Wreturn-type]
  300 | }
      | ^
../Core/Src/main.c: In function 'zgladiMotor':
../Core/Src/main.c:313:1: warning: control reaches end of non-void function [-Wreturn-type]
  313 | }
      | ^
arm-none-eabi-gcc -o "RobotFreeRTOS.elf" @"objects.list"   -mcpu=cortex-m4 -T"G:\ROBORACER\RoboRacerCode\RobotFreeRTOS\STM32F411VETX_FLASH.ld" --specs=nosys.specs -Wl,-Map="RobotFreeRTOS.map" -Wl,--gc-sections -static --specs=nano.specs -mfpu=fpv4-sp-d16 -mfloat-abi=hard -mthumb -Wl,--start-group -lc -lm -Wl,--end-group
Finished building target: RobotFreeRTOS.elf
 
arm-none-eabi-size   RobotFreeRTOS.elf 
arm-none-eabi-objdump -h -S  RobotFreeRTOS.elf  > "RobotFreeRTOS.list"
arm-none-eabi-objcopy  -O binary  RobotFreeRTOS.elf  "RobotFreeRTOS.bin"
   text	   data	    bss	    dec	    hex	filename
  82316	    512	  30424	 113252	  1ba64	RobotFreeRTOS.elf
Finished building: default.size.stdout
 
Finished building: RobotFreeRTOS.bin
 
Finished building: RobotFreeRTOS.list
 
12:09:56 **** Incremental Build of configuration Debug for project RobotFreeRTOS ****
make -j12 all 
arm-none-eabi-gcc "../Core/Src/main.c" -mcpu=cortex-m4 -std=gnu11 -g3 -DDEBUG -DUSE_HAL_DRIVER -DSTM32F411xE -c -I../Core/Inc -I../Drivers/STM32F4xx_HAL_Driver/Inc -I../Drivers/STM32F4xx_HAL_Driver/Inc/Legacy -I../Drivers/CMSIS/Device/ST/STM32F4xx/Include -I../Drivers/CMSIS/Include -I../Middlewares/Third_Party/FreeRTOS/Source/include -I../Middlewares/Third_Party/FreeRTOS/Source/CMSIS_RTOS_V2 -I../Middlewares/Third_Party/FreeRTOS/Source/portable/GCC/ARM_CM4F -I../USB_DEVICE/App -I../USB_DEVICE/Target -I../Middlewares/ST/STM32_USB_Device_Library/Core/Inc -I../Middlewares/ST/STM32_USB_Device_Library/Class/CDC/Inc -O0 -ffunction-sections -fdata-sections -Wall -fstack-usage -MMD -MP -MF"Core/Src/main.d" -MT"Core/Src/main.o" --specs=nano.specs -mfpu=fpv4-sp-d16 -mfloat-abi=hard -mthumb -o "Core/Src/main.o"
../Core/Src/main.c: In function 'main':
../Core/Src/main.c:489:39: warning: passing argument 2 of 'HAL_SPI_TransmitReceive_DMA' discards 'volatile' qualifier from pointer target type [-Wdiscarded-qualifiers]
  489 |   HAL_SPI_TransmitReceive_DMA(&hspi5, SpiTxData, SpiRxData, 2); //beremo po dva
      |                                       ^~~~~~~~~
In file included from ../Core/Inc/stm32f4xx_hal_conf.h:398,
                 from ../Drivers/STM32F4xx_HAL_Driver/Inc/stm32f4xx_hal.h:30,
                 from ../Core/Inc/main.h:31,
                 from ../Core/Src/main.c:21:
../Drivers/STM32F4xx_HAL_Driver/Inc/stm32f4xx_hal_spi.h:680:81: note: expected 'uint8_t *' {aka 'unsigned char *'} but argument is of type 'volatile uint8_t *' {aka 'volatile unsigned char *'}
  680 | HAL_StatusTypeDef HAL_SPI_TransmitReceive_DMA(SPI_HandleTypeDef *hspi, uint8_t *pTxData, uint8_t *pRxData,
      |                                                                        ~~~~~~~~~^~~~~~~
../Core/Src/main.c:489:50: warning: passing argument 3 of 'HAL_SPI_TransmitReceive_DMA' discards 'volatile' qualifier from pointer target type [-Wdiscarded-qualifiers]
  489 |   HAL_SPI_TransmitReceive_DMA(&hspi5, SpiTxData, SpiRxData, 2); //beremo po dva
      |                                                  ^~~~~~~~~
In file included from ../Core/Inc/stm32f4xx_hal_conf.h:398,
                 from ../Drivers/STM32F4xx_HAL_Driver/Inc/stm32f4xx_hal.h:30,
                 from ../Core/Inc/main.h:31,
                 from ../Core/Src/main.c:21:
../Drivers/STM32F4xx_HAL_Driver/Inc/stm32f4xx_hal_spi.h:680:99: note: expected 'uint8_t *' {aka 'unsigned char *'} but argument is of type 'volatile uint8_t *' {aka 'volatile unsigned char *'}
  680 | HAL_StatusTypeDef HAL_SPI_TransmitReceive_DMA(SPI_HandleTypeDef *hspi, uint8_t *pTxData, uint8_t *pRxData,
      |                                                                                          ~~~~~~~~~^~~~~~~
../Core/Src/main.c: In function 'StartRecivingCommandsNRF24':
../Core/Src/main.c:1296:54: warning: passing argument 2 of 'nRF24_ReadPayload' from incompatible pointer type [-Wincompatible-pointer-types]
 1296 |      pipe = nRF24_ReadPayload((uint8_t*)(&robotPay), &payload_length);
      |                                                      ^~~~~~~~~~~~~~~
      |                                                      |
      |                                                      volatile int *
In file included from ../Core/Src/main.c:30:
../Core/Inc/nrf24.h:244:58: note: expected 'uint8_t *' {aka 'unsigned char *'} but argument is of type 'volatile int *'
  244 | nRF24_RXResult nRF24_ReadPayload(uint8_t *pBuf, uint8_t *length);
      |                                                 ~~~~~~~~~^~~~~~
../Core/Src/main.c: In function 'normalize_v3f':
../Core/Src/main.c:300:1: warning: control reaches end of non-void function [-Wreturn-type]
  300 | }
      | ^
../Core/Src/main.c: In function 'zgladiMotor':
../Core/Src/main.c:313:1: warning: control reaches end of non-void function [-Wreturn-type]
  313 | }
      | ^
arm-none-eabi-gcc -o "RobotFreeRTOS.elf" @"objects.list"   -mcpu=cortex-m4 -T"G:\ROBORACER\RoboRacerCode\RobotFreeRTOS\STM32F411VETX_FLASH.ld" --specs=nosys.specs -Wl,-Map="RobotFreeRTOS.map" -Wl,--gc-sections -static --specs=nano.specs -mfpu=fpv4-sp-d16 -mfloat-abi=hard -mthumb -Wl,--start-group -lc -lm -Wl,--end-group
Finished building target: RobotFreeRTOS.elf
 
arm-none-eabi-size   RobotFreeRTOS.elf 
arm-none-eabi-objdump -h -S  RobotFreeRTOS.elf  > "RobotFreeRTOS.list"
   text	   data	    bss	    dec	    hex	filename
  82316	    512	  30424	 113252	  1ba64	RobotFreeRTOS.elf
arm-none-eabi-objcopy  -O binary  RobotFreeRTOS.elf  "RobotFreeRTOS.bin"
Finished building: default.size.stdout
 
Finished building: RobotFreeRTOS.bin
 
Finished building: RobotFreeRTOS.list
 
12:26:07 **** Incremental Build of configuration Debug for project RobotFreeRTOS ****
make -j12 all 
arm-none-eabi-gcc "../Core/Src/main.c" -mcpu=cortex-m4 -std=gnu11 -g3 -DDEBUG -DUSE_HAL_DRIVER -DSTM32F411xE -c -I../Core/Inc -I../Drivers/STM32F4xx_HAL_Driver/Inc -I../Drivers/STM32F4xx_HAL_Driver/Inc/Legacy -I../Drivers/CMSIS/Device/ST/STM32F4xx/Include -I../Drivers/CMSIS/Include -I../Middlewares/Third_Party/FreeRTOS/Source/include -I../Middlewares/Third_Party/FreeRTOS/Source/CMSIS_RTOS_V2 -I../Middlewares/Third_Party/FreeRTOS/Source/portable/GCC/ARM_CM4F -I../USB_DEVICE/App -I../USB_DEVICE/Target -I../Middlewares/ST/STM32_USB_Device_Library/Core/Inc -I../Middlewares/ST/STM32_USB_Device_Library/Class/CDC/Inc -O0 -ffunction-sections -fdata-sections -Wall -fstack-usage -MMD -MP -MF"Core/Src/main.d" -MT"Core/Src/main.o" --specs=nano.specs -mfpu=fpv4-sp-d16 -mfloat-abi=hard -mthumb -o "Core/Src/main.o"
../Core/Src/main.c: In function 'main':
../Core/Src/main.c:489:39: warning: passing argument 2 of 'HAL_SPI_TransmitReceive_DMA' discards 'volatile' qualifier from pointer target type [-Wdiscarded-qualifiers]
  489 |   HAL_SPI_TransmitReceive_DMA(&hspi5, SpiTxData, SpiRxData, 2); //beremo po dva
      |                                       ^~~~~~~~~
In file included from ../Core/Inc/stm32f4xx_hal_conf.h:398,
                 from ../Drivers/STM32F4xx_HAL_Driver/Inc/stm32f4xx_hal.h:30,
                 from ../Core/Inc/main.h:31,
                 from ../Core/Src/main.c:21:
../Drivers/STM32F4xx_HAL_Driver/Inc/stm32f4xx_hal_spi.h:680:81: note: expected 'uint8_t *' {aka 'unsigned char *'} but argument is of type 'volatile uint8_t *' {aka 'volatile unsigned char *'}
  680 | HAL_StatusTypeDef HAL_SPI_TransmitReceive_DMA(SPI_HandleTypeDef *hspi, uint8_t *pTxData, uint8_t *pRxData,
      |                                                                        ~~~~~~~~~^~~~~~~
../Core/Src/main.c:489:50: warning: passing argument 3 of 'HAL_SPI_TransmitReceive_DMA' discards 'volatile' qualifier from pointer target type [-Wdiscarded-qualifiers]
  489 |   HAL_SPI_TransmitReceive_DMA(&hspi5, SpiTxData, SpiRxData, 2); //beremo po dva
      |                                                  ^~~~~~~~~
In file included from ../Core/Inc/stm32f4xx_hal_conf.h:398,
                 from ../Drivers/STM32F4xx_HAL_Driver/Inc/stm32f4xx_hal.h:30,
                 from ../Core/Inc/main.h:31,
                 from ../Core/Src/main.c:21:
../Drivers/STM32F4xx_HAL_Driver/Inc/stm32f4xx_hal_spi.h:680:99: note: expected 'uint8_t *' {aka 'unsigned char *'} but argument is of type 'volatile uint8_t *' {aka 'volatile unsigned char *'}
  680 | HAL_StatusTypeDef HAL_SPI_TransmitReceive_DMA(SPI_HandleTypeDef *hspi, uint8_t *pTxData, uint8_t *pRxData,
      |                                                                                          ~~~~~~~~~^~~~~~~
../Core/Src/main.c: In function 'StartRecivingCommandsNRF24':
../Core/Src/main.c:1296:54: warning: passing argument 2 of 'nRF24_ReadPayload' from incompatible pointer type [-Wincompatible-pointer-types]
 1296 |      pipe = nRF24_ReadPayload((uint8_t*)(&robotPay), &payload_length);
      |                                                      ^~~~~~~~~~~~~~~
      |                                                      |
      |                                                      volatile int *
In file included from ../Core/Src/main.c:30:
../Core/Inc/nrf24.h:244:58: note: expected 'uint8_t *' {aka 'unsigned char *'} but argument is of type 'volatile int *'
  244 | nRF24_RXResult nRF24_ReadPayload(uint8_t *pBuf, uint8_t *length);
      |                                                 ~~~~~~~~~^~~~~~
../Core/Src/main.c: In function 'normalize_v3f':
../Core/Src/main.c:300:1: warning: control reaches end of non-void function [-Wreturn-type]
  300 | }
      | ^
../Core/Src/main.c: In function 'zgladiMotor':
../Core/Src/main.c:313:1: warning: control reaches end of non-void function [-Wreturn-type]
  313 | }
      | ^
arm-none-eabi-gcc -o "RobotFreeRTOS.elf" @"objects.list"   -mcpu=cortex-m4 -T"G:\ROBORACER\RoboRacerCode\RobotFreeRTOS\STM32F411VETX_FLASH.ld" --specs=nosys.specs -Wl,-Map="RobotFreeRTOS.map" -Wl,--gc-sections -static --specs=nano.specs -mfpu=fpv4-sp-d16 -mfloat-abi=hard -mthumb -Wl,--start-group -lc -lm -Wl,--end-group
Finished building target: RobotFreeRTOS.elf
 
arm-none-eabi-size   RobotFreeRTOS.elf 
arm-none-eabi-objdump -h -S  RobotFreeRTOS.elf  > "RobotFreeRTOS.list"
arm-none-eabi-objcopy  -O binary  RobotFreeRTOS.elf  "RobotFreeRTOS.bin"
   text	   data	    bss	    dec	    hex	filename
  82316	    512	  30424	 113252	  1ba64	RobotFreeRTOS.elf
Finished building: default.size.stdout
 
Finished building: RobotFreeRTOS.bin
 
Finished building: RobotFreeRTOS.list
 
12:29:13 **** Incremental Build of configuration Debug for project RobotFreeRTOS ****
make -j12 all 
arm-none-eabi-gcc "../Core/Src/main.c" -mcpu=cortex-m4 -std=gnu11 -g3 -DDEBUG -DUSE_HAL_DRIVER -DSTM32F411xE -c -I../Core/Inc -I../Drivers/STM32F4xx_HAL_Driver/Inc -I../Drivers/STM32F4xx_HAL_Driver/Inc/Legacy -I../Drivers/CMSIS/Device/ST/STM32F4xx/Include -I../Drivers/CMSIS/Include -I../Middlewares/Third_Party/FreeRTOS/Source/include -I../Middlewares/Third_Party/FreeRTOS/Source/CMSIS_RTOS_V2 -I../Middlewares/Third_Party/FreeRTOS/Source/portable/GCC/ARM_CM4F -I../USB_DEVICE/App -I../USB_DEVICE/Target -I../Middlewares/ST/STM32_USB_Device_Library/Core/Inc -I../Middlewares/ST/STM32_USB_Device_Library/Class/CDC/Inc -O0 -ffunction-sections -fdata-sections -Wall -fstack-usage -MMD -MP -MF"Core/Src/main.d" -MT"Core/Src/main.o" --specs=nano.specs -mfpu=fpv4-sp-d16 -mfloat-abi=hard -mthumb -o "Core/Src/main.o"
../Core/Src/main.c: In function 'main':
../Core/Src/main.c:489:39: warning: passing argument 2 of 'HAL_SPI_TransmitReceive_DMA' discards 'volatile' qualifier from pointer target type [-Wdiscarded-qualifiers]
  489 |   HAL_SPI_TransmitReceive_DMA(&hspi5, SpiTxData, SpiRxData, 2); //beremo po dva
      |                                       ^~~~~~~~~
In file included from ../Core/Inc/stm32f4xx_hal_conf.h:398,
                 from ../Drivers/STM32F4xx_HAL_Driver/Inc/stm32f4xx_hal.h:30,
                 from ../Core/Inc/main.h:31,
                 from ../Core/Src/main.c:21:
../Drivers/STM32F4xx_HAL_Driver/Inc/stm32f4xx_hal_spi.h:680:81: note: expected 'uint8_t *' {aka 'unsigned char *'} but argument is of type 'volatile uint8_t *' {aka 'volatile unsigned char *'}
  680 | HAL_StatusTypeDef HAL_SPI_TransmitReceive_DMA(SPI_HandleTypeDef *hspi, uint8_t *pTxData, uint8_t *pRxData,
      |                                                                        ~~~~~~~~~^~~~~~~
../Core/Src/main.c:489:50: warning: passing argument 3 of 'HAL_SPI_TransmitReceive_DMA' discards 'volatile' qualifier from pointer target type [-Wdiscarded-qualifiers]
  489 |   HAL_SPI_TransmitReceive_DMA(&hspi5, SpiTxData, SpiRxData, 2); //beremo po dva
      |                                                  ^~~~~~~~~
In file included from ../Core/Inc/stm32f4xx_hal_conf.h:398,
                 from ../Drivers/STM32F4xx_HAL_Driver/Inc/stm32f4xx_hal.h:30,
                 from ../Core/Inc/main.h:31,
                 from ../Core/Src/main.c:21:
../Drivers/STM32F4xx_HAL_Driver/Inc/stm32f4xx_hal_spi.h:680:99: note: expected 'uint8_t *' {aka 'unsigned char *'} but argument is of type 'volatile uint8_t *' {aka 'volatile unsigned char *'}
  680 | HAL_StatusTypeDef HAL_SPI_TransmitReceive_DMA(SPI_HandleTypeDef *hspi, uint8_t *pTxData, uint8_t *pRxData,
      |                                                                                          ~~~~~~~~~^~~~~~~
../Core/Src/main.c: In function 'StartRecivingCommandsNRF24':
../Core/Src/main.c:1296:54: warning: passing argument 2 of 'nRF24_ReadPayload' from incompatible pointer type [-Wincompatible-pointer-types]
 1296 |      pipe = nRF24_ReadPayload((uint8_t*)(&robotPay), &payload_length);
      |                                                      ^~~~~~~~~~~~~~~
      |                                                      |
      |                                                      volatile int *
In file included from ../Core/Src/main.c:30:
../Core/Inc/nrf24.h:244:58: note: expected 'uint8_t *' {aka 'unsigned char *'} but argument is of type 'volatile int *'
  244 | nRF24_RXResult nRF24_ReadPayload(uint8_t *pBuf, uint8_t *length);
      |                                                 ~~~~~~~~~^~~~~~
../Core/Src/main.c: In function 'normalize_v3f':
../Core/Src/main.c:300:1: warning: control reaches end of non-void function [-Wreturn-type]
  300 | }
      | ^
../Core/Src/main.c: In function 'zgladiMotor':
../Core/Src/main.c:313:1: warning: control reaches end of non-void function [-Wreturn-type]
  313 | }
      | ^
arm-none-eabi-gcc -o "RobotFreeRTOS.elf" @"objects.list"   -mcpu=cortex-m4 -T"G:\ROBORACER\RoboRacerCode\RobotFreeRTOS\STM32F411VETX_FLASH.ld" --specs=nosys.specs -Wl,-Map="RobotFreeRTOS.map" -Wl,--gc-sections -static --specs=nano.specs -mfpu=fpv4-sp-d16 -mfloat-abi=hard -mthumb -Wl,--start-group -lc -lm -Wl,--end-group
Finished building target: RobotFreeRTOS.elf
 
arm-none-eabi-size   RobotFreeRTOS.elf 
arm-none-eabi-objdump -h -S  RobotFreeRTOS.elf  > "RobotFreeRTOS.list"
   text	   data	    bss	    dec	    hex	filename
  82316	    512	  30424	 113252	  1ba64	RobotFreeRTOS.elf
arm-none-eabi-objcopy  -O binary  RobotFreeRTOS.elf  "RobotFreeRTOS.bin"
Finished building: default.size.stdout
 
Finished building: RobotFreeRTOS.bin
 
Finished building: RobotFreeRTOS.list
 
