22:27:55 **** Incremental Build of configuration Debug for project IMU_debug ****
make -j12 all 
arm-none-eabi-gcc "../Core/Src/main.c" -mcpu=cortex-m4 -std=gnu11 -g3 -DDEBUG -DUSE_HAL_DRIVER -DSTM32F411xE -c -I../USB_DEVICE/App -I../USB_DEVICE/Target -I../Core/Inc -I../Drivers/STM32F4xx_HAL_Driver/Inc -I../Drivers/STM32F4xx_HAL_Driver/Inc/Legacy -I../Middlewares/ST/STM32_USB_Device_Library/Core/Inc -I../Middlewares/ST/STM32_USB_Device_Library/Class/CDC/Inc -I../Drivers/CMSIS/Device/ST/STM32F4xx/Include -I../Drivers/CMSIS/Include -O0 -ffunction-sections -fdata-sections -Wall -fstack-usage -MMD -MP -MF"Core/Src/main.d" -MT"Core/Src/main.o" --specs=nano.specs -mfpu=fpv4-sp-d16 -mfloat-abi=hard -mthumb -o "Core/Src/main.o"
../Core/Src/main.c: In function 'normalize_v3f':
../Core/Src/main.c:232:1: warning: control reaches end of non-void function [-Wreturn-type]
  232 | }
      | ^
arm-none-eabi-gcc -o "IMU_debug.elf" @"objects.list"   -mcpu=cortex-m4 -T"G:\ROBORACER\RoboRacerCode\IMU_debug\STM32F411VETX_FLASH.ld" --specs=nosys.specs -Wl,-Map="IMU_debug.map" -Wl,--gc-sections -static --specs=nano.specs -mfpu=fpv4-sp-d16 -mfloat-abi=hard -mthumb -Wl,--start-group -lc -lm -Wl,--end-group
Finished building target: IMU_debug.elf
 
arm-none-eabi-size   IMU_debug.elf 
arm-none-eabi-objdump -h -S  IMU_debug.elf  > "IMU_debug.list"
   text	   data	    bss	    dec	    hex	filename
  55612	    504	  10328	  66444	  1038c	IMU_debug.elf
arm-none-eabi-objcopy  -O ihex  IMU_debug.elf  "IMU_debug.hex"
Finished building: default.size.stdout
arm-none-eabi-objcopy  -O binary  IMU_debug.elf  "IMU_debug.bin"
 
Finished building: IMU_debug.hex
Finished building: IMU_debug.bin
 
 
Finished building: IMU_debug.list
 

22:27:58 Build Finished. 0 errors, 1 warnings. (took 2s.268ms)

